
Optional file libmchp_peripheral.a not found

Optional file libmchp_peripheral_32MX795F512H.a not found
Archive member included because of file (symbol)

d:/programs/xc32/bin/bin/../../lib/gcc/pic32mx/4.8.3\libgcc.a(_udivdi3.o)
                              build/default/debug/_ext/101884895/sys_time.o (__udivdi3)
d:/programs/xc32/bin/bin/../../lib/gcc/pic32mx/4.8.3\libgcc.a(floatunsisf.o)
                              build/default/debug/_ext/60169480/plib_i2c5.o (__floatunsisf)
d:/programs/xc32/bin/bin/../../lib/gcc/pic32mx/4.8.3/../../../../pic32mx/lib\libpic32.a(memset.o)
                              build/default/debug/_ext/101884895/sys_time.o (memset)
d:/programs/xc32/bin/bin/../../lib/gcc/pic32mx/4.8.3/../../../../pic32mx/lib\libpic32.a(default-bootstrap-exception-handler.o)
                              C:\Users\samfi\AppData\Local\Temp\ccuXFrqE.o (_bootstrap_exception_handler)
d:/programs/xc32/bin/bin/../../lib/gcc/pic32mx/4.8.3/../../../../pic32mx/lib\libpic32.a(default-on-reset.o)
                              C:\Users\samfi\AppData\Local\Temp\ccuXFrqE.o (_on_reset)
d:/programs/xc32/bin/bin/../../lib/gcc/pic32mx/4.8.3/../../../../pic32mx/lib\libpic32.a(default-on-bootstrap.o)
                              C:\Users\samfi\AppData\Local\Temp\ccuXFrqE.o (_on_bootstrap)
d:/programs/xc32/bin/bin/../../lib/gcc/pic32mx/4.8.3/../../../../pic32mx/lib\libpic32.a(default-nmi-handler.o)
                              C:\Users\samfi\AppData\Local\Temp\ccuXFrqE.o (_nmi_handler)
d:/programs/xc32/bin/bin/../../lib/gcc/pic32mx/4.8.3/../../../../pic32mx/lib\libpic32.a(pic32_data_init.o)
                              C:\Users\samfi\AppData\Local\Temp\ccuXFrqE.o (__pic32_data_init)
d:/programs/xc32/bin/bin/../../lib/gcc/pic32mx/4.8.3/../../../../pic32mx/lib\libpic32.a(general-exception.o)
                              C:\Users\samfi\AppData\Local\Temp\ccuXFrqE.o (_general_exception_context)
d:/programs/xc32/bin/bin/../../lib/gcc/pic32mx/4.8.3/../../../../pic32mx/lib\libpic32.a(vector1.o)
                              C:\Users\samfi\AppData\Local\Temp\ccIQ8Woh.o (__vector_dispatch_1)
d:/programs/xc32/bin/bin/../../lib/gcc/pic32mx/4.8.3/../../../../pic32mx/lib\libpic32.a(vector2.o)
                              C:\Users\samfi\AppData\Local\Temp\ccIQ8Woh.o (__vector_dispatch_2)
d:/programs/xc32/bin/bin/../../lib/gcc/pic32mx/4.8.3/../../../../pic32mx/lib\libpic32.a(vector3.o)
                              C:\Users\samfi\AppData\Local\Temp\ccIQ8Woh.o (__vector_dispatch_3)
d:/programs/xc32/bin/bin/../../lib/gcc/pic32mx/4.8.3/../../../../pic32mx/lib\libpic32.a(vector6.o)
                              C:\Users\samfi\AppData\Local\Temp\ccIQ8Woh.o (__vector_dispatch_6)
d:/programs/xc32/bin/bin/../../lib/gcc/pic32mx/4.8.3/../../../../pic32mx/lib\libpic32.a(vector7.o)
                              C:\Users\samfi\AppData\Local\Temp\ccIQ8Woh.o (__vector_dispatch_7)
d:/programs/xc32/bin/bin/../../lib/gcc/pic32mx/4.8.3/../../../../pic32mx/lib\libpic32.a(vector10.o)
                              C:\Users\samfi\AppData\Local\Temp\ccIQ8Woh.o (__vector_dispatch_10)
d:/programs/xc32/bin/bin/../../lib/gcc/pic32mx/4.8.3/../../../../pic32mx/lib\libpic32.a(vector11.o)
                              C:\Users\samfi\AppData\Local\Temp\ccIQ8Woh.o (__vector_dispatch_11)
d:/programs/xc32/bin/bin/../../lib/gcc/pic32mx/4.8.3/../../../../pic32mx/lib\libpic32.a(vector12.o)
                              C:\Users\samfi\AppData\Local\Temp\ccIQ8Woh.o (__vector_dispatch_12)
d:/programs/xc32/bin/bin/../../lib/gcc/pic32mx/4.8.3/../../../../pic32mx/lib\libpic32.a(vector14.o)
                              C:\Users\samfi\AppData\Local\Temp\ccIQ8Woh.o (__vector_dispatch_14)
d:/programs/xc32/bin/bin/../../lib/gcc/pic32mx/4.8.3/../../../../pic32mx/lib\libpic32.a(vector15.o)
                              C:\Users\samfi\AppData\Local\Temp\ccIQ8Woh.o (__vector_dispatch_15)
d:/programs/xc32/bin/bin/../../lib/gcc/pic32mx/4.8.3/../../../../pic32mx/lib\libpic32.a(vector18.o)
                              C:\Users\samfi\AppData\Local\Temp\ccIQ8Woh.o (__vector_dispatch_18)
d:/programs/xc32/bin/bin/../../lib/gcc/pic32mx/4.8.3/../../../../pic32mx/lib\libpic32.a(vector19.o)
                              C:\Users\samfi\AppData\Local\Temp\ccIQ8Woh.o (__vector_dispatch_19)
d:/programs/xc32/bin/bin/../../lib/gcc/pic32mx/4.8.3/../../../../pic32mx/lib\libpic32.a(vector20.o)
                              C:\Users\samfi\AppData\Local\Temp\ccIQ8Woh.o (__vector_dispatch_20)
d:/programs/xc32/bin/bin/../../lib/gcc/pic32mx/4.8.3/../../../../pic32mx/lib\libpic32.a(vector21.o)
                              C:\Users\samfi\AppData\Local\Temp\ccIQ8Woh.o (__vector_dispatch_21)
d:/programs/xc32/bin/bin/../../lib/gcc/pic32mx/4.8.3/../../../../pic32mx/lib\libpic32.a(vector22.o)
                              C:\Users\samfi\AppData\Local\Temp\ccIQ8Woh.o (__vector_dispatch_22)
d:/programs/xc32/bin/bin/../../lib/gcc/pic32mx/4.8.3/../../../../pic32mx/lib\libpic32.a(vector23.o)
[...]
Memory Configuration

Name             Origin             Length             Attributes
kseg0_data_mem   0x80000000         0x00000200
kseg1_data_mem   0xa0000000         0x00020000         w !x
kseg0_boot_mem   0x9fc00490         0x00000970
kseg1_boot_mem   0xbfc00000         0x00000490
kseg0_program_mem 0x9d000000         0x00080000         xr
exception_mem    0x9fc01000         0x00001000
debug_exec_mem   0xbfc02000         0x00000ff0
config3          0xbfc02ff0         0x00000004
config2          0xbfc02ff4         0x00000004
config1          0xbfc02ff8         0x00000004
config0          0xbfc02ffc         0x00000004
sfrs             0xbf800000         0x00100000
configsfrs       0xbfc02ff0         0x00000010
*default*        0x00000000         0xffffffff

Linker script and memory map


reserve_data_0_kseg0
                0x80000000      0x200
                0x80000000        0x2 SHORT 0x0
                0x000001fd                . = 0x1fd
 *fill*         0x80000002      0x1fb 
                0x80000200                . = ALIGN (0x4)
 *fill*         0x800001fd        0x3 

reserve_data_0_kseg1
                0xa0000000      0x200
                0xa0000000        0x2 SHORT 0x0
                0x000001fd                . = 0x1fd
 *fill*         0xa0000002      0x1fb 
                0xa0000200                . = ALIGN (0x4)
 *fill*         0xa00001fd        0x3 

reserve_boot_0x1fc02000_kseg0
                0x9fc02000      0xff0
                0x9fc02000        0x2 SHORT 0x0
                0x00000500                . = 0x500
 *fill*         0x9fc02002      0x4fe 
                0x9fc02500                . = ALIGN (0x4)
                0x9fc02500        0x2 SHORT 0x0
                0x00000ff0                . = 0xff0
 *fill*         0x9fc02502      0xaee 
                0x9fc02ff0                . = ALIGN (0x4)

reserve_boot_0x1fc02000_kseg1
                0xbfc02000      0xff0
                0xbfc02000        0x2 SHORT 0x0
                0x00000500                . = 0x500
 *fill*         0xbfc02002      0x4fe 
                0xbfc02500                . = ALIGN (0x4)
                0xbfc02500        0x2 SHORT 0x0
                0x00000ff0                . = 0xff0
 *fill*         0xbfc02502      0xaee 
                0xbfc02ff0                . = ALIGN (0x4)
LOAD d:/programs/xc32/bin/bin/../../lib/gcc/pic32mx/4.8.3/../../../../pic32mx/lib\software-debug-break.o
LOAD build/default/debug/MPU6050.o
LOAD build/default/debug/BNO055.o
LOAD build/default/debug/_ext/1360937237/i2c_personal.o
LOAD build/default/debug/_ext/1360937237/interrupt_callbacks.o
LOAD build/default/debug/_ext/1360937237/state_estimation.o
LOAD build/default/debug/_ext/1360937237/uart_bluetooth.o
LOAD build/default/debug/_ext/1865301019/plib_icap4.o
LOAD build/default/debug/_ext/1865301019/plib_icap2.o
LOAD build/default/debug/_ext/1865301019/plib_icap3.o
LOAD build/default/debug/_ext/1360937237/main.o
LOAD build/default/debug/_ext/1171490990/initialization.o
LOAD build/default/debug/_ext/1171490990/interrupts.o
LOAD build/default/debug/_ext/1171490990/exceptions.o
LOAD build/default/debug/_ext/163028504/xc32_monitor.o
LOAD build/default/debug/_ext/60165520/plib_clk.o
LOAD build/default/debug/_ext/1865254177/plib_gpio.o
LOAD build/default/debug/_ext/1865200349/plib_evic.o
LOAD build/default/debug/_ext/1865301019/plib_icap1.o
LOAD build/default/debug/_ext/1865480137/plib_ocmp1.o
LOAD build/default/debug/_ext/1865480137/plib_ocmp4.o
LOAD build/default/debug/_ext/1865480137/plib_ocmp2.o
LOAD build/default/debug/_ext/158385033/drv_i2c.o
LOAD build/default/debug/_ext/1865480137/plib_ocmp3.o
LOAD build/default/debug/_ext/101884895/sys_time.o
LOAD build/default/debug/_ext/1865657120/plib_uart6.o
LOAD build/default/debug/_ext/1249264884/plib_coretimer.o
LOAD build/default/debug/_ext/60181895/plib_tmr4.o
LOAD build/default/debug/_ext/869808652/drv_usart.o
LOAD build/default/debug/_ext/60169480/plib_i2c5.o
LOAD build/default/debug/_ext/60181895/plib_tmr2.o
LOAD build/default/debug/_ext/60181895/plib_tmr3.o
LOAD build/default/debug/_ext/1865638794/plib_tmr1.o
LOAD build/default/debug/_ext/1881668453/sys_int.o
LOAD build/default/debug/_ext/14461671/sys_dma.o
LOAD build/default/debug/_ext/1360937237/app.o
LOAD build/default/debug/_ext/1171490990/tasks.o
                0x00000001                __MPLAB_BUILD = 0x1
                0x00000001                __MPLAB_DEBUG = 0x1
                0x00000001                __DEBUG = 0x1
                0x00000200                _min_heap_size = 0x200
LOAD C:\Users\samfi\AppData\Local\Temp\ccuXFrqE.o
LOAD C:\Users\samfi\AppData\Local\Temp\ccU8psHa.o
LOAD C:\Users\samfi\AppData\Local\Temp\ccIQ8Woh.o
LOAD d:/programs/xc32/bin/bin/../../lib/gcc/pic32mx/4.8.3/../../../../pic32mx/lib\pic32_software_reset.o
                0x00000400                PROVIDE (_min_stack_size, 0x400)
START GROUP
LOAD d:/programs/xc32/bin/bin/../../lib/gcc/pic32mx/4.8.3/../../../../pic32mx/lib/./proc/32MX795F512H\processor.o
END GROUP
START GROUP
LOAD libmchp_peripheral.a
END GROUP
START GROUP
LOAD libmchp_peripheral_32MX795F512H.a
END GROUP
                0x00000001                PROVIDE (_vector_spacing, 0x1)
                0x9fc01000                PROVIDE (_ebase_address, 0x9fc01000)
                0xbfc00000                _RESET_ADDR = 0xbfc00000
                0xbfc00380                _BEV_EXCPT_ADDR = 0xbfc00380
                0xbfc00480                _DBG_EXCPT_ADDR = 0xbfc00480
                0xbfc02000                _DBG_CODE_ADDR = 0xbfc02000
                0x00000ff0                _DBG_CODE_SIZE = 0xff0
                0x9fc01180                _GEN_EXCPT_ADDR = (_ebase_address + 0x180)

.config_BFC02FF0
                0xbfc02ff0        0x4
 *(.config_BFC02FF0)
 .config_BFC02FF0
                0xbfc02ff0        0x4 build/default/debug/_ext/1171490990/initialization.o

.config_BFC02FF4
                0xbfc02ff4        0x4
 *(.config_BFC02FF4)
 .config_BFC02FF4
                0xbfc02ff4        0x4 build/default/debug/_ext/1171490990/initialization.o

.config_BFC02FF8
                0xbfc02ff8        0x4
 *(.config_BFC02FF8)
 .config_BFC02FF8
                0xbfc02ff8        0x4 build/default/debug/_ext/1171490990/initialization.o

.config_BFC02FFC
                0xbfc02ffc        0x4
 *(.config_BFC02FFC)
 .config_BFC02FFC
                0xbfc02ffc        0x4 build/default/debug/_ext/1171490990/initialization.o
                0xbfc02000                PROVIDE (_DBG_CODE_ADDR, 0xbfc02000)
                0x00000ff0                PROVIDE (_DBG_CODE_SIZE, 0xff0)

.reset          0xbfc00000      0x19c
 *(.reset)
 .reset         0xbfc00000        0x8 C:\Users\samfi\AppData\Local\Temp\ccuXFrqE.o
                0xbfc00000                _reset
 *(.reset.startup)
 .reset.startup
                0xbfc00008      0x194 C:\Users\samfi\AppData\Local\Temp\ccuXFrqE.o
                0xbfc00008                _startup

.bev_excpt      0xbfc00380       0x10
 *(.bev_handler)
 .bev_handler   0xbfc00380       0x10 C:\Users\samfi\AppData\Local\Temp\ccuXFrqE.o

.dbg_excpt      0xbfc00480        0x0
                0xbfc00480                . = (. + DEFINED (_DEBUGGER)?0x8:0x0)

.dbg_code       0xbfc02000        0x0
                0xbfc02000                . = (. + DEFINED (_DEBUGGER)?_DBG_CODE_SIZE:0x0)

.app_excpt      0x9fc01180       0x10
 *(.gen_handler)
 .gen_handler   0x9fc01180       0x10 C:\Users\samfi\AppData\Local\Temp\ccuXFrqE.o

.vector_0       0x9fc01200        0x8
 *(.vector_0)
 .vector_0      0x9fc01200        0x8 build/default/debug/_ext/1171490990/interrupts.o
                0x9fc01200                __vector_dispatch_0
                0x00000001                ASSERT (((_vector_spacing == 0x0) || (SIZEOF (.vector_0) <= (_vector_spacing << 0x5))), function at exception vector 0 too large)

.vector_1       0x9fc01220        0x8
 *(.vector_1)
 .vector_1      0x9fc01220        0x8 d:/programs/xc32/bin/bin/../../lib/gcc/pic32mx/4.8.3/../../../../pic32mx/lib\libpic32.a(vector1.o)
                0x9fc01220                __vector_dispatch_1
                0x00000001                ASSERT (((_vector_spacing == 0x0) || (SIZEOF (.vector_1) <= (_vector_spacing << 0x5))), function at exception vector 1 too large)

.vector_2       0x9fc01240        0x8
 *(.vector_2)
 .vector_2      0x9fc01240        0x8 d:/programs/xc32/bin/bin/../../lib/gcc/pic32mx/4.8.3/../../../../pic32mx/lib\libpic32.a(vector2.o)
                0x9fc01240                __vector_dispatch_2
                0x00000001                ASSERT (((_vector_spacing == 0x0) || (SIZEOF (.vector_2) <= (_vector_spacing << 0x5))), function at exception vector 2 too large)

.vector_3       0x9fc01260        0x8
 *(.vector_3)
 .vector_3      0x9fc01260        0x8 d:/programs/xc32/bin/bin/../../lib/gcc/pic32mx/4.8.3/../../../../pic32mx/lib\libpic32.a(vector3.o)
                0x9fc01260                __vector_dispatch_3
                0x00000001                ASSERT (((_vector_spacing == 0x0) || (SIZEOF (.vector_3) <= (_vector_spacing << 0x5))), function at exception vector 3 too large)

.vector_4       0x9fc01280        0x8
 *(.vector_4)
 .vector_4      0x9fc01280        0x8 build/default/debug/_ext/1171490990/interrupts.o
                0x9fc01280                __vector_dispatch_4
                0x00000001                ASSERT (((_vector_spacing == 0x0) || (SIZEOF (.vector_4) <= (_vector_spacing << 0x5))), function at exception vector 4 too large)

.vector_5       0x9fc012a0        0x8
 *(.vector_5)
 .vector_5      0x9fc012a0        0x8 build/default/debug/_ext/1171490990/interrupts.o
                0x9fc012a0                __vector_dispatch_5
                0x00000001                ASSERT (((_vector_spacing == 0x0) || (SIZEOF (.vector_5) <= (_vector_spacing << 0x5))), function at exception vector 5 too large)

.vector_6       0x9fc012c0        0x8
 *(.vector_6)
 .vector_6      0x9fc012c0        0x8 d:/programs/xc32/bin/bin/../../lib/gcc/pic32mx/4.8.3/../../../../pic32mx/lib\libpic32.a(vector6.o)
                0x9fc012c0                __vector_dispatch_6
                0x00000001                ASSERT (((_vector_spacing == 0x0) || (SIZEOF (.vector_6) <= (_vector_spacing << 0x5))), function at exception vector 6 too large)

.vector_7       0x9fc012e0        0x8
 *(.vector_7)
 .vector_7      0x9fc012e0        0x8 d:/programs/xc32/bin/bin/../../lib/gcc/pic32mx/4.8.3/../../../../pic32mx/lib\libpic32.a(vector7.o)
                0x9fc012e0                __vector_dispatch_7
                0x00000001                ASSERT (((_vector_spacing == 0x0) || (SIZEOF (.vector_7) <= (_vector_spacing << 0x5))), function at exception vector 7 too large)

.vector_8       0x9fc01300        0x8
 *(.vector_8)
 .vector_8      0x9fc01300        0x8 build/default/debug/_ext/1171490990/interrupts.o
                0x9fc01300                __vector_dispatch_8
                0x00000001                ASSERT (((_vector_spacing == 0x0) || (SIZEOF (.vector_8) <= (_vector_spacing << 0x5))), function at exception vector 8 too large)

.vector_9       0x9fc01320        0x8
 *(.vector_9)
 .vector_9      0x9fc01320        0x8 build/default/debug/_ext/1171490990/interrupts.o
                0x9fc01320                __vector_dispatch_9
                0x00000001                ASSERT (((_vector_spacing == 0x0) || (SIZEOF (.vector_9) <= (_vector_spacing << 0x5))), function at exception vector 9 too large)

.vector_10      0x9fc01340        0x8
 *(.vector_10)
 .vector_10     0x9fc01340        0x8 d:/programs/xc32/bin/bin/../../lib/gcc/pic32mx/4.8.3/../../../../pic32mx/lib\libpic32.a(vector10.o)
                0x9fc01340                __vector_dispatch_10
                0x00000001                ASSERT (((_vector_spacing == 0x0) || (SIZEOF (.vector_10) <= (_vector_spacing << 0x5))), function at exception vector 10 too large)

.vector_11      0x9fc01360        0x8
 *(.vector_11)
 .vector_11     0x9fc01360        0x8 d:/programs/xc32/bin/bin/../../lib/gcc/pic32mx/4.8.3/../../../../pic32mx/lib\libpic32.a(vector11.o)
                0x9fc01360                __vector_dispatch_11
                0x00000001                ASSERT (((_vector_spacing == 0x0) || (SIZEOF (.vector_11) <= (_vector_spacing << 0x5))), function at exception vector 11 too large)

.vector_12      0x9fc01380        0x8
 *(.vector_12)
 .vector_12     0x9fc01380        0x8 d:/programs/xc32/bin/bin/../../lib/gcc/pic32mx/4.8.3/../../../../pic32mx/lib\libpic32.a(vector12.o)
                0x9fc01380                __vector_dispatch_12
                0x00000001                ASSERT (((_vector_spacing == 0x0) || (SIZEOF (.vector_12) <= (_vector_spacing << 0x5))), function at exception vector 12 too large)

.vector_13      0x9fc013a0        0x8
 *(.vector_13)
 .vector_13     0x9fc013a0        0x8 build/default/debug/_ext/1171490990/interrupts.o
                0x9fc013a0                __vector_dispatch_13
                0x00000001                ASSERT (((_vector_spacing == 0x0) || (SIZEOF (.vector_13) <= (_vector_spacing << 0x5))), function at exception vector 13 too large)

.vector_14      0x9fc013c0        0x8
 *(.vector_14)
 .vector_14     0x9fc013c0        0x8 d:/programs/xc32/bin/bin/../../lib/gcc/pic32mx/4.8.3/../../../../pic32mx/lib\libpic32.a(vector14.o)
                0x9fc013c0                __vector_dispatch_14
                0x00000001                ASSERT (((_vector_spacing == 0x0) || (SIZEOF (.vector_14) <= (_vector_spacing << 0x5))), function at exception vector 14 too large)

.vector_15      0x9fc013e0        0x8
 *(.vector_15)
 .vector_15     0x9fc013e0        0x8 d:/programs/xc32/bin/bin/../../lib/gcc/pic32mx/4.8.3/../../../../pic32mx/lib\libpic32.a(vector15.o)
                0x9fc013e0                __vector_dispatch_15
                0x00000001                ASSERT (((_vector_spacing == 0x0) || (SIZEOF (.vector_15) <= (_vector_spacing << 0x5))), function at exception vector 15 too large)

.vector_16      0x9fc01400        0x8
 *(.vector_16)
 .vector_16     0x9fc01400        0x8 build/default/debug/_ext/1171490990/interrupts.o
                0x9fc01400                __vector_dispatch_16
                0x00000001                ASSERT (((_vector_spacing == 0x0) || (SIZEOF (.vector_16) <= (_vector_spacing << 0x5))), function at exception vector 16 too large)

.vector_17      0x9fc01420        0x8
 *(.vector_17)
 .vector_17     0x9fc01420        0x8 build/default/debug/_ext/1171490990/interrupts.o
                0x9fc01420                __vector_dispatch_17
                0x00000001                ASSERT (((_vector_spacing == 0x0) || (SIZEOF (.vector_17) <= (_vector_spacing << 0x5))), function at exception vector 17 too large)

.vector_18      0x9fc01440        0x8
 *(.vector_18)
 .vector_18     0x9fc01440        0x8 d:/programs/xc32/bin/bin/../../lib/gcc/pic32mx/4.8.3/../../../../pic32mx/lib\libpic32.a(vector18.o)
                0x9fc01440                __vector_dispatch_18
                0x00000001                ASSERT (((_vector_spacing == 0x0) || (SIZEOF (.vector_18) <= (_vector_spacing << 0x5))), function at exception vector 18 too large)

.vector_19      0x9fc01460        0x8
 *(.vector_19)
 .vector_19     0x9fc01460        0x8 d:/programs/xc32/bin/bin/../../lib/gcc/pic32mx/4.8.3/../../../../pic32mx/lib\libpic32.a(vector19.o)
                0x9fc01460                __vector_dispatch_19
                0x00000001                ASSERT (((_vector_spacing == 0x0) || (SIZEOF (.vector_19) <= (_vector_spacing << 0x5))), function at exception vector 19 too large)

.vector_20      0x9fc01480        0x8
 *(.vector_20)
 .vector_20     0x9fc01480        0x8 d:/programs/xc32/bin/bin/../../lib/gcc/pic32mx/4.8.3/../../../../pic32mx/lib\libpic32.a(vector20.o)
                0x9fc01480                __vector_dispatch_20
                0x00000001                ASSERT (((_vector_spacing == 0x0) || (SIZEOF (.vector_20) <= (_vector_spacing << 0x5))), function at exception vector 20 too large)

.vector_21      0x9fc014a0        0x8
 *(.vector_21)
 .vector_21     0x9fc014a0        0x8 d:/programs/xc32/bin/bin/../../lib/gcc/pic32mx/4.8.3/../../../../pic32mx/lib\libpic32.a(vector21.o)
                0x9fc014a0                __vector_dispatch_21
                0x00000001                ASSERT (((_vector_spacing == 0x0) || (SIZEOF (.vector_21) <= (_vector_spacing << 0x5))), function at exception vector 21 too large)

.vector_22      0x9fc014c0        0x8
 *(.vector_22)
 .vector_22     0x9fc014c0        0x8 d:/programs/xc32/bin/bin/../../lib/gcc/pic32mx/4.8.3/../../../../pic32mx/lib\libpic32.a(vector22.o)
                0x9fc014c0                __vector_dispatch_22
                0x00000001                ASSERT (((_vector_spacing == 0x0) || (SIZEOF (.vector_22) <= (_vector_spacing << 0x5))), function at exception vector 22 too large)

.vector_23      0x9fc014e0        0x8
 *(.vector_23)
 .vector_23     0x9fc014e0        0x8 d:/programs/xc32/bin/bin/../../lib/gcc/pic32mx/4.8.3/../../../../pic32mx/lib\libpic32.a(vector23.o)
                0x9fc014e0                __vector_dispatch_23
                0x00000001                ASSERT (((_vector_spacing == 0x0) || (SIZEOF (.vector_23) <= (_vector_spacing << 0x5))), function at exception vector 23 too large)

.vector_24      0x9fc01500        0x8
 *(.vector_24)
 .vector_24     0x9fc01500        0x8 d:/programs/xc32/bin/bin/../../lib/gcc/pic32mx/4.8.3/../../../../pic32mx/lib\libpic32.a(vector24.o)
                0x9fc01500                __vector_dispatch_24
                0x00000001                ASSERT (((_vector_spacing == 0x0) || (SIZEOF (.vector_24) <= (_vector_spacing << 0x5))), function at exception vector 24 too large)

.vector_25      0x9fc01520        0x8
 *(.vector_25)
 .vector_25     0x9fc01520        0x8 d:/programs/xc32/bin/bin/../../lib/gcc/pic32mx/4.8.3/../../../../pic32mx/lib\libpic32.a(vector25.o)
                0x9fc01520                __vector_dispatch_25
                0x00000001                ASSERT (((_vector_spacing == 0x0) || (SIZEOF (.vector_25) <= (_vector_spacing << 0x5))), function at exception vector 25 too large)

.vector_26      0x9fc01540        0x8
 *(.vector_26)
 .vector_26     0x9fc01540        0x8 d:/programs/xc32/bin/bin/../../lib/gcc/pic32mx/4.8.3/../../../../pic32mx/lib\libpic32.a(vector26.o)
                0x9fc01540                __vector_dispatch_26
                0x00000001                ASSERT (((_vector_spacing == 0x0) || (SIZEOF (.vector_26) <= (_vector_spacing << 0x5))), function at exception vector 26 too large)

.vector_27      0x9fc01560        0x8
 *(.vector_27)
 .vector_27     0x9fc01560        0x8 d:/programs/xc32/bin/bin/../../lib/gcc/pic32mx/4.8.3/../../../../pic32mx/lib\libpic32.a(vector27.o)
                0x9fc01560                __vector_dispatch_27
                0x00000001                ASSERT (((_vector_spacing == 0x0) || (SIZEOF (.vector_27) <= (_vector_spacing << 0x5))), function at exception vector 27 too large)

.vector_28      0x9fc01580        0x8
 *(.vector_28)
 .vector_28     0x9fc01580        0x8 d:/programs/xc32/bin/bin/../../lib/gcc/pic32mx/4.8.3/../../../../pic32mx/lib\libpic32.a(vector28.o)
                0x9fc01580                __vector_dispatch_28
                0x00000001                ASSERT (((_vector_spacing == 0x0) || (SIZEOF (.vector_28) <= (_vector_spacing << 0x5))), function at exception vector 28 too large)

.vector_29      0x9fc015a0        0x8
 *(.vector_29)
 .vector_29     0x9fc015a0        0x8 d:/programs/xc32/bin/bin/../../lib/gcc/pic32mx/4.8.3/../../../../pic32mx/lib\libpic32.a(vector29.o)
                0x9fc015a0                __vector_dispatch_29
                0x00000001                ASSERT (((_vector_spacing == 0x0) || (SIZEOF (.vector_29) <= (_vector_spacing << 0x5))), function at exception vector 29 too large)

.vector_30      0x9fc015c0        0x8
 *(.vector_30)
 .vector_30     0x9fc015c0        0x8 d:/programs/xc32/bin/bin/../../lib/gcc/pic32mx/4.8.3/../../../../pic32mx/lib\libpic32.a(vector30.o)
                0x9fc015c0                __vector_dispatch_30
                0x00000001                ASSERT (((_vector_spacing == 0x0) || (SIZEOF (.vector_30) <= (_vector_spacing << 0x5))), function at exception vector 30 too large)

.vector_31      0x9fc015e0        0x8
 *(.vector_31)
 .vector_31     0x9fc015e0        0x8 d:/programs/xc32/bin/bin/../../lib/gcc/pic32mx/4.8.3/../../../../pic32mx/lib\libpic32.a(vector31.o)
                0x9fc015e0                __vector_dispatch_31
                0x00000001                ASSERT (((_vector_spacing == 0x0) || (SIZEOF (.vector_31) <= (_vector_spacing << 0x5))), function at exception vector 31 too large)

.vector_32      0x9fc01600        0x8
 *(.vector_32)
 .vector_32     0x9fc01600        0x8 build/default/debug/_ext/1171490990/interrupts.o
                0x9fc01600                __vector_dispatch_32
                0x00000001                ASSERT (((_vector_spacing == 0x0) || (SIZEOF (.vector_32) <= (_vector_spacing << 0x5))), function at exception vector 32 too large)

.vector_33      0x9fc01620        0x8
 *(.vector_33)
 .vector_33     0x9fc01620        0x8 d:/programs/xc32/bin/bin/../../lib/gcc/pic32mx/4.8.3/../../../../pic32mx/lib\libpic32.a(vector33.o)
                0x9fc01620                __vector_dispatch_33
                0x00000001                ASSERT (((_vector_spacing == 0x0) || (SIZEOF (.vector_33) <= (_vector_spacing << 0x5))), function at exception vector 33 too large)

.vector_34      0x9fc01640        0x8
 *(.vector_34)
 .vector_34     0x9fc01640        0x8 d:/programs/xc32/bin/bin/../../lib/gcc/pic32mx/4.8.3/../../../../pic32mx/lib\libpic32.a(vector34.o)
                0x9fc01640                __vector_dispatch_34
                0x00000001                ASSERT (((_vector_spacing == 0x0) || (SIZEOF (.vector_34) <= (_vector_spacing << 0x5))), function at exception vector 34 too large)

.vector_35      0x9fc01660        0x8
 *(.vector_35)
 .vector_35     0x9fc01660        0x8 d:/programs/xc32/bin/bin/../../lib/gcc/pic32mx/4.8.3/../../../../pic32mx/lib\libpic32.a(vector35.o)
                0x9fc01660                __vector_dispatch_35
                0x00000001                ASSERT (((_vector_spacing == 0x0) || (SIZEOF (.vector_35) <= (_vector_spacing << 0x5))), function at exception vector 35 too large)

.vector_36      0x9fc01680        0x8
 *(.vector_36)
 .vector_36     0x9fc01680        0x8 d:/programs/xc32/bin/bin/../../lib/gcc/pic32mx/4.8.3/../../../../pic32mx/lib\libpic32.a(vector36.o)
                0x9fc01680                __vector_dispatch_36
                0x00000001                ASSERT (((_vector_spacing == 0x0) || (SIZEOF (.vector_36) <= (_vector_spacing << 0x5))), function at exception vector 36 too large)

.vector_37      0x9fc016a0        0x8
 *(.vector_37)
 .vector_37     0x9fc016a0        0x8 d:/programs/xc32/bin/bin/../../lib/gcc/pic32mx/4.8.3/../../../../pic32mx/lib\libpic32.a(vector37.o)
                0x9fc016a0                __vector_dispatch_37
                0x00000001                ASSERT (((_vector_spacing == 0x0) || (SIZEOF (.vector_37) <= (_vector_spacing << 0x5))), function at exception vector 37 too large)

.vector_38      0x9fc016c0        0x8
 *(.vector_38)
 .vector_38     0x9fc016c0        0x8 d:/programs/xc32/bin/bin/../../lib/gcc/pic32mx/4.8.3/../../../../pic32mx/lib\libpic32.a(vector38.o)
                0x9fc016c0                __vector_dispatch_38
                0x00000001                ASSERT (((_vector_spacing == 0x0) || (SIZEOF (.vector_38) <= (_vector_spacing << 0x5))), function at exception vector 38 too large)

.vector_39      0x9fc016e0        0x8
 *(.vector_39)
 .vector_39     0x9fc016e0        0x8 d:/programs/xc32/bin/bin/../../lib/gcc/pic32mx/4.8.3/../../../../pic32mx/lib\libpic32.a(vector39.o)
                0x9fc016e0                __vector_dispatch_39
                0x00000001                ASSERT (((_vector_spacing == 0x0) || (SIZEOF (.vector_39) <= (_vector_spacing << 0x5))), function at exception vector 39 too large)

.vector_40      0x9fc01700        0x8
 *(.vector_40)
 .vector_40     0x9fc01700        0x8 d:/programs/xc32/bin/bin/../../lib/gcc/pic32mx/4.8.3/../../../../pic32mx/lib\libpic32.a(vector40.o)
                0x9fc01700                __vector_dispatch_40
                0x00000001                ASSERT (((_vector_spacing == 0x0) || (SIZEOF (.vector_40) <= (_vector_spacing << 0x5))), function at exception vector 40 too large)

.vector_41      0x9fc01720        0x8
 *(.vector_41)
 .vector_41     0x9fc01720        0x8 d:/programs/xc32/bin/bin/../../lib/gcc/pic32mx/4.8.3/../../../../pic32mx/lib\libpic32.a(vector41.o)
                0x9fc01720                __vector_dispatch_41
                0x00000001                ASSERT (((_vector_spacing == 0x0) || (SIZEOF (.vector_41) <= (_vector_spacing << 0x5))), function at exception vector 41 too large)

.vector_42      0x9fc01740        0x8
 *(.vector_42)
 .vector_42     0x9fc01740        0x8 d:/programs/xc32/bin/bin/../../lib/gcc/pic32mx/4.8.3/../../../../pic32mx/lib\libpic32.a(vector42.o)
                0x9fc01740                __vector_dispatch_42
                0x00000001                ASSERT (((_vector_spacing == 0x0) || (SIZEOF (.vector_42) <= (_vector_spacing << 0x5))), function at exception vector 42 too large)

.vector_43      0x9fc01760        0x8
 *(.vector_43)
 .vector_43     0x9fc01760        0x8 d:/programs/xc32/bin/bin/../../lib/gcc/pic32mx/4.8.3/../../../../pic32mx/lib\libpic32.a(vector43.o)
                0x9fc01760                __vector_dispatch_43
                0x00000001                ASSERT (((_vector_spacing == 0x0) || (SIZEOF (.vector_43) <= (_vector_spacing << 0x5))), function at exception vector 43 too large)

.vector_44      0x9fc01780        0x8
 *(.vector_44)
 .vector_44     0x9fc01780        0x8 d:/programs/xc32/bin/bin/../../lib/gcc/pic32mx/4.8.3/../../../../pic32mx/lib\libpic32.a(vector44.o)
                0x9fc01780                __vector_dispatch_44
                0x00000001                ASSERT (((_vector_spacing == 0x0) || (SIZEOF (.vector_44) <= (_vector_spacing << 0x5))), function at exception vector 44 too large)

.vector_45      0x9fc017a0        0x8
 *(.vector_45)
 .vector_45     0x9fc017a0        0x8 d:/programs/xc32/bin/bin/../../lib/gcc/pic32mx/4.8.3/../../../../pic32mx/lib\libpic32.a(vector45.o)
                0x9fc017a0                __vector_dispatch_45
                0x00000001                ASSERT (((_vector_spacing == 0x0) || (SIZEOF (.vector_45) <= (_vector_spacing << 0x5))), function at exception vector 45 too large)

.vector_46      0x9fc017c0        0x8
 *(.vector_46)
 .vector_46     0x9fc017c0        0x8 d:/programs/xc32/bin/bin/../../lib/gcc/pic32mx/4.8.3/../../../../pic32mx/lib\libpic32.a(vector46.o)
                0x9fc017c0                __vector_dispatch_46
                0x00000001                ASSERT (((_vector_spacing == 0x0) || (SIZEOF (.vector_46) <= (_vector_spacing << 0x5))), function at exception vector 46 too large)

.vector_47      0x9fc017e0        0x8
 *(.vector_47)
 .vector_47     0x9fc017e0        0x8 d:/programs/xc32/bin/bin/../../lib/gcc/pic32mx/4.8.3/../../../../pic32mx/lib\libpic32.a(vector47.o)
                0x9fc017e0                __vector_dispatch_47
                0x00000001                ASSERT (((_vector_spacing == 0x0) || (SIZEOF (.vector_47) <= (_vector_spacing << 0x5))), function at exception vector 47 too large)

.vector_48      0x9fc01800        0x8
 *(.vector_48)
 .vector_48     0x9fc01800        0x8 d:/programs/xc32/bin/bin/../../lib/gcc/pic32mx/4.8.3/../../../../pic32mx/lib\libpic32.a(vector48.o)
                0x9fc01800                __vector_dispatch_48
                0x00000001                ASSERT (((_vector_spacing == 0x0) || (SIZEOF (.vector_48) <= (_vector_spacing << 0x5))), function at exception vector 48 too large)

.vector_49      0x9fc01820        0x8
 *(.vector_49)
 .vector_49     0x9fc01820        0x8 d:/programs/xc32/bin/bin/../../lib/gcc/pic32mx/4.8.3/../../../../pic32mx/lib\libpic32.a(vector49.o)
                0x9fc01820                __vector_dispatch_49
                0x00000001                ASSERT (((_vector_spacing == 0x0) || (SIZEOF (.vector_49) <= (_vector_spacing << 0x5))), function at exception vector 49 too large)

.vector_50      0x9fc01840        0x8
 *(.vector_50)
 .vector_50     0x9fc01840        0x8 build/default/debug/_ext/1171490990/interrupts.o
                0x9fc01840                __vector_dispatch_50
                0x00000001                ASSERT (((_vector_spacing == 0x0) || (SIZEOF (.vector_50) <= (_vector_spacing << 0x5))), function at exception vector 50 too large)

.vector_51      0x9fc01860        0x8
 *(.vector_51)
 .vector_51     0x9fc01860        0x8 d:/programs/xc32/bin/bin/../../lib/gcc/pic32mx/4.8.3/../../../../pic32mx/lib\libpic32.a(vector51.o)
                0x9fc01860                __vector_dispatch_51
                0x00000001                ASSERT (((_vector_spacing == 0x0) || (SIZEOF (.vector_51) <= (_vector_spacing << 0x5))), function at exception vector 51 too large)

.vector_52      0x9fc01880        0x0
 *(.vector_52)
                0x00000001                ASSERT (((_vector_spacing == 0x0) || (SIZEOF (.vector_52) <= (_vector_spacing << 0x5))), function at exception vector 52 too large)

.vector_53      0x9fc018a0        0x0
 *(.vector_53)
                0x00000001                ASSERT (((_vector_spacing == 0x0) || (SIZEOF (.vector_53) <= (_vector_spacing << 0x5))), function at exception vector 53 too large)

.vector_54      0x9fc018c0        0x0
 *(.vector_54)
                0x00000001                ASSERT (((_vector_spacing == 0x0) || (SIZEOF (.vector_54) <= (_vector_spacing << 0x5))), function at exception vector 54 too large)

.vector_55      0x9fc018e0        0x0
 *(.vector_55)
                0x00000001                ASSERT (((_vector_spacing == 0x0) || (SIZEOF (.vector_55) <= (_vector_spacing << 0x5))), function at exception vector 55 too large)

.vector_56      0x9fc01900        0x0
 *(.vector_56)
                0x00000001                ASSERT (((_vector_spacing == 0x0) || (SIZEOF (.vector_56) <= (_vector_spacing << 0x5))), function at exception vector 56 too large)

.vector_57      0x9fc01920        0x0
 *(.vector_57)
                0x00000001                ASSERT (((_vector_spacing == 0x0) || (SIZEOF (.vector_57) <= (_vector_spacing << 0x5))), function at exception vector 57 too large)

.vector_58      0x9fc01940        0x0
 *(.vector_58)
                0x00000001                ASSERT (((_vector_spacing == 0x0) || (SIZEOF (.vector_58) <= (_vector_spacing << 0x5))), function at exception vector 58 too large)

.vector_59      0x9fc01960        0x0
 *(.vector_59)
                0x00000001                ASSERT (((_vector_spacing == 0x0) || (SIZEOF (.vector_59) <= (_vector_spacing << 0x5))), function at exception vector 59 too large)

.vector_60      0x9fc01980        0x0
 *(.vector_60)
                0x00000001                ASSERT (((_vector_spacing == 0x0) || (SIZEOF (.vector_60) <= (_vector_spacing << 0x5))), function at exception vector 60 too large)

.vector_61      0x9fc019a0        0x0
 *(.vector_61)
                0x00000001                ASSERT (((_vector_spacing == 0x0) || (SIZEOF (.vector_61) <= (_vector_spacing << 0x5))), function at exception vector 61 too large)

.vector_62      0x9fc019c0        0x0
 *(.vector_62)
                0x00000001                ASSERT (((_vector_spacing == 0x0) || (SIZEOF (.vector_62) <= (_vector_spacing << 0x5))), function at exception vector 62 too large)

.vector_63      0x9fc019e0        0x0
 *(.vector_63)
                0x00000001                ASSERT (((_vector_spacing == 0x0) || (SIZEOF (.vector_63) <= (_vector_spacing << 0x5))), function at exception vector 63 too large)

.startup
 *(.startup)

.text           0x9d000000        0x0
 *(.stub .gnu.linkonce.t.*)
 *(.text.*personality*)
 *(.mips16.fn.*)
 *(.mips16.call.*)
 *(.gnu.warning)
                0x9d000000                . = ALIGN (0x4)

.init           0x9d000000        0x0
 *crti.o(.init)
 *crtbegin.o(.init)
 *(EXCLUDE_FILE(*crtn.o *crtend?.o *crtend.o) .init)
 *crtend.o(.init)
 *crtn.o(.init)
                0x9d000000                . = ALIGN (0x4)

.fini           0x9d000000        0x0
 *(.fini)
                0x9d000000                . = ALIGN (0x4)

.preinit_array  0x9d000000        0x0
                0x9d000000                PROVIDE (__preinit_array_start, .)
 *(.preinit_array)
                0x9d000000                PROVIDE (__preinit_array_end, .)
                0x9d000000                . = ALIGN (0x4)

.init_array     0x9d000000        0x0
                0x9d000000                PROVIDE (__init_array_start, .)
 *(SORT(.init_array.*))
 *(.init_array)
                0x9d000000                PROVIDE (__init_array_end, .)
                0x9d000000                . = ALIGN (0x4)

.fini_array     0x9d000000        0x0
                0x9d000000                PROVIDE (__fini_array_start, .)
 *(SORT(.fini_array.*))
 *(.fini_array)
                0x9d000000                PROVIDE (__fini_array_end, .)
                0x9d000000                . = ALIGN (0x4)

.ctors          0x9d000000        0x0
 *crtbegin.o(.ctors)
 *crtbegin?.o(.ctors)
 *(EXCLUDE_FILE(*crtend?.o *crtend.o) .ctors)
 *(SORT(.ctors.*))
 *(.ctors)
                0x9d000000                . = ALIGN (0x4)

.dtors          0x9d000000        0x0
 *crtbegin.o(.dtors)
 *crtbegin?.o(.dtors)
 *(EXCLUDE_FILE(*crtend?.o *crtend.o) .dtors)
 *(SORT(.dtors.*))
 *(.dtors)
                0x9d000000                . = ALIGN (0x4)

.rodata         0x9d000000        0x0
 *(.gnu.linkonce.r.*)
 *(.rodata1)
                0x9d000000                . = ALIGN (0x4)

.sdata2         0x9fc00490        0x0
 *(.sdata2 .sdata2.* .gnu.linkonce.s2.*)
                0x9fc00490                . = ALIGN (0x4)

.sbss2          0x9fc00490        0x0
 *(.sbss2 .sbss2.* .gnu.linkonce.sb2.*)
                0x9fc00490                . = ALIGN (0x4)

.eh_frame_hdr
 *(.eh_frame_hdr)
                0x9fc00490                . = ALIGN (0x4)

.eh_frame
 *(.eh_frame)
                0x9fc00490                . = ALIGN (0x4)

.gcc_except_table
 *(.gcc_except_table .gcc_except_table.*)
                0x9fc00490                . = ALIGN (0x4)

.dbg_data       0xa0000200        0x0
                0xa0000200                . = (. + DEFINED (_DEBUGGER)?0x200:0x0)

.jcr            0xa0000200        0x0
 *(.jcr)
                0xa0000200                . = ALIGN (0x4)

.eh_frame
 *(.eh_frame)
                0xa0000200                . = ALIGN (0x4)

.gcc_except_table
 *(.gcc_except_table .gcc_except_table.*)
                0xa0000200                . = ALIGN (0x4)

.persist        0xa0000200        0x0
                0xa0000200                _persist_begin = .
 *(.persist .persist.*)
 *(.pbss .pbss.*)
                0xa0000200                . = ALIGN (0x4)
                0xa0000200                _persist_end = .

.data           0xa0000200        0x0
 *(.gnu.linkonce.d.*)
 *(.data1)
                0xa0000200                . = ALIGN (0x4)
                0xa0000200                . = .
                0xa00081f0                _gp = (ALIGN (0x10) + 0x7ff0)

.got            0xa0000200        0x0
 *(.got.plt)
 *(.got)
                0xa0000200                . = ALIGN (0x4)

.sdata          0xa0000200       0x20
                0xa0000200                _sdata_begin = .
 *(.sdata .sdata.* .gnu.linkonce.s.*)
 .sdata         0xa0000200        0x4 build/default/debug/MPU6050.o
                0xa0000200                timer2
 .sdata         0xa0000204        0x4 build/default/debug/BNO055.o
                0xa0000204                timer
 .sdata         0xa0000208        0x2 build/default/debug/_ext/101884895/sys_time.o
 *fill*         0xa000020a        0x2 
 .sdata         0xa000020c       0x14 build/default/debug/_ext/1360937237/app.o
                0xa000020c                delay_timer
                0xa0000210                icap4
                0xa0000212                icap3
                0xa0000214                pw_receiverx
                0xa0000216                pw_receivery
                0xa0000218                msg
                0xa000021c                r
                0xa0000220                . = ALIGN (0x4)
                0xa0000220                _sdata_end = .

.lit8
 *(.lit8)

.lit4
 *(.lit4)
                0xa0000220                . = ALIGN (0x4)
                0xa0000220                _data_end = .
                0xa0000220                _bss_begin = .

.sbss           0xa0000220       0xac
                0xa0000220                _sbss_begin = .
 *(.dynsbss)
 *(.sbss .sbss.* .gnu.linkonce.sb.*)
 .sbss          0xa0000220        0xc build/default/debug/_ext/1171490990/exceptions.o
 .sbss          0xa000022c        0x8 build/default/debug/_ext/60181895/plib_tmr4.o
 .sbss          0xa0000234        0x8 build/default/debug/_ext/60181895/plib_tmr2.o
 .sbss          0xa000023c        0x8 build/default/debug/_ext/1865638794/plib_tmr1.o
 .sbss          0xa0000244       0x14 build/default/debug/_ext/1360937237/app.o
                0xa0000244                counter_outer
                0xa0000248                output_inner_x
                0xa000024c                throttle
                0xa0000250                counter1
                0xa0000254                counter
 *(.scommon)
 .scommon       0xa0000258        0x0 build/default/debug/BNO055.o
 .scommon       0xa0000258        0x4 build/default/debug/_ext/1360937237/i2c_personal.o
                0xa0000258                global_data
 .scommon       0xa000025c        0x0 build/default/debug/_ext/1360937237/interrupt_callbacks.o
 .scommon       0xa000025c        0x4 build/default/debug/_ext/1360937237/uart_bluetooth.o
                0xa000025c                uart_bluetoothData
 .scommon       0xa0000260        0x8 build/default/debug/_ext/1865301019/plib_icap4.o
                0xa0000260                icap4Obj
 .scommon       0xa0000268        0x8 build/default/debug/_ext/1865301019/plib_icap2.o
                0xa0000268                icap2Obj
 .scommon       0xa0000270        0x8 build/default/debug/_ext/1865301019/plib_icap3.o
                0xa0000270                icap3Obj
 .scommon       0xa0000278        0x8 build/default/debug/_ext/1865301019/plib_icap1.o
                0xa0000278                icap1Obj
 .scommon       0xa0000280        0x8 build/default/debug/_ext/1249264884/plib_coretimer.o
                0xa0000280                coreTmr
 .scommon       0xa0000288       0x44 build/default/debug/_ext/1360937237/app.o
                0xa0000288                output_outer_roll
                0xa000028c                uart_errors
                0xa0000290                output_inner_yaw
                0xa0000294                motor_outputs
                0xa000029c                output_inner_pitch
                0xa00002a0                i2cerror
                0xa00002a4                output_outer_pitch
                0xa00002a8                controller
                0xa00002b0                sensors
                0xa00002b8                isdataready
                0xa00002bc                output_inner_roll
                0xa00002c0                buffi2ctx
                0xa00002c4                i2cevent
                0xa00002c8                output_outer_yaw
                0xa00002cc                _sbss_end = .
                0xa00002cc                . = ALIGN (0x4)

.bss            0xa00002cc      0x4d8
 *(.dynbss)
 *(COMMON)
 COMMON         0xa00002cc        0xc build/default/debug/_ext/1171490990/initialization.o
                0xa00002cc                sysObj
 COMMON         0xa00002d8       0x30 build/default/debug/_ext/1865657120/plib_uart6.o
                0xa00002d8                uart6Obj
 COMMON         0xa0000308      0x49c build/default/debug/_ext/1360937237/app.o
                0xa0000308                attitude_sensor
                0xa0000320                bno055
                0xa0000344                mpu6050
                0xa0000368                buffi2c
                0xa0000378                appData
                0xa0000390                eulerAngles
                0xa000039c                sensor_list
                0xa0000644                uart_buffer
                0xa0000664                accelGyro
                0xa0000670                uartTxBuffer
                0xa0000690                pid_inner
                0xa00006fc                attitude_desired
                0xa0000714                pid_inner_x
                0xa0000738                pid_outer
                0xa00007a4                . = ALIGN ((. != 0x0)?0x4:0x1)
                0xa00007a4                . = ALIGN (0x4)
                0xa00007a4                _end = .
                0xa00007a4                _bss_end = .
                0x00020000                _bmxdudba_address = 0x20000
                0x00020000                _bmxdupba_address = 0x20000

/DISCARD/
 *(.pdr)
 *(.rel.dyn)
 *(.note.GNU-stack)
 *(.note.GNU-stack)
 *(.gnu_debuglink)
 *(.gnu.lto_*)
 *(.discard)

.gptab.sdata
 *(.gptab.data)
 *(.gptab.sdata)

.gptab.sbss
 *(.gptab.bss)
 *(.gptab.sbss)

.mdebug.abi32   0xa00007a4        0x0
 *(.mdebug.abi32)
 .mdebug.abi32  0xa00007a4        0x0 d:/programs/xc32/bin/bin/../../lib/gcc/pic32mx/4.8.3/../../../../pic32mx/lib\software-debug-break.o
 .mdebug.abi32  0xa00007a4        0x0 build/default/debug/MPU6050.o
 .mdebug.abi32  0xa00007a4        0x0 build/default/debug/BNO055.o
 .mdebug.abi32  0xa00007a4        0x0 build/default/debug/_ext/1360937237/i2c_personal.o
 .mdebug.abi32  0xa00007a4        0x0 build/default/debug/_ext/1360937237/interrupt_callbacks.o
 .mdebug.abi32  0xa00007a4        0x0 build/default/debug/_ext/1360937237/state_estimation.o
 .mdebug.abi32  0xa00007a4        0x0 build/default/debug/_ext/1360937237/uart_bluetooth.o
 .mdebug.abi32  0xa00007a4        0x0 build/default/debug/_ext/1865301019/plib_icap4.o
 .mdebug.abi32  0xa00007a4        0x0 build/default/debug/_ext/1865301019/plib_icap2.o
 .mdebug.abi32  0xa00007a4        0x0 build/default/debug/_ext/1865301019/plib_icap3.o
 .mdebug.abi32  0xa00007a4        0x0 build/default/debug/_ext/1360937237/main.o
 .mdebug.abi32  0xa00007a4        0x0 build/default/debug/_ext/1171490990/initialization.o
 .mdebug.abi32  0xa00007a4        0x0 build/default/debug/_ext/1171490990/interrupts.o
 .mdebug.abi32  0xa00007a4        0x0 build/default/debug/_ext/1171490990/exceptions.o
 .mdebug.abi32  0xa00007a4        0x0 build/default/debug/_ext/163028504/xc32_monitor.o
 .mdebug.abi32  0xa00007a4        0x0 build/default/debug/_ext/60165520/plib_clk.o
 .mdebug.abi32  0xa00007a4        0x0 build/default/debug/_ext/1865254177/plib_gpio.o
 .mdebug.abi32  0xa00007a4        0x0 build/default/debug/_ext/1865200349/plib_evic.o
 .mdebug.abi32  0xa00007a4        0x0 build/default/debug/_ext/1865301019/plib_icap1.o
 .mdebug.abi32  0xa00007a4        0x0 build/default/debug/_ext/1865480137/plib_ocmp1.o
 .mdebug.abi32  0xa00007a4        0x0 build/default/debug/_ext/1865480137/plib_ocmp4.o
 .mdebug.abi32  0xa00007a4        0x0 build/default/debug/_ext/1865480137/plib_ocmp2.o
 .mdebug.abi32  0xa00007a4        0x0 build/default/debug/_ext/158385033/drv_i2c.o
 .mdebug.abi32  0xa00007a4        0x0 build/default/debug/_ext/1865480137/plib_ocmp3.o
 .mdebug.abi32  0xa00007a4        0x0 build/default/debug/_ext/101884895/sys_time.o
 .mdebug.abi32  0xa00007a4        0x0 build/default/debug/_ext/1865657120/plib_uart6.o
 .mdebug.abi32  0xa00007a4        0x0 build/default/debug/_ext/1249264884/plib_coretimer.o
 .mdebug.abi32  0xa00007a4        0x0 build/default/debug/_ext/60181895/plib_tmr4.o
 .mdebug.abi32  0xa00007a4        0x0 build/default/debug/_ext/869808652/drv_usart.o
 .mdebug.abi32  0xa00007a4        0x0 build/default/debug/_ext/60169480/plib_i2c5.o
 .mdebug.abi32  0xa00007a4        0x0 build/default/debug/_ext/60181895/plib_tmr2.o
 .mdebug.abi32  0xa00007a4        0x0 build/default/debug/_ext/60181895/plib_tmr3.o
 .mdebug.abi32  0xa00007a4        0x0 build/default/debug/_ext/1865638794/plib_tmr1.o
 .mdebug.abi32  0xa00007a4        0x0 build/default/debug/_ext/1881668453/sys_int.o
 .mdebug.abi32  0xa00007a4        0x0 build/default/debug/_ext/14461671/sys_dma.o
 .mdebug.abi32  0xa00007a4        0x0 build/default/debug/_ext/1360937237/app.o
 .mdebug.abi32  0xa00007a4        0x0 build/default/debug/_ext/1171490990/tasks.o
 .mdebug.abi32  0xa00007a4        0x0 d:/programs/xc32/bin/bin/../../lib/gcc/pic32mx/4.8.3\libgcc.a(_udivdi3.o)
 .mdebug.abi32  0xa00007a4        0x0 d:/programs/xc32/bin/bin/../../lib/gcc/pic32mx/4.8.3\libgcc.a(floatunsisf.o)
 .mdebug.abi32  0xa00007a4        0x0 d:/programs/xc32/bin/bin/../../lib/gcc/pic32mx/4.8.3/../../../../pic32mx/lib\libpic32.a(default-bootstrap-exception-handler.o)
 .mdebug.abi32  0xa00007a4        0x0 d:/programs/xc32/bin/bin/../../lib/gcc/pic32mx/4.8.3/../../../../pic32mx/lib\libpic32.a(default-on-reset.o)
 .mdebug.abi32  0xa00007a4        0x0 d:/programs/xc32/bin/bin/../../lib/gcc/pic32mx/4.8.3/../../../../pic32mx/lib\libpic32.a(default-on-bootstrap.o)
 .mdebug.abi32  0xa00007a4        0x0 d:/programs/xc32/bin/bin/../../lib/gcc/pic32mx/4.8.3/../../../../pic32mx/lib\libpic32.a(defaultinterrupt.o)
 .mdebug.abi32  0xa00007a4        0x0 d:/programs/xc32/bin/bin/../../lib/gcc/pic32mx/4.8.3/../../../../pic32mx/lib\libc.a(printf_cdnopsuxX.eo)
 .mdebug.abi32  0xa00007a4        0x0 d:/programs/xc32/bin/bin/../../lib/gcc/pic32mx/4.8.3/../../../../pic32mx/lib\libc.a(sprintf_fF.eo)
 .mdebug.abi32  0xa00007a4        0x0 d:/programs/xc32/bin/bin/../../lib/gcc/pic32mx/4.8.3/../../../../pic32mx/lib\libc.a(_iob.o)
 .mdebug.abi32  0xa00007a4        0x0 d:/programs/xc32/bin/bin/../../lib/gcc/pic32mx/4.8.3/../../../../pic32mx/lib\libc.a(_fputc_simple.o)
 .mdebug.abi32  0xa00007a4        0x0 d:/programs/xc32/bin/bin/../../lib/gcc/pic32mx/4.8.3/../../../../pic32mx/lib\libc.a(ctype.o)
 .mdebug.abi32  0xa00007a4        0x0 d:/programs/xc32/bin/bin/../../lib/gcc/pic32mx/4.8.3/../../../../pic32mx/lib\libc.a(ldpowers.o)
 .mdebug.abi32  0xa00007a4        0x0 d:/programs/xc32/bin/bin/../../lib/gcc/pic32mx/4.8.3/../../../../pic32mx/lib\libc.a(_flsbuf_simple.o)
 .mdebug.abi32  0xa00007a4        0x0 d:/programs/xc32/bin/bin/../../lib/gcc/pic32mx/4.8.3/../../../../pic32mx/lib\libc.a(doprnt_cdfFnopsuxX.eo)
 .mdebug.abi32  0xa00007a4        0x0 d:/programs/xc32/bin/bin/../../lib/gcc/pic32mx/4.8.3/../../../../pic32mx/lib\libe.a(_fixunsdfdi.o)
 .mdebug.abi32  0xa00007a4        0x0 d:/programs/xc32/bin/bin/../../lib/gcc/pic32mx/4.8.3/../../../../pic32mx/lib\libe.a(_orderdf2.o)
 .mdebug.abi32  0xa00007a4        0x0 d:/programs/xc32/bin/bin/../../lib/gcc/pic32mx/4.8.3/../../../../pic32mx/lib\libe.a(_fixdfdi.o)
 .mdebug.abi32  0xa00007a4        0x0 d:/programs/xc32/bin/bin/../../lib/gcc/pic32mx/4.8.3\libgcc.a(_floatundidf.o)
 .mdebug.abi32  0xa00007a4        0x0 d:/programs/xc32/bin/bin/../../lib/gcc/pic32mx/4.8.3\libgcc.a(_umoddi3.o)
 .mdebug.abi32  0xa00007a4        0x0 d:/programs/xc32/bin/bin/../../lib/gcc/pic32mx/4.8.3\libgcc.a(floatunsidf.o)
 .mdebug.abi32  0xa00007a4        0x0 d:/programs/xc32/bin/bin/../../lib/gcc/pic32mx/4.8.3/../../../../pic32mx/lib\libpic32.a(write.o)

.mdebug.abiN32
 *(.mdebug.abiN32)

.mdebug.abi64
 *(.mdebug.abi64)

.mdebug.abiO64
 *(.mdebug.abiO64)

.mdebug.eabi32
 *(.mdebug.eabi32)

.mdebug.eabi64
 *(.mdebug.eabi64)

.gcc_compiled_long32
 *(.gcc_compiled_long32)

.gcc_compiled_long64
 *(.gcc_compiled_long64)

.stab
 *(.stab)

.stabstr
 *(.stabstr)

.stab.excl
 *(.stab.excl)

.stab.exclstr
 *(.stab.exclstr)

.stab.index
 *(.stab.index)

.stab.indexstr
 *(.stab.indexstr)

.comment        0x00000000      0x1e1
 *(.comment)
 .comment       0x00000000       0x3c d:/programs/xc32/bin/bin/../../lib/gcc/pic32mx/4.8.3/../../../../pic32mx/lib\software-debug-break.o
                                 0x3d (size before relaxing)
 .comment       0x00000000       0x3d build/default/debug/MPU6050.o
 .comment       0x00000000       0x3d build/default/debug/BNO055.o
 .comment       0x00000000       0x3d build/default/debug/_ext/1360937237/i2c_personal.o
 .comment       0x00000000       0x3d build/default/debug/_ext/1360937237/interrupt_callbacks.o
 .comment       0x00000000       0x3d build/default/debug/_ext/1360937237/state_estimation.o
 .comment       0x00000000       0x3d build/default/debug/_ext/1360937237/uart_bluetooth.o
 .comment       0x00000000       0x3d build/default/debug/_ext/1865301019/plib_icap4.o
 .comment       0x00000000       0x3d build/default/debug/_ext/1865301019/plib_icap2.o
 .comment       0x00000000       0x3d build/default/debug/_ext/1865301019/plib_icap3.o
 .comment       0x00000000       0x3d build/default/debug/_ext/1360937237/main.o
 .comment       0x00000000       0x3d build/default/debug/_ext/1171490990/initialization.o
 .comment       0x00000000       0x3d build/default/debug/_ext/1171490990/interrupts.o
 .comment       0x00000000       0x3d build/default/debug/_ext/1171490990/exceptions.o
 .comment       0x00000000       0x3d build/default/debug/_ext/163028504/xc32_monitor.o
 .comment       0x00000000       0x3d build/default/debug/_ext/60165520/plib_clk.o
 .comment       0x00000000       0x3d build/default/debug/_ext/1865254177/plib_gpio.o
 .comment       0x00000000       0x3d build/default/debug/_ext/1865200349/plib_evic.o
 .comment       0x00000000       0x3d build/default/debug/_ext/1865301019/plib_icap1.o
 .comment       0x00000000       0x3d build/default/debug/_ext/1865480137/plib_ocmp1.o
 .comment       0x00000000       0x3d build/default/debug/_ext/1865480137/plib_ocmp4.o
 .comment       0x00000000       0x3d build/default/debug/_ext/1865480137/plib_ocmp2.o
 .comment       0x00000000       0x3d build/default/debug/_ext/158385033/drv_i2c.o
 .comment       0x00000000       0x3d build/default/debug/_ext/1865480137/plib_ocmp3.o
 .comment       0x00000000       0x3d build/default/debug/_ext/101884895/sys_time.o
 .comment       0x00000000       0x3d build/default/debug/_ext/1865657120/plib_uart6.o
 .comment       0x00000000       0x3d build/default/debug/_ext/1249264884/plib_coretimer.o
 .comment       0x00000000       0x3d build/default/debug/_ext/60181895/plib_tmr4.o
 .comment       0x00000000       0x3d build/default/debug/_ext/869808652/drv_usart.o
 .comment       0x00000000       0x3d build/default/debug/_ext/60169480/plib_i2c5.o
 .comment       0x00000000       0x3d build/default/debug/_ext/60181895/plib_tmr2.o
 .comment       0x00000000       0x3d build/default/debug/_ext/60181895/plib_tmr3.o
 .comment       0x00000000       0x3d build/default/debug/_ext/1865638794/plib_tmr1.o
 .comment       0x00000000       0x3d build/default/debug/_ext/1881668453/sys_int.o
 .comment       0x00000000       0x3d build/default/debug/_ext/14461671/sys_dma.o
 .comment       0x00000000       0x3d build/default/debug/_ext/1360937237/app.o
 .comment       0x00000000       0x3d build/default/debug/_ext/1171490990/tasks.o
 .comment       0x00000000       0x3d d:/programs/xc32/bin/bin/../../lib/gcc/pic32mx/4.8.3\libgcc.a(_udivdi3.o)
 .comment       0x00000000       0x3d d:/programs/xc32/bin/bin/../../lib/gcc/pic32mx/4.8.3\libgcc.a(floatunsisf.o)
 .comment       0x0000003c       0x18 d:/programs/xc32/bin/bin/../../lib/gcc/pic32mx/4.8.3/../../../../pic32mx/lib\libpic32.a(memset.o)
                                 0x19 (size before relaxing)
 .comment       0x00000000       0x3d d:/programs/xc32/bin/bin/../../lib/gcc/pic32mx/4.8.3/../../../../pic32mx/lib\libpic32.a(default-bootstrap-exception-handler.o)
 .comment       0x00000000       0x3d d:/programs/xc32/bin/bin/../../lib/gcc/pic32mx/4.8.3/../../../../pic32mx/lib\libpic32.a(default-on-reset.o)
 .comment       0x00000000       0x3d d:/programs/xc32/bin/bin/../../lib/gcc/pic32mx/4.8.3/../../../../pic32mx/lib\libpic32.a(default-on-bootstrap.o)
 .comment       0x00000000       0x3d d:/programs/xc32/bin/bin/../../lib/gcc/pic32mx/4.8.3/../../../../pic32mx/lib\libpic32.a(defaultinterrupt.o)
 .comment       0x00000000       0x3d d:/programs/xc32/bin/bin/../../lib/gcc/pic32mx/4.8.3/../../../../pic32mx/lib\libc.a(printf_cdnopsuxX.eo)
 .comment       0x00000000       0x3d d:/programs/xc32/bin/bin/../../lib/gcc/pic32mx/4.8.3/../../../../pic32mx/lib\libc.a(sprintf_fF.eo)
 .comment       0x00000000       0x3d d:/programs/xc32/bin/bin/../../lib/gcc/pic32mx/4.8.3/../../../../pic32mx/lib\libc.a(_iob.o)
 .comment       0x00000000       0x3d d:/programs/xc32/bin/bin/../../lib/gcc/pic32mx/4.8.3/../../../../pic32mx/lib\libc.a(_fputc_simple.o)
 .comment       0x00000054       0x4e d:/programs/xc32/bin/bin/../../lib/gcc/pic32mx/4.8.3/../../../../pic32mx/lib\libc.a(ctype.o)
                                 0x8b (size before relaxing)
 .comment       0x00000000       0x3d d:/programs/xc32/bin/bin/../../lib/gcc/pic32mx/4.8.3/../../../../pic32mx/lib\libc.a(ldpowers.o)
 .comment       0x00000000       0x3d d:/programs/xc32/bin/bin/../../lib/gcc/pic32mx/4.8.3/../../../../pic32mx/lib\libc.a(_flsbuf_simple.o)
 .comment       0x00000000       0x3d d:/programs/xc32/bin/bin/../../lib/gcc/pic32mx/4.8.3/../../../../pic32mx/lib\libc.a(doprnt_cdfFnopsuxX.eo)
 .comment       0x000000a2       0x9f d:/programs/xc32/bin/bin/../../lib/gcc/pic32mx/4.8.3/../../../../pic32mx/lib\libe.a(_fixunsdfdi.o)
                                 0xdc (size before relaxing)
 .comment       0x00000141       0x50 d:/programs/xc32/bin/bin/../../lib/gcc/pic32mx/4.8.3/../../../../pic32mx/lib\libe.a(_orderdf2.o)
                                 0xdb (size before relaxing)
 .comment       0x00000191       0x50 d:/programs/xc32/bin/bin/../../lib/gcc/pic32mx/4.8.3/../../../../pic32mx/lib\libe.a(_fixdfdi.o)
                                 0xdb (size before relaxing)
 .comment       0x00000000       0x3d d:/programs/xc32/bin/bin/../../lib/gcc/pic32mx/4.8.3\libgcc.a(_floatundidf.o)
 .comment       0x00000000       0x3d d:/programs/xc32/bin/bin/../../lib/gcc/pic32mx/4.8.3\libgcc.a(_umoddi3.o)
 .comment       0x00000000       0x3d d:/programs/xc32/bin/bin/../../lib/gcc/pic32mx/4.8.3\libgcc.a(floatunsidf.o)
 .comment       0x00000000       0x3d d:/programs/xc32/bin/bin/../../lib/gcc/pic32mx/4.8.3/../../../../pic32mx/lib\libpic32.a(write.o)

.debug
 *(.debug)

.line
 *(.line)

.debug_srcinfo
 *(.debug_srcinfo)

.debug_sfnames
 *(.debug_sfnames)

.debug_aranges  0x00000000      0xe78
 *(.debug_aranges)
 .debug_aranges
                0x00000000       0x20 d:/programs/xc32/bin/bin/../../lib/gcc/pic32mx/4.8.3/../../../../pic32mx/lib\software-debug-break.o
 .debug_aranges
                0x00000020       0x28 build/default/debug/MPU6050.o
 .debug_aranges
                0x00000048       0x30 build/default/debug/BNO055.o
 .debug_aranges
                0x00000078       0x38 build/default/debug/_ext/1360937237/i2c_personal.o
 .debug_aranges
                0x000000b0       0x50 build/default/debug/_ext/1360937237/interrupt_callbacks.o
 .debug_aranges
                0x00000100       0x28 build/default/debug/_ext/1360937237/state_estimation.o
 .debug_aranges
                0x00000128       0x28 build/default/debug/_ext/1360937237/uart_bluetooth.o
 .debug_aranges
                0x00000150       0x50 build/default/debug/_ext/1865301019/plib_icap4.o
 .debug_aranges
                0x000001a0       0x50 build/default/debug/_ext/1865301019/plib_icap2.o
 .debug_aranges
                0x000001f0       0x50 build/default/debug/_ext/1865301019/plib_icap3.o
 .debug_aranges
                0x00000240       0x20 build/default/debug/_ext/1360937237/main.o
 .debug_aranges
                0x00000260       0x20 build/default/debug/_ext/1171490990/initialization.o
 .debug_aranges
                0x00000280       0x68 build/default/debug/_ext/1171490990/interrupts.o
 .debug_aranges
                0x000002e8       0x20 build/default/debug/_ext/1171490990/exceptions.o
 .debug_aranges
                0x00000308       0x28 build/default/debug/_ext/163028504/xc32_monitor.o
 .debug_aranges
                0x00000330       0x20 build/default/debug/_ext/60165520/plib_clk.o
 .debug_aranges
                0x00000350       0x60 build/default/debug/_ext/1865254177/plib_gpio.o
 .debug_aranges
                0x000003b0       0x50 build/default/debug/_ext/1865200349/plib_evic.o
 .debug_aranges
                0x00000400       0x50 build/default/debug/_ext/1865301019/plib_icap1.o
 .debug_aranges
                0x00000450       0x48 build/default/debug/_ext/1865480137/plib_ocmp1.o
 .debug_aranges
                0x00000498       0x48 build/default/debug/_ext/1865480137/plib_ocmp4.o
 .debug_aranges
                0x000004e0       0x48 build/default/debug/_ext/1865480137/plib_ocmp2.o
 .debug_aranges
                0x00000528       0xa0 build/default/debug/_ext/158385033/drv_i2c.o
 .debug_aranges
                0x000005c8       0x48 build/default/debug/_ext/1865480137/plib_ocmp3.o
 .debug_aranges
                0x00000610      0x130 build/default/debug/_ext/101884895/sys_time.o
 .debug_aranges
                0x00000740       0x78 build/default/debug/_ext/1865657120/plib_uart6.o
 .debug_aranges
                0x000007b8       0x68 build/default/debug/_ext/1249264884/plib_coretimer.o
 .debug_aranges
                0x00000820       0x70 build/default/debug/_ext/60181895/plib_tmr4.o
 .debug_aranges
                0x00000890       0xf0 build/default/debug/_ext/869808652/drv_usart.o
 .debug_aranges
                0x00000980       0x68 build/default/debug/_ext/60169480/plib_i2c5.o
 .debug_aranges
                0x000009e8       0x70 build/default/debug/_ext/60181895/plib_tmr2.o
 .debug_aranges
                0x00000a58       0x50 build/default/debug/_ext/60181895/plib_tmr3.o
 .debug_aranges
                0x00000aa8       0x70 build/default/debug/_ext/1865638794/plib_tmr1.o
 .debug_aranges
                0x00000b18       0x40 build/default/debug/_ext/1881668453/sys_int.o
 .debug_aranges
                0x00000b58       0x30 build/default/debug/_ext/14461671/sys_dma.o
 .debug_aranges
                0x00000b88       0x48 build/default/debug/_ext/1360937237/app.o
 .debug_aranges
                0x00000bd0       0x20 build/default/debug/_ext/1171490990/tasks.o
 .debug_aranges
                0x00000bf0       0x40 C:\Users\samfi\AppData\Local\Temp\ccuXFrqE.o
 .debug_aranges
                0x00000c30       0x20 d:/programs/xc32/bin/bin/../../lib/gcc/pic32mx/4.8.3\libgcc.a(_udivdi3.o)
 .debug_aranges
                0x00000c50       0x20 d:/programs/xc32/bin/bin/../../lib/gcc/pic32mx/4.8.3\libgcc.a(floatunsisf.o)
 .debug_aranges
                0x00000c70       0x20 d:/programs/xc32/bin/bin/../../lib/gcc/pic32mx/4.8.3/../../../../pic32mx/lib\libpic32.a(default-bootstrap-exception-handler.o)
 .debug_aranges
                0x00000c90       0x20 d:/programs/xc32/bin/bin/../../lib/gcc/pic32mx/4.8.3/../../../../pic32mx/lib\libpic32.a(default-on-reset.o)
 .debug_aranges
                0x00000cb0       0x20 d:/programs/xc32/bin/bin/../../lib/gcc/pic32mx/4.8.3/../../../../pic32mx/lib\libpic32.a(default-on-bootstrap.o)
 .debug_aranges
                0x00000cd0       0x20 d:/programs/xc32/bin/bin/../../lib/gcc/pic32mx/4.8.3/../../../../pic32mx/lib\libpic32.a(defaultinterrupt.o)
 .debug_aranges
                0x00000cf0       0x20 d:/programs/xc32/bin/bin/../../lib/gcc/pic32mx/4.8.3/../../../../pic32mx/lib\libc.a(printf_cdnopsuxX.eo)
 .debug_aranges
                0x00000d10       0x20 d:/programs/xc32/bin/bin/../../lib/gcc/pic32mx/4.8.3/../../../../pic32mx/lib\libc.a(sprintf_fF.eo)
 .debug_aranges
                0x00000d30       0x20 d:/programs/xc32/bin/bin/../../lib/gcc/pic32mx/4.8.3/../../../../pic32mx/lib\libc.a(_fputc_simple.o)
 .debug_aranges
                0x00000d50       0x20 d:/programs/xc32/bin/bin/../../lib/gcc/pic32mx/4.8.3/../../../../pic32mx/lib\libc.a(_flsbuf_simple.o)
 .debug_aranges
                0x00000d70       0x28 d:/programs/xc32/bin/bin/../../lib/gcc/pic32mx/4.8.3/../../../../pic32mx/lib\libc.a(doprnt_cdfFnopsuxX.eo)
 .debug_aranges
                0x00000d98       0x20 d:/programs/xc32/bin/bin/../../lib/gcc/pic32mx/4.8.3/../../../../pic32mx/lib\libe.a(_fixunsdfdi.o)
 .debug_aranges
                0x00000db8       0x20 d:/programs/xc32/bin/bin/../../lib/gcc/pic32mx/4.8.3/../../../../pic32mx/lib\libe.a(_orderdf2.o)
 .debug_aranges
                0x00000dd8       0x20 d:/programs/xc32/bin/bin/../../lib/gcc/pic32mx/4.8.3/../../../../pic32mx/lib\libe.a(_fixdfdi.o)
 .debug_aranges
                0x00000df8       0x20 d:/programs/xc32/bin/bin/../../lib/gcc/pic32mx/4.8.3\libgcc.a(_floatundidf.o)
 .debug_aranges
                0x00000e18       0x20 d:/programs/xc32/bin/bin/../../lib/gcc/pic32mx/4.8.3\libgcc.a(_umoddi3.o)
 .debug_aranges
                0x00000e38       0x20 d:/programs/xc32/bin/bin/../../lib/gcc/pic32mx/4.8.3\libgcc.a(floatunsidf.o)
 .debug_aranges
                0x00000e58       0x20 d:/programs/xc32/bin/bin/../../lib/gcc/pic32mx/4.8.3/../../../../pic32mx/lib\libpic32.a(write.o)

.debug_pubnames
 *(.debug_pubnames)

.debug_info     0x00000000    0x1a8e4
 *(.debug_info .gnu.linkonce.wi.*)
 .debug_info    0x00000000       0xe3 d:/programs/xc32/bin/bin/../../lib/gcc/pic32mx/4.8.3/../../../../pic32mx/lib\software-debug-break.o
 .debug_info    0x000000e3      0x64c build/default/debug/MPU6050.o
 .debug_info    0x0000072f      0x6a3 build/default/debug/BNO055.o
 .debug_info    0x00000dd2      0x5fa build/default/debug/_ext/1360937237/i2c_personal.o
 .debug_info    0x000013cc      0xd3a build/default/debug/_ext/1360937237/interrupt_callbacks.o
 .debug_info    0x00002106      0x2dc build/default/debug/_ext/1360937237/state_estimation.o
 .debug_info    0x000023e2      0x297 build/default/debug/_ext/1360937237/uart_bluetooth.o
 .debug_info    0x00002679      0x443 build/default/debug/_ext/1865301019/plib_icap4.o
 .debug_info    0x00002abc      0x443 build/default/debug/_ext/1865301019/plib_icap2.o
 .debug_info    0x00002eff      0x443 build/default/debug/_ext/1865301019/plib_icap3.o
 .debug_info    0x00003342      0x1cd build/default/debug/_ext/1360937237/main.o
 .debug_info    0x0000350f     0x2d04 build/default/debug/_ext/1171490990/initialization.o
 .debug_info    0x00006213      0x4cb build/default/debug/_ext/1171490990/interrupts.o
 .debug_info    0x000066de      0x25a build/default/debug/_ext/1171490990/exceptions.o
 .debug_info    0x00006938      0x121 build/default/debug/_ext/163028504/xc32_monitor.o
 .debug_info    0x00006a59      0x190 build/default/debug/_ext/60165520/plib_clk.o
 .debug_info    0x00006be9      0x4e0 build/default/debug/_ext/1865254177/plib_gpio.o
 .debug_info    0x000070c9      0xcb8 build/default/debug/_ext/1865200349/plib_evic.o
 .debug_info    0x00007d81      0x443 build/default/debug/_ext/1865301019/plib_icap1.o
 .debug_info    0x000081c4      0x2f6 build/default/debug/_ext/1865480137/plib_ocmp1.o
 .debug_info    0x000084ba      0x2f6 build/default/debug/_ext/1865480137/plib_ocmp4.o
 .debug_info    0x000087b0      0x2f6 build/default/debug/_ext/1865480137/plib_ocmp2.o
 .debug_info    0x00008aa6     0x2a67 build/default/debug/_ext/158385033/drv_i2c.o
 .debug_info    0x0000b50d      0x2f6 build/default/debug/_ext/1865480137/plib_ocmp3.o
 .debug_info    0x0000b803     0x2ac7 build/default/debug/_ext/101884895/sys_time.o
 .debug_info    0x0000e2ca      0xc35 build/default/debug/_ext/1865657120/plib_uart6.o
 .debug_info    0x0000eeff      0x904 build/default/debug/_ext/1249264884/plib_coretimer.o
 .debug_info    0x0000f803      0x8d0 build/default/debug/_ext/60181895/plib_tmr4.o
 .debug_info    0x000100d3     0x3907 build/default/debug/_ext/869808652/drv_usart.o
 .debug_info    0x000139da      0x9c4 build/default/debug/_ext/60169480/plib_i2c5.o
 .debug_info    0x0001439e      0x8d0 build/default/debug/_ext/60181895/plib_tmr2.o
 .debug_info    0x00014c6e      0x2da build/default/debug/_ext/60181895/plib_tmr3.o
 .debug_info    0x00014f48      0x8e9 build/default/debug/_ext/1865638794/plib_tmr1.o
 .debug_info    0x00015831      0xbf3 build/default/debug/_ext/1881668453/sys_int.o
 .debug_info    0x00016424      0x558 build/default/debug/_ext/14461671/sys_dma.o
 .debug_info    0x0001697c     0x1ef2 build/default/debug/_ext/1360937237/app.o
 .debug_info    0x0001886e      0x1aa build/default/debug/_ext/1171490990/tasks.o
 .debug_info    0x00018a18       0xbc C:\Users\samfi\AppData\Local\Temp\ccuXFrqE.o
 .debug_info    0x00018ad4      0x74b d:/programs/xc32/bin/bin/../../lib/gcc/pic32mx/4.8.3\libgcc.a(_udivdi3.o)
 .debug_info    0x0001921f      0x129 d:/programs/xc32/bin/bin/../../lib/gcc/pic32mx/4.8.3\libgcc.a(floatunsisf.o)
 .debug_info    0x00019348       0xf4 d:/programs/xc32/bin/bin/../../lib/gcc/pic32mx/4.8.3/../../../../pic32mx/lib\libpic32.a(default-bootstrap-exception-handler.o)
 .debug_info    0x0001943c       0xcd d:/programs/xc32/bin/bin/../../lib/gcc/pic32mx/4.8.3/../../../../pic32mx/lib\libpic32.a(default-on-reset.o)
 .debug_info    0x00019509       0xd5 d:/programs/xc32/bin/bin/../../lib/gcc/pic32mx/4.8.3/../../../../pic32mx/lib\libpic32.a(default-on-bootstrap.o)
 .debug_info    0x000195de       0xe7 d:/programs/xc32/bin/bin/../../lib/gcc/pic32mx/4.8.3/../../../../pic32mx/lib\libpic32.a(defaultinterrupt.o)
 .debug_info    0x000196c5       0xcf d:/programs/xc32/bin/bin/../../lib/gcc/pic32mx/4.8.3/../../../../pic32mx/lib\libc.a(printf_cdnopsuxX.eo)
 .debug_info    0x00019794       0xca d:/programs/xc32/bin/bin/../../lib/gcc/pic32mx/4.8.3/../../../../pic32mx/lib\libc.a(sprintf_fF.eo)
 .debug_info    0x0001985e       0xc2 d:/programs/xc32/bin/bin/../../lib/gcc/pic32mx/4.8.3/../../../../pic32mx/lib\libc.a(_fputc_simple.o)
 .debug_info    0x00019920       0xc5 d:/programs/xc32/bin/bin/../../lib/gcc/pic32mx/4.8.3/../../../../pic32mx/lib\libc.a(_flsbuf_simple.o)
 .debug_info    0x000199e5       0xfb d:/programs/xc32/bin/bin/../../lib/gcc/pic32mx/4.8.3/../../../../pic32mx/lib\libc.a(doprnt_cdfFnopsuxX.eo)
 .debug_info    0x00019ae0       0xce d:/programs/xc32/bin/bin/../../lib/gcc/pic32mx/4.8.3/../../../../pic32mx/lib\libe.a(_fixunsdfdi.o)
 .debug_info    0x00019bae       0xba d:/programs/xc32/bin/bin/../../lib/gcc/pic32mx/4.8.3/../../../../pic32mx/lib\libe.a(_orderdf2.o)
 .debug_info    0x00019c68       0xb9 d:/programs/xc32/bin/bin/../../lib/gcc/pic32mx/4.8.3/../../../../pic32mx/lib\libe.a(_fixdfdi.o)
 .debug_info    0x00019d21      0x245 d:/programs/xc32/bin/bin/../../lib/gcc/pic32mx/4.8.3\libgcc.a(_floatundidf.o)
 .debug_info    0x00019f66      0x788 d:/programs/xc32/bin/bin/../../lib/gcc/pic32mx/4.8.3\libgcc.a(_umoddi3.o)
 .debug_info    0x0001a6ee      0x137 d:/programs/xc32/bin/bin/../../lib/gcc/pic32mx/4.8.3\libgcc.a(floatunsidf.o)
 .debug_info    0x0001a825       0xbf d:/programs/xc32/bin/bin/../../lib/gcc/pic32mx/4.8.3/../../../../pic32mx/lib\libpic32.a(write.o)

.debug_abbrev   0x00000000     0x3aef
 *(.debug_abbrev)
 .debug_abbrev  0x00000000       0x28 d:/programs/xc32/bin/bin/../../lib/gcc/pic32mx/4.8.3/../../../../pic32mx/lib\software-debug-break.o
 .debug_abbrev  0x00000028      0x12f build/default/debug/MPU6050.o
 .debug_abbrev  0x00000157      0x13a build/default/debug/BNO055.o
 .debug_abbrev  0x00000291      0x143 build/default/debug/_ext/1360937237/i2c_personal.o
 .debug_abbrev  0x000003d4      0x20c build/default/debug/_ext/1360937237/interrupt_callbacks.o
 .debug_abbrev  0x000005e0       0xd0 build/default/debug/_ext/1360937237/state_estimation.o
 .debug_abbrev  0x000006b0       0xbb build/default/debug/_ext/1360937237/uart_bluetooth.o
 .debug_abbrev  0x0000076b      0x15e build/default/debug/_ext/1865301019/plib_icap4.o
 .debug_abbrev  0x000008c9      0x15e build/default/debug/_ext/1865301019/plib_icap2.o
 .debug_abbrev  0x00000a27      0x15e build/default/debug/_ext/1865301019/plib_icap3.o
 .debug_abbrev  0x00000b85       0x93 build/default/debug/_ext/1360937237/main.o
 .debug_abbrev  0x00000c18      0x26c build/default/debug/_ext/1171490990/initialization.o
 .debug_abbrev  0x00000e84       0x57 build/default/debug/_ext/1171490990/interrupts.o
 .debug_abbrev  0x00000edb       0xa4 build/default/debug/_ext/1171490990/exceptions.o
 .debug_abbrev  0x00000f7f       0x66 build/default/debug/_ext/163028504/xc32_monitor.o
 .debug_abbrev  0x00000fe5       0x39 build/default/debug/_ext/60165520/plib_clk.o
 .debug_abbrev  0x0000101e       0xd7 build/default/debug/_ext/1865254177/plib_gpio.o
 .debug_abbrev  0x000010f5       0xef build/default/debug/_ext/1865200349/plib_evic.o
 .debug_abbrev  0x000011e4      0x15e build/default/debug/_ext/1865301019/plib_icap1.o
 .debug_abbrev  0x00001342       0xa1 build/default/debug/_ext/1865480137/plib_ocmp1.o
 .debug_abbrev  0x000013e3       0xa1 build/default/debug/_ext/1865480137/plib_ocmp4.o
 .debug_abbrev  0x00001484       0xa1 build/default/debug/_ext/1865480137/plib_ocmp2.o
 .debug_abbrev  0x00001525      0x447 build/default/debug/_ext/158385033/drv_i2c.o
 .debug_abbrev  0x0000196c       0xa1 build/default/debug/_ext/1865480137/plib_ocmp3.o
 .debug_abbrev  0x00001a0d      0x562 build/default/debug/_ext/101884895/sys_time.o
 .debug_abbrev  0x00001f6f      0x2bd build/default/debug/_ext/1865657120/plib_uart6.o
 .debug_abbrev  0x0000222c      0x1fe build/default/debug/_ext/1249264884/plib_coretimer.o
 .debug_abbrev  0x0000242a      0x183 build/default/debug/_ext/60181895/plib_tmr4.o
 .debug_abbrev  0x000025ad      0x537 build/default/debug/_ext/869808652/drv_usart.o
 .debug_abbrev  0x00002ae4      0x1e3 build/default/debug/_ext/60169480/plib_i2c5.o
 .debug_abbrev  0x00002cc7      0x183 build/default/debug/_ext/60181895/plib_tmr2.o
 .debug_abbrev  0x00002e4a       0xa1 build/default/debug/_ext/60181895/plib_tmr3.o
 .debug_abbrev  0x00002eeb      0x1c4 build/default/debug/_ext/1865638794/plib_tmr1.o
 .debug_abbrev  0x000030af      0x123 build/default/debug/_ext/1881668453/sys_int.o
 .debug_abbrev  0x000031d2       0xa6 build/default/debug/_ext/14461671/sys_dma.o
 .debug_abbrev  0x00003278      0x233 build/default/debug/_ext/1360937237/app.o
 .debug_abbrev  0x000034ab       0x57 build/default/debug/_ext/1171490990/tasks.o
 .debug_abbrev  0x00003502       0x12 C:\Users\samfi\AppData\Local\Temp\ccuXFrqE.o
 .debug_abbrev  0x00003514      0x138 d:/programs/xc32/bin/bin/../../lib/gcc/pic32mx/4.8.3\libgcc.a(_udivdi3.o)
 .debug_abbrev  0x0000364c       0x62 d:/programs/xc32/bin/bin/../../lib/gcc/pic32mx/4.8.3\libgcc.a(floatunsisf.o)
 .debug_abbrev  0x000036ae       0x28 d:/programs/xc32/bin/bin/../../lib/gcc/pic32mx/4.8.3/../../../../pic32mx/lib\libpic32.a(default-bootstrap-exception-handler.o)
 .debug_abbrev  0x000036d6       0x28 d:/programs/xc32/bin/bin/../../lib/gcc/pic32mx/4.8.3/../../../../pic32mx/lib\libpic32.a(default-on-reset.o)
 .debug_abbrev  0x000036fe       0x28 d:/programs/xc32/bin/bin/../../lib/gcc/pic32mx/4.8.3/../../../../pic32mx/lib\libpic32.a(default-on-bootstrap.o)
 .debug_abbrev  0x00003726       0x28 d:/programs/xc32/bin/bin/../../lib/gcc/pic32mx/4.8.3/../../../../pic32mx/lib\libpic32.a(defaultinterrupt.o)
 .debug_abbrev  0x0000374e       0x28 d:/programs/xc32/bin/bin/../../lib/gcc/pic32mx/4.8.3/../../../../pic32mx/lib\libc.a(printf_cdnopsuxX.eo)
 .debug_abbrev  0x00003776       0x28 d:/programs/xc32/bin/bin/../../lib/gcc/pic32mx/4.8.3/../../../../pic32mx/lib\libc.a(sprintf_fF.eo)
 .debug_abbrev  0x0000379e       0x28 d:/programs/xc32/bin/bin/../../lib/gcc/pic32mx/4.8.3/../../../../pic32mx/lib\libc.a(_fputc_simple.o)
 .debug_abbrev  0x000037c6       0x28 d:/programs/xc32/bin/bin/../../lib/gcc/pic32mx/4.8.3/../../../../pic32mx/lib\libc.a(_flsbuf_simple.o)
 .debug_abbrev  0x000037ee       0x45 d:/programs/xc32/bin/bin/../../lib/gcc/pic32mx/4.8.3/../../../../pic32mx/lib\libc.a(doprnt_cdfFnopsuxX.eo)
 .debug_abbrev  0x00003833       0x37 d:/programs/xc32/bin/bin/../../lib/gcc/pic32mx/4.8.3/../../../../pic32mx/lib\libe.a(_fixunsdfdi.o)
 .debug_abbrev  0x0000386a       0x28 d:/programs/xc32/bin/bin/../../lib/gcc/pic32mx/4.8.3/../../../../pic32mx/lib\libe.a(_orderdf2.o)
 .debug_abbrev  0x00003892       0x28 d:/programs/xc32/bin/bin/../../lib/gcc/pic32mx/4.8.3/../../../../pic32mx/lib\libe.a(_fixdfdi.o)
 .debug_abbrev  0x000038ba       0x64 d:/programs/xc32/bin/bin/../../lib/gcc/pic32mx/4.8.3\libgcc.a(_floatundidf.o)
 .debug_abbrev  0x0000391e      0x147 d:/programs/xc32/bin/bin/../../lib/gcc/pic32mx/4.8.3\libgcc.a(_umoddi3.o)
 .debug_abbrev  0x00003a65       0x62 d:/programs/xc32/bin/bin/../../lib/gcc/pic32mx/4.8.3\libgcc.a(floatunsidf.o)
 .debug_abbrev  0x00003ac7       0x28 d:/programs/xc32/bin/bin/../../lib/gcc/pic32mx/4.8.3/../../../../pic32mx/lib\libpic32.a(write.o)

.debug_line     0x00000000     0x673a
 *(.debug_line)
 .debug_line    0x00000000       0x99 d:/programs/xc32/bin/bin/../../lib/gcc/pic32mx/4.8.3/../../../../pic32mx/lib\software-debug-break.o
 .debug_line    0x00000099      0x261 build/default/debug/MPU6050.o
 .debug_line    0x000002fa      0x280 build/default/debug/BNO055.o
 .debug_line    0x0000057a      0x23c build/default/debug/_ext/1360937237/i2c_personal.o
 .debug_line    0x000007b6      0x3c9 build/default/debug/_ext/1360937237/interrupt_callbacks.o
 .debug_line    0x00000b7f       0xb4 build/default/debug/_ext/1360937237/state_estimation.o
 .debug_line    0x00000c33       0xa2 build/default/debug/_ext/1360937237/uart_bluetooth.o
 .debug_line    0x00000cd5      0x1b5 build/default/debug/_ext/1865301019/plib_icap4.o
 .debug_line    0x00000e8a      0x1b5 build/default/debug/_ext/1865301019/plib_icap2.o
 .debug_line    0x0000103f      0x1b5 build/default/debug/_ext/1865301019/plib_icap3.o
 .debug_line    0x000011f4       0xc8 build/default/debug/_ext/1360937237/main.o
 .debug_line    0x000012bc      0x9ac build/default/debug/_ext/1171490990/initialization.o
 .debug_line    0x00001c68      0x164 build/default/debug/_ext/1171490990/interrupts.o
 .debug_line    0x00001dcc       0xb6 build/default/debug/_ext/1171490990/exceptions.o
 .debug_line    0x00001e82       0x9b build/default/debug/_ext/163028504/xc32_monitor.o
 .debug_line    0x00001f1d       0x91 build/default/debug/_ext/60165520/plib_clk.o
 .debug_line    0x00001fae      0x1cb build/default/debug/_ext/1865254177/plib_gpio.o
 .debug_line    0x00002179      0x1b9 build/default/debug/_ext/1865200349/plib_evic.o
 .debug_line    0x00002332      0x1b5 build/default/debug/_ext/1865301019/plib_icap1.o
 .debug_line    0x000024e7      0x186 build/default/debug/_ext/1865480137/plib_ocmp1.o
 .debug_line    0x0000266d      0x186 build/default/debug/_ext/1865480137/plib_ocmp4.o
 .debug_line    0x000027f3      0x186 build/default/debug/_ext/1865480137/plib_ocmp2.o
 .debug_line    0x00002979      0x697 build/default/debug/_ext/158385033/drv_i2c.o
 .debug_line    0x00003010      0x186 build/default/debug/_ext/1865480137/plib_ocmp3.o
 .debug_line    0x00003196      0x780 build/default/debug/_ext/101884895/sys_time.o
 .debug_line    0x00003916      0x2e8 build/default/debug/_ext/1865657120/plib_uart6.o
 .debug_line    0x00003bfe      0x1fe build/default/debug/_ext/1249264884/plib_coretimer.o
 .debug_line    0x00003dfc      0x1f5 build/default/debug/_ext/60181895/plib_tmr4.o
 .debug_line    0x00003ff1      0x805 build/default/debug/_ext/869808652/drv_usart.o
 .debug_line    0x000047f6      0x2f6 build/default/debug/_ext/60169480/plib_i2c5.o
 .debug_line    0x00004aec      0x1f5 build/default/debug/_ext/60181895/plib_tmr2.o
 .debug_line    0x00004ce1      0x196 build/default/debug/_ext/60181895/plib_tmr3.o
 .debug_line    0x00004e77      0x1fb build/default/debug/_ext/1865638794/plib_tmr1.o
 .debug_line    0x00005072      0x17e build/default/debug/_ext/1881668453/sys_int.o
 .debug_line    0x000051f0       0xe7 build/default/debug/_ext/14461671/sys_dma.o
 .debug_line    0x000052d7      0x795 build/default/debug/_ext/1360937237/app.o
 .debug_line    0x00005a6c       0xc4 build/default/debug/_ext/1171490990/tasks.o
 .debug_line    0x00005b30      0x147 C:\Users\samfi\AppData\Local\Temp\ccuXFrqE.o
 .debug_line    0x00005c77       0xf7 d:/programs/xc32/bin/bin/../../lib/gcc/pic32mx/4.8.3\libgcc.a(_udivdi3.o)
 .debug_line    0x00005d6e       0x94 d:/programs/xc32/bin/bin/../../lib/gcc/pic32mx/4.8.3\libgcc.a(floatunsisf.o)
 .debug_line    0x00005e02       0xa6 d:/programs/xc32/bin/bin/../../lib/gcc/pic32mx/4.8.3/../../../../pic32mx/lib\libpic32.a(default-bootstrap-exception-handler.o)
 .debug_line    0x00005ea8       0x93 d:/programs/xc32/bin/bin/../../lib/gcc/pic32mx/4.8.3/../../../../pic32mx/lib\libpic32.a(default-on-reset.o)
 .debug_line    0x00005f3b       0x97 d:/programs/xc32/bin/bin/../../lib/gcc/pic32mx/4.8.3/../../../../pic32mx/lib\libpic32.a(default-on-bootstrap.o)
 .debug_line    0x00005fd2       0xa5 d:/programs/xc32/bin/bin/../../lib/gcc/pic32mx/4.8.3/../../../../pic32mx/lib\libpic32.a(defaultinterrupt.o)
 .debug_line    0x00006077       0x7e d:/programs/xc32/bin/bin/../../lib/gcc/pic32mx/4.8.3/../../../../pic32mx/lib\libc.a(printf_cdnopsuxX.eo)
 .debug_line    0x000060f5       0x7f d:/programs/xc32/bin/bin/../../lib/gcc/pic32mx/4.8.3/../../../../pic32mx/lib\libc.a(sprintf_fF.eo)
 .debug_line    0x00006174        0x0 d:/programs/xc32/bin/bin/../../lib/gcc/pic32mx/4.8.3/../../../../pic32mx/lib\libc.a(_iob.o)
 .debug_line    0x00006174       0x7d d:/programs/xc32/bin/bin/../../lib/gcc/pic32mx/4.8.3/../../../../pic32mx/lib\libc.a(_fputc_simple.o)
 .debug_line    0x000061f1        0x0 d:/programs/xc32/bin/bin/../../lib/gcc/pic32mx/4.8.3/../../../../pic32mx/lib\libc.a(ctype.o)
 .debug_line    0x000061f1        0x0 d:/programs/xc32/bin/bin/../../lib/gcc/pic32mx/4.8.3/../../../../pic32mx/lib\libc.a(ldpowers.o)
 .debug_line    0x000061f1       0x7e d:/programs/xc32/bin/bin/../../lib/gcc/pic32mx/4.8.3/../../../../pic32mx/lib\libc.a(_flsbuf_simple.o)
 .debug_line    0x0000626f       0x7e d:/programs/xc32/bin/bin/../../lib/gcc/pic32mx/4.8.3/../../../../pic32mx/lib\libc.a(doprnt_cdfFnopsuxX.eo)
 .debug_line    0x000062ed       0x82 d:/programs/xc32/bin/bin/../../lib/gcc/pic32mx/4.8.3/../../../../pic32mx/lib\libe.a(_fixunsdfdi.o)
 .debug_line    0x0000636f       0x81 d:/programs/xc32/bin/bin/../../lib/gcc/pic32mx/4.8.3/../../../../pic32mx/lib\libe.a(_orderdf2.o)
 .debug_line    0x000063f0       0x81 d:/programs/xc32/bin/bin/../../lib/gcc/pic32mx/4.8.3/../../../../pic32mx/lib\libe.a(_fixdfdi.o)
 .debug_line    0x00006471       0xa5 d:/programs/xc32/bin/bin/../../lib/gcc/pic32mx/4.8.3\libgcc.a(_floatundidf.o)
 .debug_line    0x00006516      0x109 d:/programs/xc32/bin/bin/../../lib/gcc/pic32mx/4.8.3\libgcc.a(_umoddi3.o)
 .debug_line    0x0000661f       0x93 d:/programs/xc32/bin/bin/../../lib/gcc/pic32mx/4.8.3\libgcc.a(floatunsidf.o)
 .debug_line    0x000066b2       0x88 d:/programs/xc32/bin/bin/../../lib/gcc/pic32mx/4.8.3/../../../../pic32mx/lib\libpic32.a(write.o)

.debug_frame    0x00000000     0x1f94
 *(.debug_frame)
 .debug_frame   0x00000000       0x20 d:/programs/xc32/bin/bin/../../lib/gcc/pic32mx/4.8.3/../../../../pic32mx/lib\software-debug-break.o
 .debug_frame   0x00000020       0x50 build/default/debug/MPU6050.o
 .debug_frame   0x00000070       0x70 build/default/debug/BNO055.o
 .debug_frame   0x000000e0       0x80 build/default/debug/_ext/1360937237/i2c_personal.o
 .debug_frame   0x00000160       0xcc build/default/debug/_ext/1360937237/interrupt_callbacks.o
 .debug_frame   0x0000022c       0x44 build/default/debug/_ext/1360937237/state_estimation.o
 .debug_frame   0x00000270       0x30 build/default/debug/_ext/1360937237/uart_bluetooth.o
 .debug_frame   0x000002a0       0x8c build/default/debug/_ext/1865301019/plib_icap4.o
 .debug_frame   0x0000032c       0x8c build/default/debug/_ext/1865301019/plib_icap2.o
 .debug_frame   0x000003b8       0x8c build/default/debug/_ext/1865301019/plib_icap3.o
 .debug_frame   0x00000444       0x28 build/default/debug/_ext/1360937237/main.o
 .debug_frame   0x0000046c       0x30 build/default/debug/_ext/1171490990/initialization.o
 .debug_frame   0x0000049c      0x380 build/default/debug/_ext/1171490990/interrupts.o
 .debug_frame   0x0000081c       0x28 build/default/debug/_ext/1171490990/exceptions.o
 .debug_frame   0x00000844       0x30 build/default/debug/_ext/163028504/xc32_monitor.o
 .debug_frame   0x00000874       0x20 build/default/debug/_ext/60165520/plib_clk.o
 .debug_frame   0x00000894       0xa0 build/default/debug/_ext/1865254177/plib_gpio.o
 .debug_frame   0x00000934       0x80 build/default/debug/_ext/1865200349/plib_evic.o
 .debug_frame   0x000009b4       0x8c build/default/debug/_ext/1865301019/plib_icap1.o
 .debug_frame   0x00000a40       0x70 build/default/debug/_ext/1865480137/plib_ocmp1.o
 .debug_frame   0x00000ab0       0x70 build/default/debug/_ext/1865480137/plib_ocmp4.o
 .debug_frame   0x00000b20       0x70 build/default/debug/_ext/1865480137/plib_ocmp2.o
 .debug_frame   0x00000b90      0x204 build/default/debug/_ext/158385033/drv_i2c.o
 .debug_frame   0x00000d94       0x70 build/default/debug/_ext/1865480137/plib_ocmp3.o
 .debug_frame   0x00000e04      0x3e4 build/default/debug/_ext/101884895/sys_time.o
 .debug_frame   0x000011e8       0xec build/default/debug/_ext/1865657120/plib_uart6.o
 .debug_frame   0x000012d4      0x110 build/default/debug/_ext/1249264884/plib_coretimer.o
 .debug_frame   0x000013e4       0xcc build/default/debug/_ext/60181895/plib_tmr4.o
 .debug_frame   0x000014b0      0x30c build/default/debug/_ext/869808652/drv_usart.o
 .debug_frame   0x000017bc       0xe0 build/default/debug/_ext/60169480/plib_i2c5.o
 .debug_frame   0x0000189c       0xcc build/default/debug/_ext/60181895/plib_tmr2.o
 .debug_frame   0x00001968       0x80 build/default/debug/_ext/60181895/plib_tmr3.o
 .debug_frame   0x000019e8       0xcc build/default/debug/_ext/1865638794/plib_tmr1.o
 .debug_frame   0x00001ab4       0xa0 build/default/debug/_ext/1881668453/sys_int.o
 .debug_frame   0x00001b54       0x40 build/default/debug/_ext/14461671/sys_dma.o
 .debug_frame   0x00001b94       0xa4 build/default/debug/_ext/1360937237/app.o
 .debug_frame   0x00001c38       0x2c build/default/debug/_ext/1171490990/tasks.o
 .debug_frame   0x00001c64       0x20 d:/programs/xc32/bin/bin/../../lib/gcc/pic32mx/4.8.3\libgcc.a(_udivdi3.o)
 .debug_frame   0x00001c84       0x30 d:/programs/xc32/bin/bin/../../lib/gcc/pic32mx/4.8.3\libgcc.a(floatunsisf.o)
 .debug_frame   0x00001cb4       0x2c d:/programs/xc32/bin/bin/../../lib/gcc/pic32mx/4.8.3/../../../../pic32mx/lib\libpic32.a(default-bootstrap-exception-handler.o)
 .debug_frame   0x00001ce0       0x20 d:/programs/xc32/bin/bin/../../lib/gcc/pic32mx/4.8.3/../../../../pic32mx/lib\libpic32.a(default-on-reset.o)
 .debug_frame   0x00001d00       0x20 d:/programs/xc32/bin/bin/../../lib/gcc/pic32mx/4.8.3/../../../../pic32mx/lib\libpic32.a(default-on-bootstrap.o)
 .debug_frame   0x00001d20       0x20 d:/programs/xc32/bin/bin/../../lib/gcc/pic32mx/4.8.3/../../../../pic32mx/lib\libpic32.a(defaultinterrupt.o)
 .debug_frame   0x00001d40       0x2c d:/programs/xc32/bin/bin/../../lib/gcc/pic32mx/4.8.3/../../../../pic32mx/lib\libc.a(printf_cdnopsuxX.eo)
 .debug_frame   0x00001d6c       0x2c d:/programs/xc32/bin/bin/../../lib/gcc/pic32mx/4.8.3/../../../../pic32mx/lib\libc.a(sprintf_fF.eo)
 .debug_frame   0x00001d98       0x30 d:/programs/xc32/bin/bin/../../lib/gcc/pic32mx/4.8.3/../../../../pic32mx/lib\libc.a(_fputc_simple.o)
 .debug_frame   0x00001dc8       0x38 d:/programs/xc32/bin/bin/../../lib/gcc/pic32mx/4.8.3/../../../../pic32mx/lib\libc.a(_flsbuf_simple.o)
 .debug_frame   0x00001e00       0x70 d:/programs/xc32/bin/bin/../../lib/gcc/pic32mx/4.8.3/../../../../pic32mx/lib\libc.a(doprnt_cdfFnopsuxX.eo)
 .debug_frame   0x00001e70       0x34 d:/programs/xc32/bin/bin/../../lib/gcc/pic32mx/4.8.3/../../../../pic32mx/lib\libe.a(_fixunsdfdi.o)
 .debug_frame   0x00001ea4       0x20 d:/programs/xc32/bin/bin/../../lib/gcc/pic32mx/4.8.3/../../../../pic32mx/lib\libe.a(_orderdf2.o)
 .debug_frame   0x00001ec4       0x20 d:/programs/xc32/bin/bin/../../lib/gcc/pic32mx/4.8.3/../../../../pic32mx/lib\libe.a(_fixdfdi.o)
 .debug_frame   0x00001ee4       0x2c d:/programs/xc32/bin/bin/../../lib/gcc/pic32mx/4.8.3\libgcc.a(_floatundidf.o)
 .debug_frame   0x00001f10       0x20 d:/programs/xc32/bin/bin/../../lib/gcc/pic32mx/4.8.3\libgcc.a(_umoddi3.o)
 .debug_frame   0x00001f30       0x2c d:/programs/xc32/bin/bin/../../lib/gcc/pic32mx/4.8.3\libgcc.a(floatunsidf.o)
 .debug_frame   0x00001f5c       0x38 d:/programs/xc32/bin/bin/../../lib/gcc/pic32mx/4.8.3/../../../../pic32mx/lib\libpic32.a(write.o)

.debug_str      0x00000000      0x5c1
 *(.debug_str)
 .debug_str     0x00000000        0x0 d:/programs/xc32/bin/bin/../../lib/gcc/pic32mx/4.8.3/../../../../pic32mx/lib\software-debug-break.o
 .debug_str     0x00000000       0x19 build/default/debug/MPU6050.o
 .debug_str     0x00000019       0x19 build/default/debug/BNO055.o
 .debug_str     0x00000032       0x25 build/default/debug/_ext/1360937237/i2c_personal.o
 .debug_str     0x00000057       0x19 build/default/debug/_ext/1360937237/interrupt_callbacks.o
 .debug_str     0x00000070        0x9 build/default/debug/_ext/1360937237/state_estimation.o
 .debug_str     0x00000079        0x0 build/default/debug/_ext/1360937237/uart_bluetooth.o
 .debug_str     0x00000079        0x9 build/default/debug/_ext/1865301019/plib_icap4.o
 .debug_str     0x00000082        0x9 build/default/debug/_ext/1865301019/plib_icap2.o
 .debug_str     0x0000008b        0x9 build/default/debug/_ext/1865301019/plib_icap3.o
 .debug_str     0x00000094        0x0 build/default/debug/_ext/1360937237/main.o
 .debug_str     0x00000094       0xbd build/default/debug/_ext/1171490990/initialization.o
 .debug_str     0x00000151        0x0 build/default/debug/_ext/1171490990/interrupts.o
 .debug_str     0x00000151        0x0 build/default/debug/_ext/1171490990/exceptions.o
 .debug_str     0x00000151        0x0 build/default/debug/_ext/163028504/xc32_monitor.o
 .debug_str     0x00000151        0x0 build/default/debug/_ext/60165520/plib_clk.o
 .debug_str     0x00000151        0xa build/default/debug/_ext/1865254177/plib_gpio.o
 .debug_str     0x0000015b        0x7 build/default/debug/_ext/1865200349/plib_evic.o
 .debug_str     0x00000162        0x9 build/default/debug/_ext/1865301019/plib_icap1.o
 .debug_str     0x0000016b        0x0 build/default/debug/_ext/1865480137/plib_ocmp1.o
 .debug_str     0x0000016b        0x0 build/default/debug/_ext/1865480137/plib_ocmp4.o
 .debug_str     0x0000016b        0x0 build/default/debug/_ext/1865480137/plib_ocmp2.o
 .debug_str     0x0000016b      0x15a build/default/debug/_ext/158385033/drv_i2c.o
 .debug_str     0x000002c5        0x0 build/default/debug/_ext/1865480137/plib_ocmp3.o
 .debug_str     0x000002c5      0x10a build/default/debug/_ext/101884895/sys_time.o
 .debug_str     0x000003cf       0x10 build/default/debug/_ext/1865657120/plib_uart6.o
 .debug_str     0x000003df       0x1d build/default/debug/_ext/1249264884/plib_coretimer.o
 .debug_str     0x000003fc        0xc build/default/debug/_ext/60181895/plib_tmr4.o
 .debug_str     0x00000408      0x169 build/default/debug/_ext/869808652/drv_usart.o
 .debug_str     0x00000571       0x19 build/default/debug/_ext/60169480/plib_i2c5.o
 .debug_str     0x0000058a        0xc build/default/debug/_ext/60181895/plib_tmr2.o
 .debug_str     0x00000596        0x0 build/default/debug/_ext/60181895/plib_tmr3.o
 .debug_str     0x00000596        0xc build/default/debug/_ext/1865638794/plib_tmr1.o
 .debug_str     0x000005a2        0x0 build/default/debug/_ext/1881668453/sys_int.o
 .debug_str     0x000005a2        0x8 build/default/debug/_ext/14461671/sys_dma.o
 .debug_str     0x000005aa       0x17 build/default/debug/_ext/1360937237/app.o
 .debug_str     0x000005c1        0x0 build/default/debug/_ext/1171490990/tasks.o
 .debug_str     0x000005c1        0x0 d:/programs/xc32/bin/bin/../../lib/gcc/pic32mx/4.8.3\libgcc.a(_udivdi3.o)
 .debug_str     0x000005c1        0x0 d:/programs/xc32/bin/bin/../../lib/gcc/pic32mx/4.8.3\libgcc.a(floatunsisf.o)
 .debug_str     0x000005c1        0x0 d:/programs/xc32/bin/bin/../../lib/gcc/pic32mx/4.8.3/../../../../pic32mx/lib\libpic32.a(default-bootstrap-exception-handler.o)
 .debug_str     0x000005c1        0x0 d:/programs/xc32/bin/bin/../../lib/gcc/pic32mx/4.8.3/../../../../pic32mx/lib\libpic32.a(default-on-reset.o)
 .debug_str     0x000005c1        0x0 d:/programs/xc32/bin/bin/../../lib/gcc/pic32mx/4.8.3/../../../../pic32mx/lib\libpic32.a(default-on-bootstrap.o)
 .debug_str     0x000005c1        0x0 d:/programs/xc32/bin/bin/../../lib/gcc/pic32mx/4.8.3/../../../../pic32mx/lib\libpic32.a(defaultinterrupt.o)
 .debug_str     0x000005c1        0x0 d:/programs/xc32/bin/bin/../../lib/gcc/pic32mx/4.8.3/../../../../pic32mx/lib\libc.a(printf_cdnopsuxX.eo)
 .debug_str     0x000005c1        0x0 d:/programs/xc32/bin/bin/../../lib/gcc/pic32mx/4.8.3/../../../../pic32mx/lib\libc.a(sprintf_fF.eo)
 .debug_str     0x000005c1        0x0 d:/programs/xc32/bin/bin/../../lib/gcc/pic32mx/4.8.3/../../../../pic32mx/lib\libc.a(_iob.o)
 .debug_str     0x000005c1        0x0 d:/programs/xc32/bin/bin/../../lib/gcc/pic32mx/4.8.3/../../../../pic32mx/lib\libc.a(_fputc_simple.o)
 .debug_str     0x000005c1        0x0 d:/programs/xc32/bin/bin/../../lib/gcc/pic32mx/4.8.3/../../../../pic32mx/lib\libc.a(ctype.o)
 .debug_str     0x000005c1        0x0 d:/programs/xc32/bin/bin/../../lib/gcc/pic32mx/4.8.3/../../../../pic32mx/lib\libc.a(ldpowers.o)
 .debug_str     0x000005c1        0x0 d:/programs/xc32/bin/bin/../../lib/gcc/pic32mx/4.8.3/../../../../pic32mx/lib\libc.a(_flsbuf_simple.o)
 .debug_str     0x000005c1        0x0 d:/programs/xc32/bin/bin/../../lib/gcc/pic32mx/4.8.3/../../../../pic32mx/lib\libc.a(doprnt_cdfFnopsuxX.eo)
 .debug_str     0x000005c1        0x0 d:/programs/xc32/bin/bin/../../lib/gcc/pic32mx/4.8.3/../../../../pic32mx/lib\libe.a(_fixunsdfdi.o)
 .debug_str     0x000005c1        0x0 d:/programs/xc32/bin/bin/../../lib/gcc/pic32mx/4.8.3/../../../../pic32mx/lib\libe.a(_orderdf2.o)
 .debug_str     0x000005c1        0x0 d:/programs/xc32/bin/bin/../../lib/gcc/pic32mx/4.8.3/../../../../pic32mx/lib\libe.a(_fixdfdi.o)
 .debug_str     0x000005c1        0x0 d:/programs/xc32/bin/bin/../../lib/gcc/pic32mx/4.8.3\libgcc.a(_floatundidf.o)
 .debug_str     0x000005c1        0x0 d:/programs/xc32/bin/bin/../../lib/gcc/pic32mx/4.8.3\libgcc.a(_umoddi3.o)
 .debug_str     0x000005c1        0x0 d:/programs/xc32/bin/bin/../../lib/gcc/pic32mx/4.8.3\libgcc.a(floatunsidf.o)
 .debug_str     0x000005c1        0x0 d:/programs/xc32/bin/bin/../../lib/gcc/pic32mx/4.8.3/../../../../pic32mx/lib\libpic32.a(write.o)

.debug_loc      0x00000000     0x79a4
 *(.debug_loc)
 .debug_loc     0x00000000      0x2b3 build/default/debug/MPU6050.o
 .debug_loc     0x000002b3      0x34b build/default/debug/BNO055.o
 .debug_loc     0x000005fe      0x302 build/default/debug/_ext/1360937237/i2c_personal.o
 .debug_loc     0x00000900      0x39a build/default/debug/_ext/1360937237/interrupt_callbacks.o
 .debug_loc     0x00000c9a       0xb5 build/default/debug/_ext/1360937237/state_estimation.o
 .debug_loc     0x00000d4f       0x14 build/default/debug/_ext/1360937237/uart_bluetooth.o
 .debug_loc     0x00000d63       0x40 build/default/debug/_ext/1865301019/plib_icap4.o
 .debug_loc     0x00000da3       0x40 build/default/debug/_ext/1865301019/plib_icap2.o
 .debug_loc     0x00000de3       0x40 build/default/debug/_ext/1865301019/plib_icap3.o
 .debug_loc     0x00000e23       0x20 build/default/debug/_ext/1360937237/main.o
 .debug_loc     0x00000e43       0x4d build/default/debug/_ext/1171490990/initialization.o
 .debug_loc     0x00000e90      0x1c2 build/default/debug/_ext/1171490990/interrupts.o
 .debug_loc     0x00001052       0x20 build/default/debug/_ext/1171490990/exceptions.o
 .debug_loc     0x00001072      0x129 build/default/debug/_ext/1865254177/plib_gpio.o
 .debug_loc     0x0000119b       0xc4 build/default/debug/_ext/1865200349/plib_evic.o
 .debug_loc     0x0000125f       0x40 build/default/debug/_ext/1865301019/plib_icap1.o
 .debug_loc     0x0000129f     0x12ff build/default/debug/_ext/158385033/drv_i2c.o
 .debug_loc     0x0000259e     0x1af0 build/default/debug/_ext/101884895/sys_time.o
 .debug_loc     0x0000408e      0x430 build/default/debug/_ext/1865657120/plib_uart6.o
 .debug_loc     0x000044be      0x1b5 build/default/debug/_ext/1249264884/plib_coretimer.o
 .debug_loc     0x00004673       0x3f build/default/debug/_ext/60181895/plib_tmr4.o
 .debug_loc     0x000046b2     0x1802 build/default/debug/_ext/869808652/drv_usart.o
 .debug_loc     0x00005eb4      0x11d build/default/debug/_ext/60169480/plib_i2c5.o
 .debug_loc     0x00005fd1       0x3f build/default/debug/_ext/60181895/plib_tmr2.o
 .debug_loc     0x00006010       0x3f build/default/debug/_ext/1865638794/plib_tmr1.o
 .debug_loc     0x0000604f      0x19d build/default/debug/_ext/1881668453/sys_int.o
 .debug_loc     0x000061ec      0x120 build/default/debug/_ext/1360937237/app.o
 .debug_loc     0x0000630c       0x2c build/default/debug/_ext/1171490990/tasks.o
 .debug_loc     0x00006338      0xa6a d:/programs/xc32/bin/bin/../../lib/gcc/pic32mx/4.8.3\libgcc.a(_udivdi3.o)
 .debug_loc     0x00006da2       0x74 d:/programs/xc32/bin/bin/../../lib/gcc/pic32mx/4.8.3\libgcc.a(floatunsisf.o)
 .debug_loc     0x00006e16       0x2c d:/programs/xc32/bin/bin/../../lib/gcc/pic32mx/4.8.3/../../../../pic32mx/lib\libpic32.a(default-bootstrap-exception-handler.o)
 .debug_loc     0x00006e42       0x2c d:/programs/xc32/bin/bin/../../lib/gcc/pic32mx/4.8.3/../../../../pic32mx/lib\libe.a(_fixunsdfdi.o)
 .debug_loc     0x00006e6e       0x41 d:/programs/xc32/bin/bin/../../lib/gcc/pic32mx/4.8.3\libgcc.a(_floatundidf.o)
 .debug_loc     0x00006eaf      0xa3d d:/programs/xc32/bin/bin/../../lib/gcc/pic32mx/4.8.3\libgcc.a(_umoddi3.o)
 .debug_loc     0x000078ec       0x80 d:/programs/xc32/bin/bin/../../lib/gcc/pic32mx/4.8.3\libgcc.a(floatunsidf.o)
 .debug_loc     0x0000796c       0x38 d:/programs/xc32/bin/bin/../../lib/gcc/pic32mx/4.8.3/../../../../pic32mx/lib\libpic32.a(write.o)

.debug_macinfo
 *(.debug_macinfo)

.debug_weaknames
 *(.debug_weaknames)

.debug_funcnames
 *(.debug_funcnames)

.debug_typenames
 *(.debug_typenames)

.debug_varnames
 *(.debug_varnames)

.debug_pubtypes
 *(.debug_pubtypes)

.debug_ranges   0x00000000      0xe58
 *(.debug_ranges)
 .debug_ranges  0x00000000       0x10 d:/programs/xc32/bin/bin/../../lib/gcc/pic32mx/4.8.3/../../../../pic32mx/lib\software-debug-break.o
 .debug_ranges  0x00000010       0x18 build/default/debug/MPU6050.o
 .debug_ranges  0x00000028       0x20 build/default/debug/BNO055.o
 .debug_ranges  0x00000048       0x28 build/default/debug/_ext/1360937237/i2c_personal.o