
Optional file libmchp_peripheral.a not found

Optional file libmchp_peripheral_32MX795F512H.a not found
Archive member included because of file (symbol)

d:/programs/xc32/bin/bin/../../lib/gcc/pic32mx/4.8.3\libgcc.a(_udivdi3.o)
                              build/default/production/_ext/101884895/sys_time.o (__udivdi3)
d:/programs/xc32/bin/bin/../../lib/gcc/pic32mx/4.8.3\libgcc.a(floatunsisf.o)
                              build/default/production/_ext/1360937237/app.o (__floatunsisf)
d:/programs/xc32/bin/bin/../../lib/gcc/pic32mx/4.8.3/../../../../pic32mx/lib\libpic32.a(memset.o)
                              build/default/production/_ext/101884895/sys_time.o (memset)
d:/programs/xc32/bin/bin/../../lib/gcc/pic32mx/4.8.3/../../../../pic32mx/lib\libpic32.a(default-bootstrap-exception-handler.o)
                              C:\Users\samfi\AppData\Local\Temp\ccXIdk9F.o (_bootstrap_exception_handler)
d:/programs/xc32/bin/bin/../../lib/gcc/pic32mx/4.8.3/../../../../pic32mx/lib\libpic32.a(default-on-reset.o)
                              C:\Users\samfi\AppData\Local\Temp\ccXIdk9F.o (_on_reset)
d:/programs/xc32/bin/bin/../../lib/gcc/pic32mx/4.8.3/../../../../pic32mx/lib\libpic32.a(default-on-bootstrap.o)
                              C:\Users\samfi\AppData\Local\Temp\ccXIdk9F.o (_on_bootstrap)
d:/programs/xc32/bin/bin/../../lib/gcc/pic32mx/4.8.3/../../../../pic32mx/lib\libpic32.a(default-nmi-handler.o)
                              C:\Users\samfi\AppData\Local\Temp\ccXIdk9F.o (_nmi_handler)
d:/programs/xc32/bin/bin/../../lib/gcc/pic32mx/4.8.3/../../../../pic32mx/lib\libpic32.a(pic32_data_init.o)
                              C:\Users\samfi\AppData\Local\Temp\ccXIdk9F.o (__pic32_data_init)
d:/programs/xc32/bin/bin/../../lib/gcc/pic32mx/4.8.3/../../../../pic32mx/lib\libpic32.a(general-exception.o)
                              C:\Users\samfi\AppData\Local\Temp\ccXIdk9F.o (_general_exception_context)
d:/programs/xc32/bin/bin/../../lib/gcc/pic32mx/4.8.3/../../../../pic32mx/lib\libpic32.a(vector1.o)
                              C:\Users\samfi\AppData\Local\Temp\cccTzzRk.o (__vector_dispatch_1)
d:/programs/xc32/bin/bin/../../lib/gcc/pic32mx/4.8.3/../../../../pic32mx/lib\libpic32.a(vector2.o)
                              C:\Users\samfi\AppData\Local\Temp\cccTzzRk.o (__vector_dispatch_2)
d:/programs/xc32/bin/bin/../../lib/gcc/pic32mx/4.8.3/../../../../pic32mx/lib\libpic32.a(vector3.o)
                              C:\Users\samfi\AppData\Local\Temp\cccTzzRk.o (__vector_dispatch_3)
d:/programs/xc32/bin/bin/../../lib/gcc/pic32mx/4.8.3/../../../../pic32mx/lib\libpic32.a(vector6.o)
                              C:\Users\samfi\AppData\Local\Temp\cccTzzRk.o (__vector_dispatch_6)
d:/programs/xc32/bin/bin/../../lib/gcc/pic32mx/4.8.3/../../../../pic32mx/lib\libpic32.a(vector7.o)
                              C:\Users\samfi\AppData\Local\Temp\cccTzzRk.o (__vector_dispatch_7)
d:/programs/xc32/bin/bin/../../lib/gcc/pic32mx/4.8.3/../../../../pic32mx/lib\libpic32.a(vector10.o)
                              C:\Users\samfi\AppData\Local\Temp\cccTzzRk.o (__vector_dispatch_10)
d:/programs/xc32/bin/bin/../../lib/gcc/pic32mx/4.8.3/../../../../pic32mx/lib\libpic32.a(vector11.o)
                              C:\Users\samfi\AppData\Local\Temp\cccTzzRk.o (__vector_dispatch_11)
d:/programs/xc32/bin/bin/../../lib/gcc/pic32mx/4.8.3/../../../../pic32mx/lib\libpic32.a(vector12.o)
                              C:\Users\samfi\AppData\Local\Temp\cccTzzRk.o (__vector_dispatch_12)
d:/programs/xc32/bin/bin/../../lib/gcc/pic32mx/4.8.3/../../../../pic32mx/lib\libpic32.a(vector14.o)
                              C:\Users\samfi\AppData\Local\Temp\cccTzzRk.o (__vector_dispatch_14)
d:/programs/xc32/bin/bin/../../lib/gcc/pic32mx/4.8.3/../../../../pic32mx/lib\libpic32.a(vector15.o)
                              C:\Users\samfi\AppData\Local\Temp\cccTzzRk.o (__vector_dispatch_15)
d:/programs/xc32/bin/bin/../../lib/gcc/pic32mx/4.8.3/../../../../pic32mx/lib\libpic32.a(vector18.o)
                              C:\Users\samfi\AppData\Local\Temp\cccTzzRk.o (__vector_dispatch_18)
d:/programs/xc32/bin/bin/../../lib/gcc/pic32mx/4.8.3/../../../../pic32mx/lib\libpic32.a(vector19.o)
                              C:\Users\samfi\AppData\Local\Temp\cccTzzRk.o (__vector_dispatch_19)
d:/programs/xc32/bin/bin/../../lib/gcc/pic32mx/4.8.3/../../../../pic32mx/lib\libpic32.a(vector20.o)
                              C:\Users\samfi\AppData\Local\Temp\cccTzzRk.o (__vector_dispatch_20)
d:/programs/xc32/bin/bin/../../lib/gcc/pic32mx/4.8.3/../../../../pic32mx/lib\libpic32.a(vector21.o)
                              C:\Users\samfi\AppData\Local\Temp\cccTzzRk.o (__vector_dispatch_21)
d:/programs/xc32/bin/bin/../../lib/gcc/pic32mx/4.8.3/../../../../pic32mx/lib\libpic32.a(vector22.o)
                              C:\Users\samfi\AppData\Local\Temp\cccTzzRk.o (__vector_dispatch_22)
d:/programs/xc32/bin/bin/../../lib/gcc/pic32mx/4.8.3/../../../../pic32mx/lib\libpic32.a(vector23.o)
[...]
Memory Configuration

Name             Origin             Length             Attributes
kseg0_program_mem 0x9d000000         0x00080000         xr
kseg0_boot_mem   0x9fc00490         0x00000970
exception_mem    0x9fc01000         0x00001000
kseg1_boot_mem   0xbfc00000         0x00000490
debug_exec_mem   0xbfc02000         0x00000ff0
config3          0xbfc02ff0         0x00000004
config2          0xbfc02ff4         0x00000004
config1          0xbfc02ff8         0x00000004
config0          0xbfc02ffc         0x00000004
kseg1_data_mem   0xa0000000         0x00020000         w !x
sfrs             0xbf800000         0x00100000
configsfrs       0xbfc02ff0         0x00000010
*default*        0x00000000         0xffffffff

Linker script and memory map

LOAD d:/programs/xc32/bin/bin/../../lib/gcc/pic32mx/4.8.3/../../../../pic32mx/lib\debug-exception-return.o
LOAD build/default/production/MPU6050.o
LOAD build/default/production/BNO055.o
LOAD build/default/production/_ext/1360937237/i2c_personal.o
LOAD build/default/production/_ext/1360937237/interrupt_callbacks.o
LOAD build/default/production/_ext/1360937237/state_estimation.o
LOAD build/default/production/_ext/1360937237/uart_bluetooth.o
LOAD build/default/production/motors/motor.o
LOAD build/default/production/_ext/1360937237/transmitter.o
LOAD build/default/production/_ext/1360937237/led.o
LOAD build/default/production/_ext/1865301019/plib_icap4.o
LOAD build/default/production/_ext/1865301019/plib_icap2.o
LOAD build/default/production/_ext/1865301019/plib_icap3.o
LOAD build/default/production/_ext/1865301019/plib_icap1.o
LOAD build/default/production/_ext/1865480137/plib_ocmp1.o
LOAD build/default/production/_ext/1865480137/plib_ocmp4.o
LOAD build/default/production/_ext/1865480137/plib_ocmp2.o
LOAD build/default/production/_ext/158385033/drv_i2c.o
LOAD build/default/production/_ext/1865480137/plib_ocmp3.o
LOAD build/default/production/_ext/101884895/sys_time.o
LOAD build/default/production/_ext/1865657120/plib_uart6.o
LOAD build/default/production/_ext/1249264884/plib_coretimer.o
LOAD build/default/production/_ext/60181895/plib_tmr4.o
LOAD build/default/production/_ext/60181895/plib_tmr2.o
LOAD build/default/production/_ext/60181895/plib_tmr3.o
LOAD build/default/production/_ext/897820976/drv_at24.o
LOAD build/default/production/_ext/1865638794/plib_tmr1.o
LOAD build/default/production/_ext/1881668453/sys_int.o
LOAD build/default/production/_ext/14461671/sys_dma.o
LOAD build/default/production/_ext/1360937237/app.o
LOAD build/default/production/_ext/1171490990/tasks.o
LOAD build/default/production/_ext/1360937237/main.o
LOAD build/default/production/_ext/1171490990/initialization.o
LOAD build/default/production/_ext/1171490990/interrupts.o
LOAD build/default/production/_ext/1171490990/exceptions.o
LOAD build/default/production/_ext/163028504/xc32_monitor.o
LOAD build/default/production/_ext/60165520/plib_clk.o
LOAD build/default/production/_ext/1865254177/plib_gpio.o
LOAD build/default/production/_ext/1865200349/plib_evic.o
LOAD build/default/production/_ext/60169480/plib_i2c4.o
LOAD build/default/production/_ext/869808652/drv_usart.o
LOAD build/default/production/_ext/60169480/plib_i2c5.o
                0x00000001                __MPLAB_BUILD = 0x1
                0x00000200                _min_heap_size = 0x200
LOAD C:\Users\samfi\AppData\Local\Temp\ccXIdk9F.o
LOAD C:\Users\samfi\AppData\Local\Temp\ccU65VCN.o
LOAD C:\Users\samfi\AppData\Local\Temp\cccTzzRk.o
LOAD d:/programs/xc32/bin/bin/../../lib/gcc/pic32mx/4.8.3/../../../../pic32mx/lib\pic32_software_reset.o
                0x00000400                PROVIDE (_min_stack_size, 0x400)
START GROUP
LOAD d:/programs/xc32/bin/bin/../../lib/gcc/pic32mx/4.8.3/../../../../pic32mx/lib/./proc/32MX795F512H\processor.o
END GROUP
START GROUP
LOAD libmchp_peripheral.a
END GROUP
START GROUP
LOAD libmchp_peripheral_32MX795F512H.a
END GROUP
                0x00000001                PROVIDE (_vector_spacing, 0x1)
                0x9fc01000                PROVIDE (_ebase_address, 0x9fc01000)
                0xbfc00000                _RESET_ADDR = 0xbfc00000
                0xbfc00380                _BEV_EXCPT_ADDR = 0xbfc00380
                0xbfc00480                _DBG_EXCPT_ADDR = 0xbfc00480
                0xbfc02000                _DBG_CODE_ADDR = 0xbfc02000
                0x00000ff0                _DBG_CODE_SIZE = 0xff0
                0x9fc01180                _GEN_EXCPT_ADDR = (_ebase_address + 0x180)

.config_BFC02FF0
                0xbfc02ff0        0x4
 *(.config_BFC02FF0)
 .config_BFC02FF0
                0xbfc02ff0        0x4 build/default/production/_ext/1171490990/initialization.o

.config_BFC02FF4
                0xbfc02ff4        0x4
 *(.config_BFC02FF4)
 .config_BFC02FF4
                0xbfc02ff4        0x4 build/default/production/_ext/1171490990/initialization.o

.config_BFC02FF8
                0xbfc02ff8        0x4
 *(.config_BFC02FF8)
 .config_BFC02FF8
                0xbfc02ff8        0x4 build/default/production/_ext/1171490990/initialization.o

.config_BFC02FFC
                0xbfc02ffc        0x4
 *(.config_BFC02FFC)
 .config_BFC02FFC
                0xbfc02ffc        0x4 build/default/production/_ext/1171490990/initialization.o
                0xbfc02000                PROVIDE (_DBG_CODE_ADDR, 0xbfc02000)
                0x00000ff0                PROVIDE (_DBG_CODE_SIZE, 0xff0)

.reset          0xbfc00000      0x19c
 *(.reset)
 .reset         0xbfc00000        0x8 C:\Users\samfi\AppData\Local\Temp\ccXIdk9F.o
                0xbfc00000                _reset
 *(.reset.startup)
 .reset.startup
                0xbfc00008      0x194 C:\Users\samfi\AppData\Local\Temp\ccXIdk9F.o
                0xbfc00008                _startup

.bev_excpt      0xbfc00380       0x10
 *(.bev_handler)
 .bev_handler   0xbfc00380       0x10 C:\Users\samfi\AppData\Local\Temp\ccXIdk9F.o

.dbg_excpt      0xbfc00480        0x0
                0xbfc00480                . = (. + DEFINED (_DEBUGGER)?0x8:0x0)

.dbg_code       0xbfc02000        0x0
                0xbfc02000                . = (. + DEFINED (_DEBUGGER)?_DBG_CODE_SIZE:0x0)

.app_excpt      0x9fc01180       0x10
 *(.gen_handler)
 .gen_handler   0x9fc01180       0x10 C:\Users\samfi\AppData\Local\Temp\ccXIdk9F.o

.vector_0       0x9fc01200        0x8
 *(.vector_0)
 .vector_0      0x9fc01200        0x8 build/default/production/_ext/1171490990/interrupts.o
                0x9fc01200                __vector_dispatch_0
                0x00000001                ASSERT (((_vector_spacing == 0x0) || (SIZEOF (.vector_0) <= (_vector_spacing << 0x5))), function at exception vector 0 too large)

.vector_1       0x9fc01220        0x8
 *(.vector_1)
 .vector_1      0x9fc01220        0x8 d:/programs/xc32/bin/bin/../../lib/gcc/pic32mx/4.8.3/../../../../pic32mx/lib\libpic32.a(vector1.o)
                0x9fc01220                __vector_dispatch_1
                0x00000001                ASSERT (((_vector_spacing == 0x0) || (SIZEOF (.vector_1) <= (_vector_spacing << 0x5))), function at exception vector 1 too large)

.vector_2       0x9fc01240        0x8
 *(.vector_2)
 .vector_2      0x9fc01240        0x8 d:/programs/xc32/bin/bin/../../lib/gcc/pic32mx/4.8.3/../../../../pic32mx/lib\libpic32.a(vector2.o)
                0x9fc01240                __vector_dispatch_2
                0x00000001                ASSERT (((_vector_spacing == 0x0) || (SIZEOF (.vector_2) <= (_vector_spacing << 0x5))), function at exception vector 2 too large)

.vector_3       0x9fc01260        0x8
 *(.vector_3)
 .vector_3      0x9fc01260        0x8 d:/programs/xc32/bin/bin/../../lib/gcc/pic32mx/4.8.3/../../../../pic32mx/lib\libpic32.a(vector3.o)
                0x9fc01260                __vector_dispatch_3
                0x00000001                ASSERT (((_vector_spacing == 0x0) || (SIZEOF (.vector_3) <= (_vector_spacing << 0x5))), function at exception vector 3 too large)

.vector_4       0x9fc01280        0x8
 *(.vector_4)
 .vector_4      0x9fc01280        0x8 build/default/production/_ext/1171490990/interrupts.o
                0x9fc01280                __vector_dispatch_4
                0x00000001                ASSERT (((_vector_spacing == 0x0) || (SIZEOF (.vector_4) <= (_vector_spacing << 0x5))), function at exception vector 4 too large)

.vector_5       0x9fc012a0        0x8
 *(.vector_5)
 .vector_5      0x9fc012a0        0x8 build/default/production/_ext/1171490990/interrupts.o
                0x9fc012a0                __vector_dispatch_5
                0x00000001                ASSERT (((_vector_spacing == 0x0) || (SIZEOF (.vector_5) <= (_vector_spacing << 0x5))), function at exception vector 5 too large)

.vector_6       0x9fc012c0        0x8
 *(.vector_6)
 .vector_6      0x9fc012c0        0x8 d:/programs/xc32/bin/bin/../../lib/gcc/pic32mx/4.8.3/../../../../pic32mx/lib\libpic32.a(vector6.o)
                0x9fc012c0                __vector_dispatch_6
                0x00000001                ASSERT (((_vector_spacing == 0x0) || (SIZEOF (.vector_6) <= (_vector_spacing << 0x5))), function at exception vector 6 too large)

.vector_7       0x9fc012e0        0x8
 *(.vector_7)
 .vector_7      0x9fc012e0        0x8 d:/programs/xc32/bin/bin/../../lib/gcc/pic32mx/4.8.3/../../../../pic32mx/lib\libpic32.a(vector7.o)
                0x9fc012e0                __vector_dispatch_7
                0x00000001                ASSERT (((_vector_spacing == 0x0) || (SIZEOF (.vector_7) <= (_vector_spacing << 0x5))), function at exception vector 7 too large)

.vector_8       0x9fc01300        0x8
 *(.vector_8)
 .vector_8      0x9fc01300        0x8 build/default/production/_ext/1171490990/interrupts.o
                0x9fc01300                __vector_dispatch_8
                0x00000001                ASSERT (((_vector_spacing == 0x0) || (SIZEOF (.vector_8) <= (_vector_spacing << 0x5))), function at exception vector 8 too large)

.vector_9       0x9fc01320        0x8
 *(.vector_9)
 .vector_9      0x9fc01320        0x8 build/default/production/_ext/1171490990/interrupts.o
                0x9fc01320                __vector_dispatch_9
                0x00000001                ASSERT (((_vector_spacing == 0x0) || (SIZEOF (.vector_9) <= (_vector_spacing << 0x5))), function at exception vector 9 too large)

.vector_10      0x9fc01340        0x8
 *(.vector_10)
 .vector_10     0x9fc01340        0x8 d:/programs/xc32/bin/bin/../../lib/gcc/pic32mx/4.8.3/../../../../pic32mx/lib\libpic32.a(vector10.o)
                0x9fc01340                __vector_dispatch_10
                0x00000001                ASSERT (((_vector_spacing == 0x0) || (SIZEOF (.vector_10) <= (_vector_spacing << 0x5))), function at exception vector 10 too large)

.vector_11      0x9fc01360        0x8
 *(.vector_11)
 .vector_11     0x9fc01360        0x8 d:/programs/xc32/bin/bin/../../lib/gcc/pic32mx/4.8.3/../../../../pic32mx/lib\libpic32.a(vector11.o)
                0x9fc01360                __vector_dispatch_11
                0x00000001                ASSERT (((_vector_spacing == 0x0) || (SIZEOF (.vector_11) <= (_vector_spacing << 0x5))), function at exception vector 11 too large)

.vector_12      0x9fc01380        0x8
 *(.vector_12)
 .vector_12     0x9fc01380        0x8 d:/programs/xc32/bin/bin/../../lib/gcc/pic32mx/4.8.3/../../../../pic32mx/lib\libpic32.a(vector12.o)
                0x9fc01380                __vector_dispatch_12
                0x00000001                ASSERT (((_vector_spacing == 0x0) || (SIZEOF (.vector_12) <= (_vector_spacing << 0x5))), function at exception vector 12 too large)

.vector_13      0x9fc013a0        0x8
 *(.vector_13)
 .vector_13     0x9fc013a0        0x8 build/default/production/_ext/1171490990/interrupts.o
                0x9fc013a0                __vector_dispatch_13
                0x00000001                ASSERT (((_vector_spacing == 0x0) || (SIZEOF (.vector_13) <= (_vector_spacing << 0x5))), function at exception vector 13 too large)

.vector_14      0x9fc013c0        0x8
 *(.vector_14)
 .vector_14     0x9fc013c0        0x8 d:/programs/xc32/bin/bin/../../lib/gcc/pic32mx/4.8.3/../../../../pic32mx/lib\libpic32.a(vector14.o)
                0x9fc013c0                __vector_dispatch_14
                0x00000001                ASSERT (((_vector_spacing == 0x0) || (SIZEOF (.vector_14) <= (_vector_spacing << 0x5))), function at exception vector 14 too large)

.vector_15      0x9fc013e0        0x8
 *(.vector_15)
 .vector_15     0x9fc013e0        0x8 d:/programs/xc32/bin/bin/../../lib/gcc/pic32mx/4.8.3/../../../../pic32mx/lib\libpic32.a(vector15.o)
                0x9fc013e0                __vector_dispatch_15
                0x00000001                ASSERT (((_vector_spacing == 0x0) || (SIZEOF (.vector_15) <= (_vector_spacing << 0x5))), function at exception vector 15 too large)

.vector_16      0x9fc01400        0x8
 *(.vector_16)
 .vector_16     0x9fc01400        0x8 build/default/production/_ext/1171490990/interrupts.o
                0x9fc01400                __vector_dispatch_16
                0x00000001                ASSERT (((_vector_spacing == 0x0) || (SIZEOF (.vector_16) <= (_vector_spacing << 0x5))), function at exception vector 16 too large)

.vector_17      0x9fc01420        0x8
 *(.vector_17)
 .vector_17     0x9fc01420        0x8 build/default/production/_ext/1171490990/interrupts.o
                0x9fc01420                __vector_dispatch_17
                0x00000001                ASSERT (((_vector_spacing == 0x0) || (SIZEOF (.vector_17) <= (_vector_spacing << 0x5))), function at exception vector 17 too large)

.vector_18      0x9fc01440        0x8
 *(.vector_18)
 .vector_18     0x9fc01440        0x8 d:/programs/xc32/bin/bin/../../lib/gcc/pic32mx/4.8.3/../../../../pic32mx/lib\libpic32.a(vector18.o)
                0x9fc01440                __vector_dispatch_18
                0x00000001                ASSERT (((_vector_spacing == 0x0) || (SIZEOF (.vector_18) <= (_vector_spacing << 0x5))), function at exception vector 18 too large)

.vector_19      0x9fc01460        0x8
 *(.vector_19)
 .vector_19     0x9fc01460        0x8 d:/programs/xc32/bin/bin/../../lib/gcc/pic32mx/4.8.3/../../../../pic32mx/lib\libpic32.a(vector19.o)
                0x9fc01460                __vector_dispatch_19
                0x00000001                ASSERT (((_vector_spacing == 0x0) || (SIZEOF (.vector_19) <= (_vector_spacing << 0x5))), function at exception vector 19 too large)

.vector_20      0x9fc01480        0x8
 *(.vector_20)
 .vector_20     0x9fc01480        0x8 d:/programs/xc32/bin/bin/../../lib/gcc/pic32mx/4.8.3/../../../../pic32mx/lib\libpic32.a(vector20.o)
                0x9fc01480                __vector_dispatch_20
                0x00000001                ASSERT (((_vector_spacing == 0x0) || (SIZEOF (.vector_20) <= (_vector_spacing << 0x5))), function at exception vector 20 too large)

.vector_21      0x9fc014a0        0x8
 *(.vector_21)
 .vector_21     0x9fc014a0        0x8 d:/programs/xc32/bin/bin/../../lib/gcc/pic32mx/4.8.3/../../../../pic32mx/lib\libpic32.a(vector21.o)
                0x9fc014a0                __vector_dispatch_21
                0x00000001                ASSERT (((_vector_spacing == 0x0) || (SIZEOF (.vector_21) <= (_vector_spacing << 0x5))), function at exception vector 21 too large)

.vector_22      0x9fc014c0        0x8
 *(.vector_22)
 .vector_22     0x9fc014c0        0x8 d:/programs/xc32/bin/bin/../../lib/gcc/pic32mx/4.8.3/../../../../pic32mx/lib\libpic32.a(vector22.o)
                0x9fc014c0                __vector_dispatch_22
                0x00000001                ASSERT (((_vector_spacing == 0x0) || (SIZEOF (.vector_22) <= (_vector_spacing << 0x5))), function at exception vector 22 too large)

.vector_23      0x9fc014e0        0x8
 *(.vector_23)
 .vector_23     0x9fc014e0        0x8 d:/programs/xc32/bin/bin/../../lib/gcc/pic32mx/4.8.3/../../../../pic32mx/lib\libpic32.a(vector23.o)
                0x9fc014e0                __vector_dispatch_23
                0x00000001                ASSERT (((_vector_spacing == 0x0) || (SIZEOF (.vector_23) <= (_vector_spacing << 0x5))), function at exception vector 23 too large)

.vector_24      0x9fc01500        0x8
 *(.vector_24)
 .vector_24     0x9fc01500        0x8 d:/programs/xc32/bin/bin/../../lib/gcc/pic32mx/4.8.3/../../../../pic32mx/lib\libpic32.a(vector24.o)
                0x9fc01500                __vector_dispatch_24
                0x00000001                ASSERT (((_vector_spacing == 0x0) || (SIZEOF (.vector_24) <= (_vector_spacing << 0x5))), function at exception vector 24 too large)

.vector_25      0x9fc01520        0x8
 *(.vector_25)
 .vector_25     0x9fc01520        0x8 d:/programs/xc32/bin/bin/../../lib/gcc/pic32mx/4.8.3/../../../../pic32mx/lib\libpic32.a(vector25.o)
                0x9fc01520                __vector_dispatch_25
                0x00000001                ASSERT (((_vector_spacing == 0x0) || (SIZEOF (.vector_25) <= (_vector_spacing << 0x5))), function at exception vector 25 too large)

.vector_26      0x9fc01540        0x8
 *(.vector_26)
 .vector_26     0x9fc01540        0x8 d:/programs/xc32/bin/bin/../../lib/gcc/pic32mx/4.8.3/../../../../pic32mx/lib\libpic32.a(vector26.o)
                0x9fc01540                __vector_dispatch_26
                0x00000001                ASSERT (((_vector_spacing == 0x0) || (SIZEOF (.vector_26) <= (_vector_spacing << 0x5))), function at exception vector 26 too large)

.vector_27      0x9fc01560        0x8
 *(.vector_27)
 .vector_27     0x9fc01560        0x8 d:/programs/xc32/bin/bin/../../lib/gcc/pic32mx/4.8.3/../../../../pic32mx/lib\libpic32.a(vector27.o)
                0x9fc01560                __vector_dispatch_27
                0x00000001                ASSERT (((_vector_spacing == 0x0) || (SIZEOF (.vector_27) <= (_vector_spacing << 0x5))), function at exception vector 27 too large)

.vector_28      0x9fc01580        0x8
 *(.vector_28)
 .vector_28     0x9fc01580        0x8 d:/programs/xc32/bin/bin/../../lib/gcc/pic32mx/4.8.3/../../../../pic32mx/lib\libpic32.a(vector28.o)
                0x9fc01580                __vector_dispatch_28
                0x00000001                ASSERT (((_vector_spacing == 0x0) || (SIZEOF (.vector_28) <= (_vector_spacing << 0x5))), function at exception vector 28 too large)

.vector_29      0x9fc015a0        0x8
 *(.vector_29)
 .vector_29     0x9fc015a0        0x8 d:/programs/xc32/bin/bin/../../lib/gcc/pic32mx/4.8.3/../../../../pic32mx/lib\libpic32.a(vector29.o)
                0x9fc015a0                __vector_dispatch_29
                0x00000001                ASSERT (((_vector_spacing == 0x0) || (SIZEOF (.vector_29) <= (_vector_spacing << 0x5))), function at exception vector 29 too large)

.vector_30      0x9fc015c0        0x8
 *(.vector_30)
 .vector_30     0x9fc015c0        0x8 d:/programs/xc32/bin/bin/../../lib/gcc/pic32mx/4.8.3/../../../../pic32mx/lib\libpic32.a(vector30.o)
                0x9fc015c0                __vector_dispatch_30
                0x00000001                ASSERT (((_vector_spacing == 0x0) || (SIZEOF (.vector_30) <= (_vector_spacing << 0x5))), function at exception vector 30 too large)

.vector_31      0x9fc015e0        0x8
 *(.vector_31)
 .vector_31     0x9fc015e0        0x8 build/default/production/_ext/1171490990/interrupts.o
                0x9fc015e0                __vector_dispatch_31
                0x00000001                ASSERT (((_vector_spacing == 0x0) || (SIZEOF (.vector_31) <= (_vector_spacing << 0x5))), function at exception vector 31 too large)

.vector_32      0x9fc01600        0x8
 *(.vector_32)
 .vector_32     0x9fc01600        0x8 build/default/production/_ext/1171490990/interrupts.o
                0x9fc01600                __vector_dispatch_32
                0x00000001                ASSERT (((_vector_spacing == 0x0) || (SIZEOF (.vector_32) <= (_vector_spacing << 0x5))), function at exception vector 32 too large)

.vector_33      0x9fc01620        0x8
 *(.vector_33)
 .vector_33     0x9fc01620        0x8 d:/programs/xc32/bin/bin/../../lib/gcc/pic32mx/4.8.3/../../../../pic32mx/lib\libpic32.a(vector33.o)
                0x9fc01620                __vector_dispatch_33
                0x00000001                ASSERT (((_vector_spacing == 0x0) || (SIZEOF (.vector_33) <= (_vector_spacing << 0x5))), function at exception vector 33 too large)

.vector_34      0x9fc01640        0x8
 *(.vector_34)
 .vector_34     0x9fc01640        0x8 d:/programs/xc32/bin/bin/../../lib/gcc/pic32mx/4.8.3/../../../../pic32mx/lib\libpic32.a(vector34.o)
                0x9fc01640                __vector_dispatch_34
                0x00000001                ASSERT (((_vector_spacing == 0x0) || (SIZEOF (.vector_34) <= (_vector_spacing << 0x5))), function at exception vector 34 too large)

.vector_35      0x9fc01660        0x8
 *(.vector_35)
 .vector_35     0x9fc01660        0x8 d:/programs/xc32/bin/bin/../../lib/gcc/pic32mx/4.8.3/../../../../pic32mx/lib\libpic32.a(vector35.o)
                0x9fc01660                __vector_dispatch_35
                0x00000001                ASSERT (((_vector_spacing == 0x0) || (SIZEOF (.vector_35) <= (_vector_spacing << 0x5))), function at exception vector 35 too large)

.vector_36      0x9fc01680        0x8
 *(.vector_36)
 .vector_36     0x9fc01680        0x8 d:/programs/xc32/bin/bin/../../lib/gcc/pic32mx/4.8.3/../../../../pic32mx/lib\libpic32.a(vector36.o)
                0x9fc01680                __vector_dispatch_36
                0x00000001                ASSERT (((_vector_spacing == 0x0) || (SIZEOF (.vector_36) <= (_vector_spacing << 0x5))), function at exception vector 36 too large)

.vector_37      0x9fc016a0        0x8
 *(.vector_37)
 .vector_37     0x9fc016a0        0x8 d:/programs/xc32/bin/bin/../../lib/gcc/pic32mx/4.8.3/../../../../pic32mx/lib\libpic32.a(vector37.o)
                0x9fc016a0                __vector_dispatch_37
                0x00000001                ASSERT (((_vector_spacing == 0x0) || (SIZEOF (.vector_37) <= (_vector_spacing << 0x5))), function at exception vector 37 too large)

.vector_38      0x9fc016c0        0x8
 *(.vector_38)
 .vector_38     0x9fc016c0        0x8 d:/programs/xc32/bin/bin/../../lib/gcc/pic32mx/4.8.3/../../../../pic32mx/lib\libpic32.a(vector38.o)
                0x9fc016c0                __vector_dispatch_38
                0x00000001                ASSERT (((_vector_spacing == 0x0) || (SIZEOF (.vector_38) <= (_vector_spacing << 0x5))), function at exception vector 38 too large)

.vector_39      0x9fc016e0        0x8
 *(.vector_39)
 .vector_39     0x9fc016e0        0x8 d:/programs/xc32/bin/bin/../../lib/gcc/pic32mx/4.8.3/../../../../pic32mx/lib\libpic32.a(vector39.o)
                0x9fc016e0                __vector_dispatch_39
                0x00000001                ASSERT (((_vector_spacing == 0x0) || (SIZEOF (.vector_39) <= (_vector_spacing << 0x5))), function at exception vector 39 too large)

.vector_40      0x9fc01700        0x8
 *(.vector_40)
 .vector_40     0x9fc01700        0x8 d:/programs/xc32/bin/bin/../../lib/gcc/pic32mx/4.8.3/../../../../pic32mx/lib\libpic32.a(vector40.o)
                0x9fc01700                __vector_dispatch_40
                0x00000001                ASSERT (((_vector_spacing == 0x0) || (SIZEOF (.vector_40) <= (_vector_spacing << 0x5))), function at exception vector 40 too large)

.vector_41      0x9fc01720        0x8
 *(.vector_41)
 .vector_41     0x9fc01720        0x8 d:/programs/xc32/bin/bin/../../lib/gcc/pic32mx/4.8.3/../../../../pic32mx/lib\libpic32.a(vector41.o)
                0x9fc01720                __vector_dispatch_41
                0x00000001                ASSERT (((_vector_spacing == 0x0) || (SIZEOF (.vector_41) <= (_vector_spacing << 0x5))), function at exception vector 41 too large)

.vector_42      0x9fc01740        0x8
 *(.vector_42)
 .vector_42     0x9fc01740        0x8 d:/programs/xc32/bin/bin/../../lib/gcc/pic32mx/4.8.3/../../../../pic32mx/lib\libpic32.a(vector42.o)
                0x9fc01740                __vector_dispatch_42
                0x00000001                ASSERT (((_vector_spacing == 0x0) || (SIZEOF (.vector_42) <= (_vector_spacing << 0x5))), function at exception vector 42 too large)

.vector_43      0x9fc01760        0x8
 *(.vector_43)
 .vector_43     0x9fc01760        0x8 d:/programs/xc32/bin/bin/../../lib/gcc/pic32mx/4.8.3/../../../../pic32mx/lib\libpic32.a(vector43.o)
                0x9fc01760                __vector_dispatch_43
                0x00000001                ASSERT (((_vector_spacing == 0x0) || (SIZEOF (.vector_43) <= (_vector_spacing << 0x5))), function at exception vector 43 too large)

.vector_44      0x9fc01780        0x8
 *(.vector_44)
 .vector_44     0x9fc01780        0x8 d:/programs/xc32/bin/bin/../../lib/gcc/pic32mx/4.8.3/../../../../pic32mx/lib\libpic32.a(vector44.o)
                0x9fc01780                __vector_dispatch_44
                0x00000001                ASSERT (((_vector_spacing == 0x0) || (SIZEOF (.vector_44) <= (_vector_spacing << 0x5))), function at exception vector 44 too large)

.vector_45      0x9fc017a0        0x8
 *(.vector_45)
 .vector_45     0x9fc017a0        0x8 d:/programs/xc32/bin/bin/../../lib/gcc/pic32mx/4.8.3/../../../../pic32mx/lib\libpic32.a(vector45.o)
                0x9fc017a0                __vector_dispatch_45
                0x00000001                ASSERT (((_vector_spacing == 0x0) || (SIZEOF (.vector_45) <= (_vector_spacing << 0x5))), function at exception vector 45 too large)

.vector_46      0x9fc017c0        0x8
 *(.vector_46)
 .vector_46     0x9fc017c0        0x8 d:/programs/xc32/bin/bin/../../lib/gcc/pic32mx/4.8.3/../../../../pic32mx/lib\libpic32.a(vector46.o)
                0x9fc017c0                __vector_dispatch_46
                0x00000001                ASSERT (((_vector_spacing == 0x0) || (SIZEOF (.vector_46) <= (_vector_spacing << 0x5))), function at exception vector 46 too large)

.vector_47      0x9fc017e0        0x8
 *(.vector_47)
 .vector_47     0x9fc017e0        0x8 d:/programs/xc32/bin/bin/../../lib/gcc/pic32mx/4.8.3/../../../../pic32mx/lib\libpic32.a(vector47.o)
                0x9fc017e0                __vector_dispatch_47
                0x00000001                ASSERT (((_vector_spacing == 0x0) || (SIZEOF (.vector_47) <= (_vector_spacing << 0x5))), function at exception vector 47 too large)

.vector_48      0x9fc01800        0x8
 *(.vector_48)
 .vector_48     0x9fc01800        0x8 d:/programs/xc32/bin/bin/../../lib/gcc/pic32mx/4.8.3/../../../../pic32mx/lib\libpic32.a(vector48.o)
                0x9fc01800                __vector_dispatch_48
                0x00000001                ASSERT (((_vector_spacing == 0x0) || (SIZEOF (.vector_48) <= (_vector_spacing << 0x5))), function at exception vector 48 too large)

.vector_49      0x9fc01820        0x8
 *(.vector_49)
 .vector_49     0x9fc01820        0x8 d:/programs/xc32/bin/bin/../../lib/gcc/pic32mx/4.8.3/../../../../pic32mx/lib\libpic32.a(vector49.o)
                0x9fc01820                __vector_dispatch_49
                0x00000001                ASSERT (((_vector_spacing == 0x0) || (SIZEOF (.vector_49) <= (_vector_spacing << 0x5))), function at exception vector 49 too large)

.vector_50      0x9fc01840        0x8
 *(.vector_50)
 .vector_50     0x9fc01840        0x8 build/default/production/_ext/1171490990/interrupts.o
                0x9fc01840                __vector_dispatch_50
                0x00000001                ASSERT (((_vector_spacing == 0x0) || (SIZEOF (.vector_50) <= (_vector_spacing << 0x5))), function at exception vector 50 too large)

.vector_51      0x9fc01860        0x8
 *(.vector_51)
 .vector_51     0x9fc01860        0x8 d:/programs/xc32/bin/bin/../../lib/gcc/pic32mx/4.8.3/../../../../pic32mx/lib\libpic32.a(vector51.o)
                0x9fc01860                __vector_dispatch_51
                0x00000001                ASSERT (((_vector_spacing == 0x0) || (SIZEOF (.vector_51) <= (_vector_spacing << 0x5))), function at exception vector 51 too large)

.vector_52      0x9fc01880        0x0
 *(.vector_52)
                0x00000001                ASSERT (((_vector_spacing == 0x0) || (SIZEOF (.vector_52) <= (_vector_spacing << 0x5))), function at exception vector 52 too large)

.vector_53      0x9fc018a0        0x0
 *(.vector_53)
                0x00000001                ASSERT (((_vector_spacing == 0x0) || (SIZEOF (.vector_53) <= (_vector_spacing << 0x5))), function at exception vector 53 too large)

.vector_54      0x9fc018c0        0x0
 *(.vector_54)
                0x00000001                ASSERT (((_vector_spacing == 0x0) || (SIZEOF (.vector_54) <= (_vector_spacing << 0x5))), function at exception vector 54 too large)

.vector_55      0x9fc018e0        0x0
 *(.vector_55)
                0x00000001                ASSERT (((_vector_spacing == 0x0) || (SIZEOF (.vector_55) <= (_vector_spacing << 0x5))), function at exception vector 55 too large)

.vector_56      0x9fc01900        0x0
 *(.vector_56)
                0x00000001                ASSERT (((_vector_spacing == 0x0) || (SIZEOF (.vector_56) <= (_vector_spacing << 0x5))), function at exception vector 56 too large)

.vector_57      0x9fc01920        0x0
 *(.vector_57)
                0x00000001                ASSERT (((_vector_spacing == 0x0) || (SIZEOF (.vector_57) <= (_vector_spacing << 0x5))), function at exception vector 57 too large)

.vector_58      0x9fc01940        0x0
 *(.vector_58)
                0x00000001                ASSERT (((_vector_spacing == 0x0) || (SIZEOF (.vector_58) <= (_vector_spacing << 0x5))), function at exception vector 58 too large)

.vector_59      0x9fc01960        0x0
 *(.vector_59)
                0x00000001                ASSERT (((_vector_spacing == 0x0) || (SIZEOF (.vector_59) <= (_vector_spacing << 0x5))), function at exception vector 59 too large)

.vector_60      0x9fc01980        0x0
 *(.vector_60)
                0x00000001                ASSERT (((_vector_spacing == 0x0) || (SIZEOF (.vector_60) <= (_vector_spacing << 0x5))), function at exception vector 60 too large)

.vector_61      0x9fc019a0        0x0
 *(.vector_61)
                0x00000001                ASSERT (((_vector_spacing == 0x0) || (SIZEOF (.vector_61) <= (_vector_spacing << 0x5))), function at exception vector 61 too large)

.vector_62      0x9fc019c0        0x0
 *(.vector_62)
                0x00000001                ASSERT (((_vector_spacing == 0x0) || (SIZEOF (.vector_62) <= (_vector_spacing << 0x5))), function at exception vector 62 too large)

.vector_63      0x9fc019e0        0x0
 *(.vector_63)
                0x00000001                ASSERT (((_vector_spacing == 0x0) || (SIZEOF (.vector_63) <= (_vector_spacing << 0x5))), function at exception vector 63 too large)

.startup
 *(.startup)

.text           0x9d000000        0x0
 *(.stub .gnu.linkonce.t.*)
 *(.text.*personality*)
 *(.mips16.fn.*)
 *(.mips16.call.*)
 *(.gnu.warning)
                0x9d000000                . = ALIGN (0x4)

.init           0x9d000000        0x0
 *crti.o(.init)
 *crtbegin.o(.init)
 *(EXCLUDE_FILE(*crtn.o *crtend?.o *crtend.o) .init)
 *crtend.o(.init)
 *crtn.o(.init)
                0x9d000000                . = ALIGN (0x4)

.fini           0x9d000000        0x0
 *(.fini)
                0x9d000000                . = ALIGN (0x4)

.preinit_array  0x9d000000        0x0
                0x9d000000                PROVIDE (__preinit_array_start, .)
 *(.preinit_array)
                0x9d000000                PROVIDE (__preinit_array_end, .)
                0x9d000000                . = ALIGN (0x4)

.init_array     0x9d000000        0x0
                0x9d000000                PROVIDE (__init_array_start, .)
 *(SORT(.init_array.*))
 *(.init_array)
                0x9d000000                PROVIDE (__init_array_end, .)
                0x9d000000                . = ALIGN (0x4)

.fini_array     0x9d000000        0x0
                0x9d000000                PROVIDE (__fini_array_start, .)
 *(SORT(.fini_array.*))
 *(.fini_array)
                0x9d000000                PROVIDE (__fini_array_end, .)
                0x9d000000                . = ALIGN (0x4)

.ctors          0x9d000000        0x0
 *crtbegin.o(.ctors)
 *crtbegin?.o(.ctors)
 *(EXCLUDE_FILE(*crtend?.o *crtend.o) .ctors)
 *(SORT(.ctors.*))
 *(.ctors)
                0x9d000000                . = ALIGN (0x4)

.dtors          0x9d000000        0x0
 *crtbegin.o(.dtors)
 *crtbegin?.o(.dtors)
 *(EXCLUDE_FILE(*crtend?.o *crtend.o) .dtors)
 *(SORT(.dtors.*))
 *(.dtors)
                0x9d000000                . = ALIGN (0x4)

.rodata         0x9d000000        0x0
 *(.gnu.linkonce.r.*)
 *(.rodata1)
                0x9d000000                . = ALIGN (0x4)

.sdata2         0x9fc00490        0x0
 *(.sdata2 .sdata2.* .gnu.linkonce.s2.*)
                0x9fc00490                . = ALIGN (0x4)

.sbss2          0x9fc00490        0x0
 *(.sbss2 .sbss2.* .gnu.linkonce.sb2.*)
                0x9fc00490                . = ALIGN (0x4)

.eh_frame_hdr
 *(.eh_frame_hdr)
                0x9fc00490                . = ALIGN (0x4)

.eh_frame
 *(.eh_frame)
                0x9fc00490                . = ALIGN (0x4)

.gcc_except_table
 *(.gcc_except_table .gcc_except_table.*)
                0x9fc00490                . = ALIGN (0x4)

.dbg_data       0xa0000000        0x0
                0xa0000000                . = (. + DEFINED (_DEBUGGER)?0x200:0x0)

.jcr            0xa0000000        0x0
 *(.jcr)
                0xa0000000                . = ALIGN (0x4)

.eh_frame
 *(.eh_frame)
                0xa0000000                . = ALIGN (0x4)

.gcc_except_table
 *(.gcc_except_table .gcc_except_table.*)
                0xa0000000                . = ALIGN (0x4)

.persist        0xa0000000        0x0
                0xa0000000                _persist_begin = .
 *(.persist .persist.*)
 *(.pbss .pbss.*)
                0xa0000000                . = ALIGN (0x4)
                0xa0000000                _persist_end = .

.data           0xa0000000        0x0
 *(.gnu.linkonce.d.*)
 *(.data1)
                0xa0000000                . = ALIGN (0x4)
                0xa0000000                . = .
                0xa0007ff0                _gp = (ALIGN (0x10) + 0x7ff0)

.got            0xa0000000        0x0
 *(.got.plt)
 *(.got)
                0xa0000000                . = ALIGN (0x4)

.sdata          0xa0000000       0x18
                0xa0000000                _sdata_begin = .
 *(.sdata .sdata.* .gnu.linkonce.s.*)
 .sdata         0xa0000000        0x4 build/default/production/MPU6050.o
                0xa0000000                timer2
 .sdata         0xa0000004        0x4 build/default/production/BNO055.o
                0xa0000004                timer
 .sdata         0xa0000008        0x2 build/default/production/_ext/101884895/sys_time.o
 *fill*         0xa000000a        0x2 
 .sdata         0xa000000c        0xc build/default/production/_ext/1360937237/app.o
                0xa000000c                delay_timer
                0xa0000010                msg
                0xa0000014                r
                0xa0000018                . = ALIGN (0x4)
                0xa0000018                _sdata_end = .

.lit8
 *(.lit8)

.lit4
 *(.lit4)
                0xa0000018                . = ALIGN (0x4)
                0xa0000018                _data_end = .
                0xa0000018                _bss_begin = .

.sbss           0xa0000018       0x94
                0xa0000018                _sbss_begin = .
 *(.dynsbss)
 *(.sbss .sbss.* .gnu.linkonce.sb.*)
 .sbss          0xa0000018        0x8 build/default/production/_ext/60181895/plib_tmr4.o
 .sbss          0xa0000020        0x8 build/default/production/_ext/60181895/plib_tmr2.o
 .sbss          0xa0000028        0x8 build/default/production/_ext/1865638794/plib_tmr1.o
 .sbss          0xa0000030        0xc build/default/production/_ext/1360937237/app.o
                0xa0000030                counter_outer
                0xa0000034                counter1
                0xa0000038                counter
 .sbss          0xa000003c        0xc build/default/production/_ext/1171490990/exceptions.o
 *(.scommon)
 .scommon       0xa0000048        0x0 build/default/production/BNO055.o
 .scommon       0xa0000048        0x4 build/default/production/_ext/1360937237/i2c_personal.o
                0xa0000048                global_data
 .scommon       0xa000004c        0x0 build/default/production/_ext/1360937237/interrupt_callbacks.o
 .scommon       0xa000004c        0x4 build/default/production/_ext/1360937237/uart_bluetooth.o
                0xa000004c                uart_bluetoothData
 .scommon       0xa0000050        0x8 build/default/production/_ext/1865301019/plib_icap4.o
                0xa0000050                icap4Obj
 .scommon       0xa0000058        0x8 build/default/production/_ext/1865301019/plib_icap2.o
                0xa0000058                icap2Obj
 .scommon       0xa0000060        0x8 build/default/production/_ext/1865301019/plib_icap3.o
                0xa0000060                icap3Obj
 .scommon       0xa0000068        0x8 build/default/production/_ext/1865301019/plib_icap1.o
                0xa0000068                icap1Obj
 .scommon       0xa0000070        0x8 build/default/production/_ext/1249264884/plib_coretimer.o
                0xa0000070                coreTmr
 .scommon       0xa0000078       0x34 build/default/production/_ext/1360937237/app.o
                0xa0000078                motors
                0xa000007c                uart_errors
                0xa0000080                motor_inputs
                0xa0000088                i
                0xa000008c                controller_raw
                0xa0000094                i2cerror
                0xa0000098                sensors
                0xa00000a0                isdataready
                0xa00000a4                buffi2ctx
                0xa00000a8                i2cevent
                0xa00000ac                _sbss_end = .
                0xa00000ac                . = ALIGN (0x4)

.bss            0xa00000ac      0x510
 *(.dynbss)
 *(COMMON)
 COMMON         0xa00000ac       0x30 build/default/production/_ext/1865657120/plib_uart6.o
                0xa00000ac                uart6Obj
 COMMON         0xa00000dc      0x4d0 build/default/production/_ext/1360937237/app.o
                0xa00000dc                attitude_sensor
                0xa00000f8                bno055
                0xa000011c                mpu6050
                0xa0000140                buffi2c
                0xa0000150                appData
                0xa000016c                eulerAngles
                0xa0000178                sensor_list
                0xa0000420                at24c64
                0xa0000444                uart_buffer
                0xa0000464                accelGyro
                0xa0000470                uartTxBuffer
                0xa0000490                pid_inner
                0xa00004fc                transmitter
                0xa0000524                attitude_desired
                0xa0000540                pid_outer
 COMMON         0xa00005ac       0x10 build/default/production/_ext/1171490990/initialization.o
                0xa00005ac                sysObj
                0xa00005bc                . = ALIGN ((. != 0x0)?0x4:0x1)
                0xa00005bc                . = ALIGN (0x4)
                0xa00005bc                _end = .
                0xa00005bc                _bss_end = .
                0x00020000                _bmxdudba_address = 0x20000
                0x00020000                _bmxdupba_address = 0x20000

/DISCARD/
 *(.pdr)
 *(.rel.dyn)
 *(.note.GNU-stack)
 *(.note.GNU-stack)
 *(.gnu_debuglink)
 *(.gnu.lto_*)
 *(.discard)

.gptab.sdata
 *(.gptab.data)
 *(.gptab.sdata)

.gptab.sbss
 *(.gptab.bss)
 *(.gptab.sbss)

.mdebug.abi32   0xa00005bc        0x0
 *(.mdebug.abi32)
 .mdebug.abi32  0xa00005bc        0x0 build/default/production/MPU6050.o
 .mdebug.abi32  0xa00005bc        0x0 build/default/production/BNO055.o
 .mdebug.abi32  0xa00005bc        0x0 build/default/production/_ext/1360937237/i2c_personal.o
 .mdebug.abi32  0xa00005bc        0x0 build/default/production/_ext/1360937237/interrupt_callbacks.o
 .mdebug.abi32  0xa00005bc        0x0 build/default/production/_ext/1360937237/state_estimation.o
 .mdebug.abi32  0xa00005bc        0x0 build/default/production/_ext/1360937237/uart_bluetooth.o
 .mdebug.abi32  0xa00005bc        0x0 build/default/production/motors/motor.o
 .mdebug.abi32  0xa00005bc        0x0 build/default/production/_ext/1360937237/transmitter.o
 .mdebug.abi32  0xa00005bc        0x0 build/default/production/_ext/1360937237/led.o
 .mdebug.abi32  0xa00005bc        0x0 build/default/production/_ext/1865301019/plib_icap4.o
 .mdebug.abi32  0xa00005bc        0x0 build/default/production/_ext/1865301019/plib_icap2.o
 .mdebug.abi32  0xa00005bc        0x0 build/default/production/_ext/1865301019/plib_icap3.o
 .mdebug.abi32  0xa00005bc        0x0 build/default/production/_ext/1865301019/plib_icap1.o
 .mdebug.abi32  0xa00005bc        0x0 build/default/production/_ext/1865480137/plib_ocmp1.o
 .mdebug.abi32  0xa00005bc        0x0 build/default/production/_ext/1865480137/plib_ocmp4.o
 .mdebug.abi32  0xa00005bc        0x0 build/default/production/_ext/1865480137/plib_ocmp2.o
 .mdebug.abi32  0xa00005bc        0x0 build/default/production/_ext/158385033/drv_i2c.o
 .mdebug.abi32  0xa00005bc        0x0 build/default/production/_ext/1865480137/plib_ocmp3.o
 .mdebug.abi32  0xa00005bc        0x0 build/default/production/_ext/101884895/sys_time.o
 .mdebug.abi32  0xa00005bc        0x0 build/default/production/_ext/1865657120/plib_uart6.o
 .mdebug.abi32  0xa00005bc        0x0 build/default/production/_ext/1249264884/plib_coretimer.o
 .mdebug.abi32  0xa00005bc        0x0 build/default/production/_ext/60181895/plib_tmr4.o
 .mdebug.abi32  0xa00005bc        0x0 build/default/production/_ext/60181895/plib_tmr2.o
 .mdebug.abi32  0xa00005bc        0x0 build/default/production/_ext/60181895/plib_tmr3.o
 .mdebug.abi32  0xa00005bc        0x0 build/default/production/_ext/897820976/drv_at24.o
 .mdebug.abi32  0xa00005bc        0x0 build/default/production/_ext/1865638794/plib_tmr1.o
 .mdebug.abi32  0xa00005bc        0x0 build/default/production/_ext/1881668453/sys_int.o
 .mdebug.abi32  0xa00005bc        0x0 build/default/production/_ext/14461671/sys_dma.o
 .mdebug.abi32  0xa00005bc        0x0 build/default/production/_ext/1360937237/app.o
 .mdebug.abi32  0xa00005bc        0x0 build/default/production/_ext/1171490990/tasks.o
 .mdebug.abi32  0xa00005bc        0x0 build/default/production/_ext/1360937237/main.o
 .mdebug.abi32  0xa00005bc        0x0 build/default/production/_ext/1171490990/initialization.o
 .mdebug.abi32  0xa00005bc        0x0 build/default/production/_ext/1171490990/interrupts.o
 .mdebug.abi32  0xa00005bc        0x0 build/default/production/_ext/1171490990/exceptions.o
 .mdebug.abi32  0xa00005bc        0x0 build/default/production/_ext/163028504/xc32_monitor.o
 .mdebug.abi32  0xa00005bc        0x0 build/default/production/_ext/60165520/plib_clk.o
 .mdebug.abi32  0xa00005bc        0x0 build/default/production/_ext/1865254177/plib_gpio.o
 .mdebug.abi32  0xa00005bc        0x0 build/default/production/_ext/1865200349/plib_evic.o
 .mdebug.abi32  0xa00005bc        0x0 build/default/production/_ext/60169480/plib_i2c4.o
 .mdebug.abi32  0xa00005bc        0x0 build/default/production/_ext/869808652/drv_usart.o
 .mdebug.abi32  0xa00005bc        0x0 build/default/production/_ext/60169480/plib_i2c5.o
 .mdebug.abi32  0xa00005bc        0x0 d:/programs/xc32/bin/bin/../../lib/gcc/pic32mx/4.8.3\libgcc.a(_udivdi3.o)
 .mdebug.abi32  0xa00005bc        0x0 d:/programs/xc32/bin/bin/../../lib/gcc/pic32mx/4.8.3\libgcc.a(floatunsisf.o)
 .mdebug.abi32  0xa00005bc        0x0 d:/programs/xc32/bin/bin/../../lib/gcc/pic32mx/4.8.3/../../../../pic32mx/lib\libpic32.a(default-bootstrap-exception-handler.o)
 .mdebug.abi32  0xa00005bc        0x0 d:/programs/xc32/bin/bin/../../lib/gcc/pic32mx/4.8.3/../../../../pic32mx/lib\libpic32.a(default-on-reset.o)
 .mdebug.abi32  0xa00005bc        0x0 d:/programs/xc32/bin/bin/../../lib/gcc/pic32mx/4.8.3/../../../../pic32mx/lib\libpic32.a(default-on-bootstrap.o)
 .mdebug.abi32  0xa00005bc        0x0 d:/programs/xc32/bin/bin/../../lib/gcc/pic32mx/4.8.3/../../../../pic32mx/lib\libpic32.a(defaultinterrupt.o)
 .mdebug.abi32  0xa00005bc        0x0 d:/programs/xc32/bin/bin/../../lib/gcc/pic32mx/4.8.3/../../../../pic32mx/lib\libc.a(malloc.o)
 .mdebug.abi32  0xa00005bc        0x0 d:/programs/xc32/bin/bin/../../lib/gcc/pic32mx/4.8.3/../../../../pic32mx/lib\libc.a(printf_cdnopsuxX.eo)
 .mdebug.abi32  0xa00005bc        0x0 d:/programs/xc32/bin/bin/../../lib/gcc/pic32mx/4.8.3/../../../../pic32mx/lib\libc.a(sprintf_fF.eo)
 .mdebug.abi32  0xa00005bc        0x0 d:/programs/xc32/bin/bin/../../lib/gcc/pic32mx/4.8.3/../../../../pic32mx/lib\libc.a(_iob.o)
 .mdebug.abi32  0xa00005bc        0x0 d:/programs/xc32/bin/bin/../../lib/gcc/pic32mx/4.8.3/../../../../pic32mx/lib\libc.a(_fputc_simple.o)
 .mdebug.abi32  0xa00005bc        0x0 d:/programs/xc32/bin/bin/../../lib/gcc/pic32mx/4.8.3/../../../../pic32mx/lib\libc.a(ctype.o)
 .mdebug.abi32  0xa00005bc        0x0 d:/programs/xc32/bin/bin/../../lib/gcc/pic32mx/4.8.3/../../../../pic32mx/lib\libc.a(ldpowers.o)
 .mdebug.abi32  0xa00005bc        0x0 d:/programs/xc32/bin/bin/../../lib/gcc/pic32mx/4.8.3/../../../../pic32mx/lib\libc.a(_flsbuf_simple.o)
 .mdebug.abi32  0xa00005bc        0x0 d:/programs/xc32/bin/bin/../../lib/gcc/pic32mx/4.8.3/../../../../pic32mx/lib\libc.a(doprnt_cdfFnopsuxX.eo)
 .mdebug.abi32  0xa00005bc        0x0 d:/programs/xc32/bin/bin/../../lib/gcc/pic32mx/4.8.3/../../../../pic32mx/lib\libe.a(_fixunsdfdi.o)
 .mdebug.abi32  0xa00005bc        0x0 d:/programs/xc32/bin/bin/../../lib/gcc/pic32mx/4.8.3/../../../../pic32mx/lib\libe.a(_orderdf2.o)
 .mdebug.abi32  0xa00005bc        0x0 d:/programs/xc32/bin/bin/../../lib/gcc/pic32mx/4.8.3/../../../../pic32mx/lib\libe.a(_fixdfdi.o)
 .mdebug.abi32  0xa00005bc        0x0 d:/programs/xc32/bin/bin/../../lib/gcc/pic32mx/4.8.3\libgcc.a(_floatundidf.o)
 .mdebug.abi32  0xa00005bc        0x0 d:/programs/xc32/bin/bin/../../lib/gcc/pic32mx/4.8.3\libgcc.a(_umoddi3.o)
 .mdebug.abi32  0xa00005bc        0x0 d:/programs/xc32/bin/bin/../../lib/gcc/pic32mx/4.8.3\libgcc.a(floatunsidf.o)
 .mdebug.abi32  0xa00005bc        0x0 d:/programs/xc32/bin/bin/../../lib/gcc/pic32mx/4.8.3/../../../../pic32mx/lib\libpic32.a(sbrk.o)
 .mdebug.abi32  0xa00005bc        0x0 d:/programs/xc32/bin/bin/../../lib/gcc/pic32mx/4.8.3/../../../../pic32mx/lib\libpic32.a(write.o)
 .mdebug.abi32  0xa00005bc        0x0 d:/programs/xc32/bin/bin/../../lib/gcc/pic32mx/4.8.3/../../../../pic32mx/lib\libpic32.a(errno.o)

.mdebug.abiN32
 *(.mdebug.abiN32)

.mdebug.abi64
 *(.mdebug.abi64)

.mdebug.abiO64
 *(.mdebug.abiO64)

.mdebug.eabi32
 *(.mdebug.eabi32)

.mdebug.eabi64
 *(.mdebug.eabi64)

.gcc_compiled_long32
 *(.gcc_compiled_long32)

.gcc_compiled_long64
 *(.gcc_compiled_long64)

.stab
 *(.stab)

.stabstr
 *(.stabstr)

.stab.excl
 *(.stab.excl)

.stab.exclstr
 *(.stab.exclstr)

.stab.index
 *(.stab.index)

.stab.indexstr
 *(.stab.indexstr)

.comment        0x00000000      0x22c
 *(.comment)
 .comment       0x00000000       0x3c build/default/production/MPU6050.o
                                 0x3d (size before relaxing)
 .comment       0x00000000       0x3d build/default/production/BNO055.o
 .comment       0x00000000       0x3d build/default/production/_ext/1360937237/i2c_personal.o
 .comment       0x00000000       0x3d build/default/production/_ext/1360937237/interrupt_callbacks.o
 .comment       0x00000000       0x3d build/default/production/_ext/1360937237/state_estimation.o
 .comment       0x00000000       0x3d build/default/production/_ext/1360937237/uart_bluetooth.o
 .comment       0x00000000       0x3d build/default/production/motors/motor.o
 .comment       0x00000000       0x3d build/default/production/_ext/1360937237/transmitter.o
 .comment       0x00000000       0x3d build/default/production/_ext/1360937237/led.o
 .comment       0x00000000       0x3d build/default/production/_ext/1865301019/plib_icap4.o
 .comment       0x00000000       0x3d build/default/production/_ext/1865301019/plib_icap2.o
 .comment       0x00000000       0x3d build/default/production/_ext/1865301019/plib_icap3.o
 .comment       0x00000000       0x3d build/default/production/_ext/1865301019/plib_icap1.o
 .comment       0x00000000       0x3d build/default/production/_ext/1865480137/plib_ocmp1.o
 .comment       0x00000000       0x3d build/default/production/_ext/1865480137/plib_ocmp4.o
 .comment       0x00000000       0x3d build/default/production/_ext/1865480137/plib_ocmp2.o
 .comment       0x00000000       0x3d build/default/production/_ext/158385033/drv_i2c.o
 .comment       0x00000000       0x3d build/default/production/_ext/1865480137/plib_ocmp3.o
 .comment       0x00000000       0x3d build/default/production/_ext/101884895/sys_time.o
 .comment       0x00000000       0x3d build/default/production/_ext/1865657120/plib_uart6.o
 .comment       0x00000000       0x3d build/default/production/_ext/1249264884/plib_coretimer.o
 .comment       0x00000000       0x3d build/default/production/_ext/60181895/plib_tmr4.o
 .comment       0x00000000       0x3d build/default/production/_ext/60181895/plib_tmr2.o
 .comment       0x00000000       0x3d build/default/production/_ext/60181895/plib_tmr3.o
 .comment       0x00000000       0x3d build/default/production/_ext/897820976/drv_at24.o
 .comment       0x00000000       0x3d build/default/production/_ext/1865638794/plib_tmr1.o
 .comment       0x00000000       0x3d build/default/production/_ext/1881668453/sys_int.o
 .comment       0x00000000       0x3d build/default/production/_ext/14461671/sys_dma.o
 .comment       0x00000000       0x3d build/default/production/_ext/1360937237/app.o
 .comment       0x00000000       0x3d build/default/production/_ext/1171490990/tasks.o
 .comment       0x00000000       0x3d build/default/production/_ext/1360937237/main.o
 .comment       0x00000000       0x3d build/default/production/_ext/1171490990/initialization.o
 .comment       0x00000000       0x3d build/default/production/_ext/1171490990/interrupts.o
 .comment       0x00000000       0x3d build/default/production/_ext/1171490990/exceptions.o
 .comment       0x00000000       0x3d build/default/production/_ext/163028504/xc32_monitor.o
 .comment       0x00000000       0x3d build/default/production/_ext/60165520/plib_clk.o
 .comment       0x00000000       0x3d build/default/production/_ext/1865254177/plib_gpio.o
 .comment       0x00000000       0x3d build/default/production/_ext/1865200349/plib_evic.o
 .comment       0x00000000       0x3d build/default/production/_ext/60169480/plib_i2c4.o
 .comment       0x00000000       0x3d build/default/production/_ext/869808652/drv_usart.o
 .comment       0x00000000       0x3d build/default/production/_ext/60169480/plib_i2c5.o
 .comment       0x00000000       0x3d d:/programs/xc32/bin/bin/../../lib/gcc/pic32mx/4.8.3\libgcc.a(_udivdi3.o)
 .comment       0x00000000       0x3d d:/programs/xc32/bin/bin/../../lib/gcc/pic32mx/4.8.3\libgcc.a(floatunsisf.o)
 .comment       0x0000003c       0x18 d:/programs/xc32/bin/bin/../../lib/gcc/pic32mx/4.8.3/../../../../pic32mx/lib\libpic32.a(memset.o)
                                 0x19 (size before relaxing)
 .comment       0x00000000       0x3d d:/programs/xc32/bin/bin/../../lib/gcc/pic32mx/4.8.3/../../../../pic32mx/lib\libpic32.a(default-bootstrap-exception-handler.o)
 .comment       0x00000000       0x3d d:/programs/xc32/bin/bin/../../lib/gcc/pic32mx/4.8.3/../../../../pic32mx/lib\libpic32.a(default-on-reset.o)
 .comment       0x00000000       0x3d d:/programs/xc32/bin/bin/../../lib/gcc/pic32mx/4.8.3/../../../../pic32mx/lib\libpic32.a(default-on-bootstrap.o)
 .comment       0x00000000       0x3d d:/programs/xc32/bin/bin/../../lib/gcc/pic32mx/4.8.3/../../../../pic32mx/lib\libpic32.a(defaultinterrupt.o)
 .comment       0x00000000       0x3d d:/programs/xc32/bin/bin/../../lib/gcc/pic32mx/4.8.3/../../../../pic32mx/lib\libc.a(malloc.o)
 .comment       0x00000000       0x3d d:/programs/xc32/bin/bin/../../lib/gcc/pic32mx/4.8.3/../../../../pic32mx/lib\libc.a(printf_cdnopsuxX.eo)
 .comment       0x00000000       0x3d d:/programs/xc32/bin/bin/../../lib/gcc/pic32mx/4.8.3/../../../../pic32mx/lib\libc.a(sprintf_fF.eo)
 .comment       0x00000000       0x3d d:/programs/xc32/bin/bin/../../lib/gcc/pic32mx/4.8.3/../../../../pic32mx/lib\libc.a(_iob.o)
 .comment       0x00000000       0x3d d:/programs/xc32/bin/bin/../../lib/gcc/pic32mx/4.8.3/../../../../pic32mx/lib\libc.a(_fputc_simple.o)
 .comment       0x00000054       0x4e d:/programs/xc32/bin/bin/../../lib/gcc/pic32mx/4.8.3/../../../../pic32mx/lib\libc.a(ctype.o)
                                 0x8b (size before relaxing)
 .comment       0x00000000       0x3d d:/programs/xc32/bin/bin/../../lib/gcc/pic32mx/4.8.3/../../../../pic32mx/lib\libc.a(ldpowers.o)
 .comment       0x00000000       0x3d d:/programs/xc32/bin/bin/../../lib/gcc/pic32mx/4.8.3/../../../../pic32mx/lib\libc.a(_flsbuf_simple.o)
 .comment       0x00000000       0x3d d:/programs/xc32/bin/bin/../../lib/gcc/pic32mx/4.8.3/../../../../pic32mx/lib\libc.a(doprnt_cdfFnopsuxX.eo)
 .comment       0x000000a2       0x9f d:/programs/xc32/bin/bin/../../lib/gcc/pic32mx/4.8.3/../../../../pic32mx/lib\libe.a(_fixunsdfdi.o)
                                 0xdc (size before relaxing)
 .comment       0x00000141       0x50 d:/programs/xc32/bin/bin/../../lib/gcc/pic32mx/4.8.3/../../../../pic32mx/lib\libe.a(_orderdf2.o)
                                 0xdb (size before relaxing)
 .comment       0x00000191       0x50 d:/programs/xc32/bin/bin/../../lib/gcc/pic32mx/4.8.3/../../../../pic32mx/lib\libe.a(_fixdfdi.o)
                                 0xdb (size before relaxing)
 .comment       0x00000000       0x3d d:/programs/xc32/bin/bin/../../lib/gcc/pic32mx/4.8.3\libgcc.a(_floatundidf.o)
 .comment       0x00000000       0x3d d:/programs/xc32/bin/bin/../../lib/gcc/pic32mx/4.8.3\libgcc.a(_umoddi3.o)
 .comment       0x00000000       0x3d d:/programs/xc32/bin/bin/../../lib/gcc/pic32mx/4.8.3\libgcc.a(floatunsidf.o)
 .comment       0x000001e1       0x4b d:/programs/xc32/bin/bin/../../lib/gcc/pic32mx/4.8.3/../../../../pic32mx/lib\libpic32.a(sbrk.o)
                                 0x88 (size before relaxing)
 .comment       0x00000000       0x3d d:/programs/xc32/bin/bin/../../lib/gcc/pic32mx/4.8.3/../../../../pic32mx/lib\libpic32.a(write.o)
 .comment       0x00000000       0x3d d:/programs/xc32/bin/bin/../../lib/gcc/pic32mx/4.8.3/../../../../pic32mx/lib\libpic32.a(errno.o)

.debug
 *(.debug)

.line
 *(.line)

.debug_srcinfo
 *(.debug_srcinfo)

.debug_sfnames
 *(.debug_sfnames)

.debug_aranges  0x00000000      0xfd0
 *(.debug_aranges)
 .debug_aranges
                0x00000000       0x28 build/default/production/MPU6050.o
 .debug_aranges
                0x00000028       0x30 build/default/production/BNO055.o
 .debug_aranges
                0x00000058       0x38 build/default/production/_ext/1360937237/i2c_personal.o
 .debug_aranges
                0x00000090       0x50 build/default/production/_ext/1360937237/interrupt_callbacks.o
 .debug_aranges
                0x000000e0       0x30 build/default/production/_ext/1360937237/state_estimation.o
 .debug_aranges
                0x00000110       0x28 build/default/production/_ext/1360937237/uart_bluetooth.o
 .debug_aranges
                0x00000138       0x28 build/default/production/motors/motor.o
 .debug_aranges
                0x00000160       0x28 build/default/production/_ext/1360937237/transmitter.o
 .debug_aranges
                0x00000188       0x18 build/default/production/_ext/1360937237/led.o
 .debug_aranges
                0x000001a0       0x50 build/default/production/_ext/1865301019/plib_icap4.o
 .debug_aranges
                0x000001f0       0x50 build/default/production/_ext/1865301019/plib_icap2.o
 .debug_aranges
                0x00000240       0x50 build/default/production/_ext/1865301019/plib_icap3.o
 .debug_aranges
                0x00000290       0x50 build/default/production/_ext/1865301019/plib_icap1.o
 .debug_aranges
                0x000002e0       0x48 build/default/production/_ext/1865480137/plib_ocmp1.o
 .debug_aranges
                0x00000328       0x48 build/default/production/_ext/1865480137/plib_ocmp4.o
 .debug_aranges
                0x00000370       0x48 build/default/production/_ext/1865480137/plib_ocmp2.o
 .debug_aranges
                0x000003b8       0xa0 build/default/production/_ext/158385033/drv_i2c.o
 .debug_aranges
                0x00000458       0x48 build/default/production/_ext/1865480137/plib_ocmp3.o
 .debug_aranges
                0x000004a0      0x130 build/default/production/_ext/101884895/sys_time.o
 .debug_aranges
                0x000005d0       0x78 build/default/production/_ext/1865657120/plib_uart6.o
 .debug_aranges
                0x00000648       0x68 build/default/production/_ext/1249264884/plib_coretimer.o
 .debug_aranges
                0x000006b0       0x70 build/default/production/_ext/60181895/plib_tmr4.o
 .debug_aranges
                0x00000720       0x70 build/default/production/_ext/60181895/plib_tmr2.o
 .debug_aranges
                0x00000790       0x50 build/default/production/_ext/60181895/plib_tmr3.o
 .debug_aranges
                0x000007e0       0x80 build/default/production/_ext/897820976/drv_at24.o
 .debug_aranges
                0x00000860       0x70 build/default/production/_ext/1865638794/plib_tmr1.o
 .debug_aranges
                0x000008d0       0x40 build/default/production/_ext/1881668453/sys_int.o
 .debug_aranges
                0x00000910       0x30 build/default/production/_ext/14461671/sys_dma.o
 .debug_aranges
                0x00000940       0x30 build/default/production/_ext/1360937237/app.o
 .debug_aranges
                0x00000970       0x20 build/default/production/_ext/1171490990/tasks.o
 .debug_aranges
                0x00000990       0x20 build/default/production/_ext/1360937237/main.o
 .debug_aranges
                0x000009b0       0x20 build/default/production/_ext/1171490990/initialization.o
 .debug_aranges
                0x000009d0       0x70 build/default/production/_ext/1171490990/interrupts.o
 .debug_aranges
                0x00000a40       0x20 build/default/production/_ext/1171490990/exceptions.o
 .debug_aranges
                0x00000a60       0x28 build/default/production/_ext/163028504/xc32_monitor.o
 .debug_aranges
                0x00000a88       0x20 build/default/production/_ext/60165520/plib_clk.o
 .debug_aranges
                0x00000aa8       0x60 build/default/production/_ext/1865254177/plib_gpio.o
 .debug_aranges
                0x00000b08       0x50 build/default/production/_ext/1865200349/plib_evic.o
 .debug_aranges
                0x00000b58       0x68 build/default/production/_ext/60169480/plib_i2c4.o
 .debug_aranges
                0x00000bc0       0xf0 build/default/production/_ext/869808652/drv_usart.o
 .debug_aranges
                0x00000cb0       0x68 build/default/production/_ext/60169480/plib_i2c5.o
 .debug_aranges
                0x00000d18       0x20 d:/programs/xc32/bin/bin/../../lib/gcc/pic32mx/4.8.3\libgcc.a(_udivdi3.o)
 .debug_aranges
                0x00000d38       0x20 d:/programs/xc32/bin/bin/../../lib/gcc/pic32mx/4.8.3\libgcc.a(floatunsisf.o)
 .debug_aranges
                0x00000d58       0x20 d:/programs/xc32/bin/bin/../../lib/gcc/pic32mx/4.8.3/../../../../pic32mx/lib\libpic32.a(default-bootstrap-exception-handler.o)
 .debug_aranges
                0x00000d78       0x20 d:/programs/xc32/bin/bin/../../lib/gcc/pic32mx/4.8.3/../../../../pic32mx/lib\libpic32.a(default-on-reset.o)
 .debug_aranges
                0x00000d98       0x20 d:/programs/xc32/bin/bin/../../lib/gcc/pic32mx/4.8.3/../../../../pic32mx/lib\libpic32.a(default-on-bootstrap.o)
 .debug_aranges
                0x00000db8       0x20 d:/programs/xc32/bin/bin/../../lib/gcc/pic32mx/4.8.3/../../../../pic32mx/lib\libpic32.a(defaultinterrupt.o)
 .debug_aranges
                0x00000dd8       0x30 d:/programs/xc32/bin/bin/../../lib/gcc/pic32mx/4.8.3/../../../../pic32mx/lib\libc.a(malloc.o)
 .debug_aranges
                0x00000e08       0x20 d:/programs/xc32/bin/bin/../../lib/gcc/pic32mx/4.8.3/../../../../pic32mx/lib\libc.a(printf_cdnopsuxX.eo)
 .debug_aranges
                0x00000e28       0x20 d:/programs/xc32/bin/bin/../../lib/gcc/pic32mx/4.8.3/../../../../pic32mx/lib\libc.a(sprintf_fF.eo)
 .debug_aranges
                0x00000e48       0x20 d:/programs/xc32/bin/bin/../../lib/gcc/pic32mx/4.8.3/../../../../pic32mx/lib\libc.a(_fputc_simple.o)
 .debug_aranges
                0x00000e68       0x20 d:/programs/xc32/bin/bin/../../lib/gcc/pic32mx/4.8.3/../../../../pic32mx/lib\libc.a(_flsbuf_simple.o)
 .debug_aranges
                0x00000e88       0x28 d:/programs/xc32/bin/bin/../../lib/gcc/pic32mx/4.8.3/../../../../pic32mx/lib\libc.a(doprnt_cdfFnopsuxX.eo)
 .debug_aranges
                0x00000eb0       0x20 d:/programs/xc32/bin/bin/../../lib/gcc/pic32mx/4.8.3/../../../../pic32mx/lib\libe.a(_fixunsdfdi.o)
 .debug_aranges
                0x00000ed0       0x20 d:/programs/xc32/bin/bin/../../lib/gcc/pic32mx/4.8.3/../../../../pic32mx/lib\libe.a(_orderdf2.o)
 .debug_aranges
                0x00000ef0       0x20 d:/programs/xc32/bin/bin/../../lib/gcc/pic32mx/4.8.3/../../../../pic32mx/lib\libe.a(_fixdfdi.o)
 .debug_aranges
                0x00000f10       0x20 d:/programs/xc32/bin/bin/../../lib/gcc/pic32mx/4.8.3\libgcc.a(_floatundidf.o)
 .debug_aranges
                0x00000f30       0x20 d:/programs/xc32/bin/bin/../../lib/gcc/pic32mx/4.8.3\libgcc.a(_umoddi3.o)
 .debug_aranges
                0x00000f50       0x20 d:/programs/xc32/bin/bin/../../lib/gcc/pic32mx/4.8.3\libgcc.a(floatunsidf.o)
 .debug_aranges
                0x00000f70       0x40 d:/programs/xc32/bin/bin/../../lib/gcc/pic32mx/4.8.3/../../../../pic32mx/lib\libpic32.a(sbrk.o)
 .debug_aranges
                0x00000fb0       0x20 d:/programs/xc32/bin/bin/../../lib/gcc/pic32mx/4.8.3/../../../../pic32mx/lib\libpic32.a(write.o)

.debug_pubnames
 *(.debug_pubnames)

.debug_info     0x00000000    0x1d01d
 *(.debug_info .gnu.linkonce.wi.*)
 .debug_info    0x00000000      0x648 build/default/production/MPU6050.o
 .debug_info    0x00000648      0x6b0 build/default/production/BNO055.o
 .debug_info    0x00000cf8      0x5f2 build/default/production/_ext/1360937237/i2c_personal.o
 .debug_info    0x000012ea      0xe63 build/default/production/_ext/1360937237/interrupt_callbacks.o
 .debug_info    0x0000214d      0x393 build/default/production/_ext/1360937237/state_estimation.o
 .debug_info    0x000024e0      0x295 build/default/production/_ext/1360937237/uart_bluetooth.o
 .debug_info    0x00002775      0x317 build/default/production/motors/motor.o
 .debug_info    0x00002a8c      0x3ad build/default/production/_ext/1360937237/transmitter.o
 .debug_info    0x00002e39      0x10c build/default/production/_ext/1360937237/led.o
 .debug_info    0x00002f45      0x43b build/default/production/_ext/1865301019/plib_icap4.o
 .debug_info    0x00003380      0x43b build/default/production/_ext/1865301019/plib_icap2.o
 .debug_info    0x000037bb      0x43b build/default/production/_ext/1865301019/plib_icap3.o
 .debug_info    0x00003bf6      0x43b build/default/production/_ext/1865301019/plib_icap1.o
 .debug_info    0x00004031      0x2f0 build/default/production/_ext/1865480137/plib_ocmp1.o
 .debug_info    0x00004321      0x2f0 build/default/production/_ext/1865480137/plib_ocmp4.o
 .debug_info    0x00004611      0x2f0 build/default/production/_ext/1865480137/plib_ocmp2.o
 .debug_info    0x00004901     0x2a49 build/default/production/_ext/158385033/drv_i2c.o
 .debug_info    0x0000734a      0x2f0 build/default/production/_ext/1865480137/plib_ocmp3.o
 .debug_info    0x0000763a     0x2a89 build/default/production/_ext/101884895/sys_time.o
 .debug_info    0x0000a0c3      0xc27 build/default/production/_ext/1865657120/plib_uart6.o
 .debug_info    0x0000acea      0x8f2 build/default/production/_ext/1249264884/plib_coretimer.o
 .debug_info    0x0000b5dc      0x8c4 build/default/production/_ext/60181895/plib_tmr4.o
 .debug_info    0x0000bea0      0x8c4 build/default/production/_ext/60181895/plib_tmr2.o
 .debug_info    0x0000c764      0x2d3 build/default/production/_ext/60181895/plib_tmr3.o
 .debug_info    0x0000ca37     0x1024 build/default/production/_ext/897820976/drv_at24.o
 .debug_info    0x0000da5b      0x8dd build/default/production/_ext/1865638794/plib_tmr1.o
 .debug_info    0x0000e338      0xbe9 build/default/production/_ext/1881668453/sys_int.o
 .debug_info    0x0000ef21      0x555 build/default/production/_ext/14461671/sys_dma.o
 .debug_info    0x0000f476     0x2008 build/default/production/_ext/1360937237/app.o
 .debug_info    0x0001147e      0x1a8 build/default/production/_ext/1171490990/tasks.o
 .debug_info    0x00011626      0x1cb build/default/production/_ext/1360937237/main.o
 .debug_info    0x000117f1     0x300f build/default/production/_ext/1171490990/initialization.o
 .debug_info    0x00014800      0x500 build/default/production/_ext/1171490990/interrupts.o
 .debug_info    0x00014d00      0x258 build/default/production/_ext/1171490990/exceptions.o
 .debug_info    0x00014f58      0x11f build/default/production/_ext/163028504/xc32_monitor.o
 .debug_info    0x00015077      0x18f build/default/production/_ext/60165520/plib_clk.o
 .debug_info    0x00015206      0x4d7 build/default/production/_ext/1865254177/plib_gpio.o
 .debug_info    0x000156dd      0xcc3 build/default/production/_ext/1865200349/plib_evic.o
 .debug_info    0x000163a0      0x9b8 build/default/production/_ext/60169480/plib_i2c4.o
 .debug_info    0x00016d58     0x38d7 build/default/production/_ext/869808652/drv_usart.o
 .debug_info    0x0001a62f      0x9b8 build/default/production/_ext/60169480/plib_i2c5.o
 .debug_info    0x0001afe7      0x74b d:/programs/xc32/bin/bin/../../lib/gcc/pic32mx/4.8.3\libgcc.a(_udivdi3.o)
 .debug_info    0x0001b732      0x129 d:/programs/xc32/bin/bin/../../lib/gcc/pic32mx/4.8.3\libgcc.a(floatunsisf.o)
 .debug_info    0x0001b85b       0xf4 d:/programs/xc32/bin/bin/../../lib/gcc/pic32mx/4.8.3/../../../../pic32mx/lib\libpic32.a(default-bootstrap-exception-handler.o)
 .debug_info    0x0001b94f       0xcd d:/programs/xc32/bin/bin/../../lib/gcc/pic32mx/4.8.3/../../../../pic32mx/lib\libpic32.a(default-on-reset.o)
 .debug_info    0x0001ba1c       0xd5 d:/programs/xc32/bin/bin/../../lib/gcc/pic32mx/4.8.3/../../../../pic32mx/lib\libpic32.a(default-on-bootstrap.o)
 .debug_info    0x0001baf1       0xe7 d:/programs/xc32/bin/bin/../../lib/gcc/pic32mx/4.8.3/../../../../pic32mx/lib\libpic32.a(defaultinterrupt.o)
 .debug_info    0x0001bbd8       0xf5 d:/programs/xc32/bin/bin/../../lib/gcc/pic32mx/4.8.3/../../../../pic32mx/lib\libc.a(malloc.o)
 .debug_info    0x0001bccd       0xcf d:/programs/xc32/bin/bin/../../lib/gcc/pic32mx/4.8.3/../../../../pic32mx/lib\libc.a(printf_cdnopsuxX.eo)
 .debug_info    0x0001bd9c       0xca d:/programs/xc32/bin/bin/../../lib/gcc/pic32mx/4.8.3/../../../../pic32mx/lib\libc.a(sprintf_fF.eo)
 .debug_info    0x0001be66       0xc2 d:/programs/xc32/bin/bin/../../lib/gcc/pic32mx/4.8.3/../../../../pic32mx/lib\libc.a(_fputc_simple.o)
 .debug_info    0x0001bf28       0xc5 d:/programs/xc32/bin/bin/../../lib/gcc/pic32mx/4.8.3/../../../../pic32mx/lib\libc.a(_flsbuf_simple.o)
 .debug_info    0x0001bfed       0xfb d:/programs/xc32/bin/bin/../../lib/gcc/pic32mx/4.8.3/../../../../pic32mx/lib\libc.a(doprnt_cdfFnopsuxX.eo)
 .debug_info    0x0001c0e8       0xce d:/programs/xc32/bin/bin/../../lib/gcc/pic32mx/4.8.3/../../../../pic32mx/lib\libe.a(_fixunsdfdi.o)
 .debug_info    0x0001c1b6       0xba d:/programs/xc32/bin/bin/../../lib/gcc/pic32mx/4.8.3/../../../../pic32mx/lib\libe.a(_orderdf2.o)
 .debug_info    0x0001c270       0xb9 d:/programs/xc32/bin/bin/../../lib/gcc/pic32mx/4.8.3/../../../../pic32mx/lib\libe.a(_fixdfdi.o)
 .debug_info    0x0001c329      0x245 d:/programs/xc32/bin/bin/../../lib/gcc/pic32mx/4.8.3\libgcc.a(_floatundidf.o)
 .debug_info    0x0001c56e      0x788 d:/programs/xc32/bin/bin/../../lib/gcc/pic32mx/4.8.3\libgcc.a(_umoddi3.o)
 .debug_info    0x0001ccf6      0x137 d:/programs/xc32/bin/bin/../../lib/gcc/pic32mx/4.8.3\libgcc.a(floatunsidf.o)
 .debug_info    0x0001ce2d      0x131 d:/programs/xc32/bin/bin/../../lib/gcc/pic32mx/4.8.3/../../../../pic32mx/lib\libpic32.a(sbrk.o)
 .debug_info    0x0001cf5e       0xbf d:/programs/xc32/bin/bin/../../lib/gcc/pic32mx/4.8.3/../../../../pic32mx/lib\libpic32.a(write.o)

.debug_abbrev   0x00000000     0x403e
 *(.debug_abbrev)
 .debug_abbrev  0x00000000      0x12f build/default/production/MPU6050.o
 .debug_abbrev  0x0000012f      0x13a build/default/production/BNO055.o
 .debug_abbrev  0x00000269      0x143 build/default/production/_ext/1360937237/i2c_personal.o
 .debug_abbrev  0x000003ac      0x1e1 build/default/production/_ext/1360937237/interrupt_callbacks.o
 .debug_abbrev  0x0000058d      0x10e build/default/production/_ext/1360937237/state_estimation.o
 .debug_abbrev  0x0000069b       0xbb build/default/production/_ext/1360937237/uart_bluetooth.o
 .debug_abbrev  0x00000756       0xe2 build/default/production/motors/motor.o
 .debug_abbrev  0x00000838       0xc8 build/default/production/_ext/1360937237/transmitter.o
 .debug_abbrev  0x00000900       0x1b build/default/production/_ext/1360937237/led.o
 .debug_abbrev  0x0000091b      0x15e build/default/production/_ext/1865301019/plib_icap4.o
 .debug_abbrev  0x00000a79      0x15e build/default/production/_ext/1865301019/plib_icap2.o
 .debug_abbrev  0x00000bd7      0x15e build/default/production/_ext/1865301019/plib_icap3.o
 .debug_abbrev  0x00000d35      0x15e build/default/production/_ext/1865301019/plib_icap1.o
 .debug_abbrev  0x00000e93       0xa1 build/default/production/_ext/1865480137/plib_ocmp1.o
 .debug_abbrev  0x00000f34       0xa1 build/default/production/_ext/1865480137/plib_ocmp4.o
 .debug_abbrev  0x00000fd5       0xa1 build/default/production/_ext/1865480137/plib_ocmp2.o
 .debug_abbrev  0x00001076      0x411 build/default/production/_ext/158385033/drv_i2c.o
 .debug_abbrev  0x00001487       0xa1 build/default/production/_ext/1865480137/plib_ocmp3.o
 .debug_abbrev  0x00001528      0x4fa build/default/production/_ext/101884895/sys_time.o
 .debug_abbrev  0x00001a22      0x2a1 build/default/production/_ext/1865657120/plib_uart6.o
 .debug_abbrev  0x00001cc3      0x1e4 build/default/production/_ext/1249264884/plib_coretimer.o
 .debug_abbrev  0x00001ea7      0x183 build/default/production/_ext/60181895/plib_tmr4.o
 .debug_abbrev  0x0000202a      0x183 build/default/production/_ext/60181895/plib_tmr2.o
 .debug_abbrev  0x000021ad       0xa1 build/default/production/_ext/60181895/plib_tmr3.o
 .debug_abbrev  0x0000224e      0x2a7 build/default/production/_ext/897820976/drv_at24.o
 .debug_abbrev  0x000024f5      0x1c4 build/default/production/_ext/1865638794/plib_tmr1.o
 .debug_abbrev  0x000026b9      0x123 build/default/production/_ext/1881668453/sys_int.o
 .debug_abbrev  0x000027dc       0xa6 build/default/production/_ext/14461671/sys_dma.o
 .debug_abbrev  0x00002882      0x1fb build/default/production/_ext/1360937237/app.o
 .debug_abbrev  0x00002a7d       0x57 build/default/production/_ext/1171490990/tasks.o
 .debug_abbrev  0x00002ad4       0x93 build/default/production/_ext/1360937237/main.o
 .debug_abbrev  0x00002b67      0x26c build/default/production/_ext/1171490990/initialization.o
 .debug_abbrev  0x00002dd3       0x57 build/default/production/_ext/1171490990/interrupts.o
 .debug_abbrev  0x00002e2a       0xa4 build/default/production/_ext/1171490990/exceptions.o
 .debug_abbrev  0x00002ece       0x66 build/default/production/_ext/163028504/xc32_monitor.o
 .debug_abbrev  0x00002f34       0x39 build/default/production/_ext/60165520/plib_clk.o
 .debug_abbrev  0x00002f6d       0xd7 build/default/production/_ext/1865254177/plib_gpio.o
 .debug_abbrev  0x00003044       0xef build/default/production/_ext/1865200349/plib_evic.o
 .debug_abbrev  0x00003133      0x1e3 build/default/production/_ext/60169480/plib_i2c4.o
 .debug_abbrev  0x00003316      0x4cf build/default/production/_ext/869808652/drv_usart.o
 .debug_abbrev  0x000037e5      0x1e3 build/default/production/_ext/60169480/plib_i2c5.o
 .debug_abbrev  0x000039c8      0x138 d:/programs/xc32/bin/bin/../../lib/gcc/pic32mx/4.8.3\libgcc.a(_udivdi3.o)
 .debug_abbrev  0x00003b00       0x62 d:/programs/xc32/bin/bin/../../lib/gcc/pic32mx/4.8.3\libgcc.a(floatunsisf.o)
 .debug_abbrev  0x00003b62       0x28 d:/programs/xc32/bin/bin/../../lib/gcc/pic32mx/4.8.3/../../../../pic32mx/lib\libpic32.a(default-bootstrap-exception-handler.o)
 .debug_abbrev  0x00003b8a       0x28 d:/programs/xc32/bin/bin/../../lib/gcc/pic32mx/4.8.3/../../../../pic32mx/lib\libpic32.a(default-on-reset.o)
 .debug_abbrev  0x00003bb2       0x28 d:/programs/xc32/bin/bin/../../lib/gcc/pic32mx/4.8.3/../../../../pic32mx/lib\libpic32.a(default-on-bootstrap.o)
 .debug_abbrev  0x00003bda       0x28 d:/programs/xc32/bin/bin/../../lib/gcc/pic32mx/4.8.3/../../../../pic32mx/lib\libpic32.a(defaultinterrupt.o)
 .debug_abbrev  0x00003c02       0x47 d:/programs/xc32/bin/bin/../../lib/gcc/pic32mx/4.8.3/../../../../pic32mx/lib\libc.a(malloc.o)
 .debug_abbrev  0x00003c49       0x28 d:/programs/xc32/bin/bin/../../lib/gcc/pic32mx/4.8.3/../../../../pic32mx/lib\libc.a(printf_cdnopsuxX.eo)
 .debug_abbrev  0x00003c71       0x28 d:/programs/xc32/bin/bin/../../lib/gcc/pic32mx/4.8.3/../../../../pic32mx/lib\libc.a(sprintf_fF.eo)
 .debug_abbrev  0x00003c99       0x28 d:/programs/xc32/bin/bin/../../lib/gcc/pic32mx/4.8.3/../../../../pic32mx/lib\libc.a(_fputc_simple.o)
 .debug_abbrev  0x00003cc1       0x28 d:/programs/xc32/bin/bin/../../lib/gcc/pic32mx/4.8.3/../../../../pic32mx/lib\libc.a(_flsbuf_simple.o)
 .debug_abbrev  0x00003ce9       0x45 d:/programs/xc32/bin/bin/../../lib/gcc/pic32mx/4.8.3/../../../../pic32mx/lib\libc.a(doprnt_cdfFnopsuxX.eo)
 .debug_abbrev  0x00003d2e       0x37 d:/programs/xc32/bin/bin/../../lib/gcc/pic32mx/4.8.3/../../../../pic32mx/lib\libe.a(_fixunsdfdi.o)
 .debug_abbrev  0x00003d65       0x28 d:/programs/xc32/bin/bin/../../lib/gcc/pic32mx/4.8.3/../../../../pic32mx/lib\libe.a(_orderdf2.o)
 .debug_abbrev  0x00003d8d       0x28 d:/programs/xc32/bin/bin/../../lib/gcc/pic32mx/4.8.3/../../../../pic32mx/lib\libe.a(_fixdfdi.o)
 .debug_abbrev  0x00003db5       0x64 d:/programs/xc32/bin/bin/../../lib/gcc/pic32mx/4.8.3\libgcc.a(_floatundidf.o)
 .debug_abbrev  0x00003e19      0x147 d:/programs/xc32/bin/bin/../../lib/gcc/pic32mx/4.8.3\libgcc.a(_umoddi3.o)
 .debug_abbrev  0x00003f60       0x62 d:/programs/xc32/bin/bin/../../lib/gcc/pic32mx/4.8.3\libgcc.a(floatunsidf.o)
 .debug_abbrev  0x00003fc2       0x54 d:/programs/xc32/bin/bin/../../lib/gcc/pic32mx/4.8.3/../../../../pic32mx/lib\libpic32.a(sbrk.o)
 .debug_abbrev  0x00004016       0x28 d:/programs/xc32/bin/bin/../../lib/gcc/pic32mx/4.8.3/../../../../pic32mx/lib\libpic32.a(write.o)

.debug_line     0x00000000     0x7097
 *(.debug_line)
 .debug_line    0x00000000      0x261 build/default/production/MPU6050.o
 .debug_line    0x00000261      0x280 build/default/production/BNO055.o
 .debug_line    0x000004e1      0x23c build/default/production/_ext/1360937237/i2c_personal.o
 .debug_line    0x0000071d      0x3e7 build/default/production/_ext/1360937237/interrupt_callbacks.o
 .debug_line    0x00000b04       0xc8 build/default/production/_ext/1360937237/state_estimation.o
 .debug_line    0x00000bcc       0xa2 build/default/production/_ext/1360937237/uart_bluetooth.o
 .debug_line    0x00000c6e      0x151 build/default/production/motors/motor.o
 .debug_line    0x00000dbf       0xf0 build/default/production/_ext/1360937237/transmitter.o
 .debug_line    0x00000eaf       0x1d build/default/production/_ext/1360937237/led.o
 .debug_line    0x00000ecc      0x1b5 build/default/production/_ext/1865301019/plib_icap4.o
 .debug_line    0x00001081      0x1b5 build/default/production/_ext/1865301019/plib_icap2.o
 .debug_line    0x00001236      0x1b5 build/default/production/_ext/1865301019/plib_icap3.o
 .debug_line    0x000013eb      0x1b5 build/default/production/_ext/1865301019/plib_icap1.o
 .debug_line    0x000015a0      0x186 build/default/production/_ext/1865480137/plib_ocmp1.o
 .debug_line    0x00001726      0x186 build/default/production/_ext/1865480137/plib_ocmp4.o
 .debug_line    0x000018ac      0x186 build/default/production/_ext/1865480137/plib_ocmp2.o
 .debug_line    0x00001a32      0x697 build/default/production/_ext/158385033/drv_i2c.o
 .debug_line    0x000020c9      0x186 build/default/production/_ext/1865480137/plib_ocmp3.o
 .debug_line    0x0000224f      0x780 build/default/production/_ext/101884895/sys_time.o
 .debug_line    0x000029cf      0x2e8 build/default/production/_ext/1865657120/plib_uart6.o
 .debug_line    0x00002cb7      0x1fe build/default/production/_ext/1249264884/plib_coretimer.o
 .debug_line    0x00002eb5      0x1f5 build/default/production/_ext/60181895/plib_tmr4.o
 .debug_line    0x000030aa      0x1f5 build/default/production/_ext/60181895/plib_tmr2.o
 .debug_line    0x0000329f      0x196 build/default/production/_ext/60181895/plib_tmr3.o
 .debug_line    0x00003435      0x3db build/default/production/_ext/897820976/drv_at24.o
 .debug_line    0x00003810      0x1fb build/default/production/_ext/1865638794/plib_tmr1.o
 .debug_line    0x00003a0b      0x17e build/default/production/_ext/1881668453/sys_int.o
 .debug_line    0x00003b89       0xe7 build/default/production/_ext/14461671/sys_dma.o
 .debug_line    0x00003c70      0x7c8 build/default/production/_ext/1360937237/app.o
 .debug_line    0x00004438       0xc4 build/default/production/_ext/1171490990/tasks.o
 .debug_line    0x000044fc       0xc8 build/default/production/_ext/1360937237/main.o
 .debug_line    0x000045c4      0xa39 build/default/production/_ext/1171490990/initialization.o
 .debug_line    0x00004ffd      0x17c build/default/production/_ext/1171490990/interrupts.o
 .debug_line    0x00005179       0xb5 build/default/production/_ext/1171490990/exceptions.o
 .debug_line    0x0000522e       0x9b build/default/production/_ext/163028504/xc32_monitor.o
 .debug_line    0x000052c9       0x91 build/default/production/_ext/60165520/plib_clk.o
 .debug_line    0x0000535a      0x1cb build/default/production/_ext/1865254177/plib_gpio.o
 .debug_line    0x00005525      0x1ba build/default/production/_ext/1865200349/plib_evic.o
 .debug_line    0x000056df      0x2f5 build/default/production/_ext/60169480/plib_i2c4.o
 .debug_line    0x000059d4      0x805 build/default/production/_ext/869808652/drv_usart.o
 .debug_line    0x000061d9      0x2f6 build/default/production/_ext/60169480/plib_i2c5.o
 .debug_line    0x000064cf       0xf7 d:/programs/xc32/bin/bin/../../lib/gcc/pic32mx/4.8.3\libgcc.a(_udivdi3.o)
 .debug_line    0x000065c6       0x94 d:/programs/xc32/bin/bin/../../lib/gcc/pic32mx/4.8.3\libgcc.a(floatunsisf.o)
 .debug_line    0x0000665a       0xa6 d:/programs/xc32/bin/bin/../../lib/gcc/pic32mx/4.8.3/../../../../pic32mx/lib\libpic32.a(default-bootstrap-exception-handler.o)
 .debug_line    0x00006700       0x93 d:/programs/xc32/bin/bin/../../lib/gcc/pic32mx/4.8.3/../../../../pic32mx/lib\libpic32.a(default-on-reset.o)
 .debug_line    0x00006793       0x97 d:/programs/xc32/bin/bin/../../lib/gcc/pic32mx/4.8.3/../../../../pic32mx/lib\libpic32.a(default-on-bootstrap.o)
 .debug_line    0x0000682a       0xa5 d:/programs/xc32/bin/bin/../../lib/gcc/pic32mx/4.8.3/../../../../pic32mx/lib\libpic32.a(defaultinterrupt.o)
 .debug_line    0x000068cf       0x7e d:/programs/xc32/bin/bin/../../lib/gcc/pic32mx/4.8.3/../../../../pic32mx/lib\libc.a(malloc.o)
 .debug_line    0x0000694d       0x7e d:/programs/xc32/bin/bin/../../lib/gcc/pic32mx/4.8.3/../../../../pic32mx/lib\libc.a(printf_cdnopsuxX.eo)
 .debug_line    0x000069cb       0x7f d:/programs/xc32/bin/bin/../../lib/gcc/pic32mx/4.8.3/../../../../pic32mx/lib\libc.a(sprintf_fF.eo)
 .debug_line    0x00006a4a        0x0 d:/programs/xc32/bin/bin/../../lib/gcc/pic32mx/4.8.3/../../../../pic32mx/lib\libc.a(_iob.o)
 .debug_line    0x00006a4a       0x7d d:/programs/xc32/bin/bin/../../lib/gcc/pic32mx/4.8.3/../../../../pic32mx/lib\libc.a(_fputc_simple.o)
 .debug_line    0x00006ac7        0x0 d:/programs/xc32/bin/bin/../../lib/gcc/pic32mx/4.8.3/../../../../pic32mx/lib\libc.a(ctype.o)
 .debug_line    0x00006ac7        0x0 d:/programs/xc32/bin/bin/../../lib/gcc/pic32mx/4.8.3/../../../../pic32mx/lib\libc.a(ldpowers.o)
 .debug_line    0x00006ac7       0x7e d:/programs/xc32/bin/bin/../../lib/gcc/pic32mx/4.8.3/../../../../pic32mx/lib\libc.a(_flsbuf_simple.o)
 .debug_line    0x00006b45       0x7e d:/programs/xc32/bin/bin/../../lib/gcc/pic32mx/4.8.3/../../../../pic32mx/lib\libc.a(doprnt_cdfFnopsuxX.eo)
 .debug_line    0x00006bc3       0x82 d:/programs/xc32/bin/bin/../../lib/gcc/pic32mx/4.8.3/../../../../pic32mx/lib\libe.a(_fixunsdfdi.o)
 .debug_line    0x00006c45       0x81 d:/programs/xc32/bin/bin/../../lib/gcc/pic32mx/4.8.3/../../../../pic32mx/lib\libe.a(_orderdf2.o)
 .debug_line    0x00006cc6       0x81 d:/programs/xc32/bin/bin/../../lib/gcc/pic32mx/4.8.3/../../../../pic32mx/lib\libe.a(_fixdfdi.o)
 .debug_line    0x00006d47       0xa5 d:/programs/xc32/bin/bin/../../lib/gcc/pic32mx/4.8.3\libgcc.a(_floatundidf.o)
 .debug_line    0x00006dec      0x109 d:/programs/xc32/bin/bin/../../lib/gcc/pic32mx/4.8.3\libgcc.a(_umoddi3.o)
 .debug_line    0x00006ef5       0x93 d:/programs/xc32/bin/bin/../../lib/gcc/pic32mx/4.8.3\libgcc.a(floatunsidf.o)
 .debug_line    0x00006f88       0x87 d:/programs/xc32/bin/bin/../../lib/gcc/pic32mx/4.8.3/../../../../pic32mx/lib\libpic32.a(sbrk.o)
 .debug_line    0x0000700f       0x88 d:/programs/xc32/bin/bin/../../lib/gcc/pic32mx/4.8.3/../../../../pic32mx/lib\libpic32.a(write.o)
 .debug_line    0x00007097        0x0 d:/programs/xc32/bin/bin/../../lib/gcc/pic32mx/4.8.3/../../../../pic32mx/lib\libpic32.a(errno.o)

.debug_frame    0x00000000     0x236c
 *(.debug_frame)
 .debug_frame   0x00000000       0x50 build/default/production/MPU6050.o
 .debug_frame   0x00000050       0x70 build/default/production/BNO055.o
 .debug_frame   0x000000c0       0x80 build/default/production/_ext/1360937237/i2c_personal.o
 .debug_frame   0x00000140       0xc0 build/default/production/_ext/1360937237/interrupt_callbacks.o
 .debug_frame   0x00000200       0x60 build/default/production/_ext/1360937237/state_estimation.o
 .debug_frame   0x00000260       0x30 build/default/production/_ext/1360937237/uart_bluetooth.o
 .debug_frame   0x00000290       0x30 build/default/production/motors/motor.o
 .debug_frame   0x000002c0       0x40 build/default/production/_ext/1360937237/transmitter.o
 .debug_frame   0x00000300       0x8c build/default/production/_ext/1865301019/plib_icap4.o
 .debug_frame   0x0000038c       0x8c build/default/production/_ext/1865301019/plib_icap2.o
 .debug_frame   0x00000418       0x8c build/default/production/_ext/1865301019/plib_icap3.o
 .debug_frame   0x000004a4       0x8c build/default/production/_ext/1865301019/plib_icap1.o
 .debug_frame   0x00000530       0x70 build/default/production/_ext/1865480137/plib_ocmp1.o
 .debug_frame   0x000005a0       0x70 build/default/production/_ext/1865480137/plib_ocmp4.o
 .debug_frame   0x00000610       0x70 build/default/production/_ext/1865480137/plib_ocmp2.o
 .debug_frame   0x00000680      0x204 build/default/production/_ext/158385033/drv_i2c.o
 .debug_frame   0x00000884       0x70 build/default/production/_ext/1865480137/plib_ocmp3.o
 .debug_frame   0x000008f4      0x3e4 build/default/production/_ext/101884895/sys_time.o
 .debug_frame   0x00000cd8       0xec build/default/production/_ext/1865657120/plib_uart6.o
 .debug_frame   0x00000dc4      0x110 build/default/production/_ext/1249264884/plib_coretimer.o
 .debug_frame   0x00000ed4       0xcc build/default/production/_ext/60181895/plib_tmr4.o
 .debug_frame   0x00000fa0       0xcc build/default/production/_ext/60181895/plib_tmr2.o
 .debug_frame   0x0000106c       0x80 build/default/production/_ext/60181895/plib_tmr3.o
 .debug_frame   0x000010ec      0x148 build/default/production/_ext/897820976/drv_at24.o
 .debug_frame   0x00001234       0xcc build/default/production/_ext/1865638794/plib_tmr1.o
 .debug_frame   0x00001300       0xa0 build/default/production/_ext/1881668453/sys_int.o
 .debug_frame   0x000013a0       0x40 build/default/production/_ext/14461671/sys_dma.o
 .debug_frame   0x000013e0       0x7c build/default/production/_ext/1360937237/app.o
 .debug_frame   0x0000145c       0x2c build/default/production/_ext/1171490990/tasks.o
 .debug_frame   0x00001488       0x28 build/default/production/_ext/1360937237/main.o
 .debug_frame   0x000014b0       0x30 build/default/production/_ext/1171490990/initialization.o
 .debug_frame   0x000014e0      0x3d8 build/default/production/_ext/1171490990/interrupts.o
 .debug_frame   0x000018b8       0x28 build/default/production/_ext/1171490990/exceptions.o
 .debug_frame   0x000018e0       0x30 build/default/production/_ext/163028504/xc32_monitor.o
 .debug_frame   0x00001910       0x20 build/default/production/_ext/60165520/plib_clk.o
 .debug_frame   0x00001930       0xa0 build/default/production/_ext/1865254177/plib_gpio.o
 .debug_frame   0x000019d0       0x80 build/default/production/_ext/1865200349/plib_evic.o
 .debug_frame   0x00001a50       0xe0 build/default/production/_ext/60169480/plib_i2c4.o
 .debug_frame   0x00001b30      0x30c build/default/production/_ext/869808652/drv_usart.o
 .debug_frame   0x00001e3c       0xe0 build/default/production/_ext/60169480/plib_i2c5.o
 .debug_frame   0x00001f1c       0x20 d:/programs/xc32/bin/bin/../../lib/gcc/pic32mx/4.8.3\libgcc.a(_udivdi3.o)
 .debug_frame   0x00001f3c       0x30 d:/programs/xc32/bin/bin/../../lib/gcc/pic32mx/4.8.3\libgcc.a(floatunsisf.o)
 .debug_frame   0x00001f6c       0x2c d:/programs/xc32/bin/bin/../../lib/gcc/pic32mx/4.8.3/../../../../pic32mx/lib\libpic32.a(default-bootstrap-exception-handler.o)
 .debug_frame   0x00001f98       0x20 d:/programs/xc32/bin/bin/../../lib/gcc/pic32mx/4.8.3/../../../../pic32mx/lib\libpic32.a(default-on-reset.o)
 .debug_frame   0x00001fb8       0x20 d:/programs/xc32/bin/bin/../../lib/gcc/pic32mx/4.8.3/../../../../pic32mx/lib\libpic32.a(default-on-bootstrap.o)
 .debug_frame   0x00001fd8       0x20 d:/programs/xc32/bin/bin/../../lib/gcc/pic32mx/4.8.3/../../../../pic32mx/lib\libpic32.a(defaultinterrupt.o)
 .debug_frame   0x00001ff8       0x7c d:/programs/xc32/bin/bin/../../lib/gcc/pic32mx/4.8.3/../../../../pic32mx/lib\libc.a(malloc.o)
 .debug_frame   0x00002074       0x2c d:/programs/xc32/bin/bin/../../lib/gcc/pic32mx/4.8.3/../../../../pic32mx/lib\libc.a(printf_cdnopsuxX.eo)
 .debug_frame   0x000020a0       0x2c d:/programs/xc32/bin/bin/../../lib/gcc/pic32mx/4.8.3/../../../../pic32mx/lib\libc.a(sprintf_fF.eo)
 .debug_frame   0x000020cc       0x30 d:/programs/xc32/bin/bin/../../lib/gcc/pic32mx/4.8.3/../../../../pic32mx/lib\libc.a(_fputc_simple.o)
 .debug_frame   0x000020fc       0x38 d:/programs/xc32/bin/bin/../../lib/gcc/pic32mx/4.8.3/../../../../pic32mx/lib\libc.a(_flsbuf_simple.o)
 .debug_frame   0x00002134       0x70 d:/programs/xc32/bin/bin/../../lib/gcc/pic32mx/4.8.3/../../../../pic32mx/lib\libc.a(doprnt_cdfFnopsuxX.eo)
 .debug_frame   0x000021a4       0x34 d:/programs/xc32/bin/bin/../../lib/gcc/pic32mx/4.8.3/../../../../pic32mx/lib\libe.a(_fixunsdfdi.o)
 .debug_frame   0x000021d8       0x20 d:/programs/xc32/bin/bin/../../lib/gcc/pic32mx/4.8.3/../../../../pic32mx/lib\libe.a(_orderdf2.o)
 .debug_frame   0x000021f8       0x20 d:/programs/xc32/bin/bin/../../lib/gcc/pic32mx/4.8.3/../../../../pic32mx/lib\libe.a(_fixdfdi.o)
 .debug_frame   0x00002218       0x2c d:/programs/xc32/bin/bin/../../lib/gcc/pic32mx/4.8.3\libgcc.a(_floatundidf.o)
 .debug_frame   0x00002244       0x20 d:/programs/xc32/bin/bin/../../lib/gcc/pic32mx/4.8.3\libgcc.a(_umoddi3.o)
 .debug_frame   0x00002264       0x2c d:/programs/xc32/bin/bin/../../lib/gcc/pic32mx/4.8.3\libgcc.a(floatunsidf.o)
 .debug_frame   0x00002290       0xa4 d:/programs/xc32/bin/bin/../../lib/gcc/pic32mx/4.8.3/../../../../pic32mx/lib\libpic32.a(sbrk.o)
 .debug_frame   0x00002334       0x38 d:/programs/xc32/bin/bin/../../lib/gcc/pic32mx/4.8.3/../../../../pic32mx/lib\libpic32.a(write.o)

.debug_str      0x00000000      0x6e9
 *(.debug_str)
 .debug_str     0x00000000       0x19 build/default/production/MPU6050.o
 .debug_str     0x00000019       0x19 build/default/production/BNO055.o
 .debug_str     0x00000032       0x25 build/default/production/_ext/1360937237/i2c_personal.o
 .debug_str     0x00000057       0x2c build/default/production/_ext/1360937237/interrupt_callbacks.o
 .debug_str     0x00000083        0x9 build/default/production/_ext/1360937237/state_estimation.o
 .debug_str     0x0000008c        0x0 build/default/production/_ext/1360937237/uart_bluetooth.o
 .debug_str     0x0000008c       0x14 build/default/production/motors/motor.o
 .debug_str     0x000000a0       0x15 build/default/production/_ext/1360937237/transmitter.o
 .debug_str     0x000000b5        0x0 build/default/production/_ext/1360937237/led.o
 .debug_str     0x000000b5        0x9 build/default/production/_ext/1865301019/plib_icap4.o
 .debug_str     0x000000be        0x9 build/default/production/_ext/1865301019/plib_icap2.o
 .debug_str     0x000000c7        0x9 build/default/production/_ext/1865301019/plib_icap3.o
 .debug_str     0x000000d0        0x9 build/default/production/_ext/1865301019/plib_icap1.o
 .debug_str     0x000000d9        0x0 build/default/production/_ext/1865480137/plib_ocmp1.o
 .debug_str     0x000000d9        0x0 build/default/production/_ext/1865480137/plib_ocmp4.o
 .debug_str     0x000000d9        0x0 build/default/production/_ext/1865480137/plib_ocmp2.o
 .debug_str     0x000000d9      0x15a build/default/production/_ext/158385033/drv_i2c.o
 .debug_str     0x00000233        0x0 build/default/production/_ext/1865480137/plib_ocmp3.o
 .debug_str     0x00000233      0x10a build/default/production/_ext/101884895/sys_time.o
 .debug_str     0x0000033d       0x10 build/default/production/_ext/1865657120/plib_uart6.o
 .debug_str     0x0000034d       0x1d build/default/production/_ext/1249264884/plib_coretimer.o
 .debug_str     0x0000036a        0xc build/default/production/_ext/60181895/plib_tmr4.o
 .debug_str     0x00000376        0xc build/default/production/_ext/60181895/plib_tmr2.o
 .debug_str     0x00000382        0x0 build/default/production/_ext/60181895/plib_tmr3.o
 .debug_str     0x00000382       0x9e build/default/production/_ext/897820976/drv_at24.o
 .debug_str     0x00000420        0xc build/default/production/_ext/1865638794/plib_tmr1.o
 .debug_str     0x0000042c        0x0 build/default/production/_ext/1881668453/sys_int.o
 .debug_str     0x0000042c        0x8 build/default/production/_ext/14461671/sys_dma.o
 .debug_str     0x00000434       0x24 build/default/production/_ext/1360937237/app.o
 .debug_str     0x00000458        0x0 build/default/production/_ext/1171490990/tasks.o
 .debug_str     0x00000458        0x0 build/default/production/_ext/1360937237/main.o
 .debug_str     0x00000458       0xe5 build/default/production/_ext/1171490990/initialization.o
 .debug_str     0x0000053d        0x0 build/default/production/_ext/1171490990/interrupts.o
 .debug_str     0x0000053d        0x0 build/default/production/_ext/1171490990/exceptions.o
 .debug_str     0x0000053d        0x0 build/default/production/_ext/163028504/xc32_monitor.o
 .debug_str     0x0000053d        0x0 build/default/production/_ext/60165520/plib_clk.o
 .debug_str     0x0000053d        0xa build/default/production/_ext/1865254177/plib_gpio.o
 .debug_str     0x00000547        0x7 build/default/production/_ext/1865200349/plib_evic.o
 .debug_str     0x0000054e       0x19 build/default/production/_ext/60169480/plib_i2c4.o
 .debug_str     0x00000567      0x169 build/default/production/_ext/869808652/drv_usart.o
 .debug_str     0x000006d0       0x19 build/default/production/_ext/60169480/plib_i2c5.o
 .debug_str     0x000006e9        0x0 d:/programs/xc32/bin/bin/../../lib/gcc/pic32mx/4.8.3\libgcc.a(_udivdi3.o)
 .debug_str     0x000006e9        0x0 d:/programs/xc32/bin/bin/../../lib/gcc/pic32mx/4.8.3\libgcc.a(floatunsisf.o)
 .debug_str     0x000006e9        0x0 d:/programs/xc32/bin/bin/../../lib/gcc/pic32mx/4.8.3/../../../../pic32mx/lib\libpic32.a(default-bootstrap-exception-handler.o)
 .debug_str     0x000006e9        0x0 d:/programs/xc32/bin/bin/../../lib/gcc/pic32mx/4.8.3/../../../../pic32mx/lib\libpic32.a(default-on-reset.o)
 .debug_str     0x000006e9        0x0 d:/programs/xc32/bin/bin/../../lib/gcc/pic32mx/4.8.3/../../../../pic32mx/lib\libpic32.a(default-on-bootstrap.o)
 .debug_str     0x000006e9        0x0 d:/programs/xc32/bin/bin/../../lib/gcc/pic32mx/4.8.3/../../../../pic32mx/lib\libpic32.a(defaultinterrupt.o)
 .debug_str     0x000006e9        0x0 d:/programs/xc32/bin/bin/../../lib/gcc/pic32mx/4.8.3/../../../../pic32mx/lib\libc.a(malloc.o)
 .debug_str     0x000006e9        0x0 d:/programs/xc32/bin/bin/../../lib/gcc/pic32mx/4.8.3/../../../../pic32mx/lib\libc.a(printf_cdnopsuxX.eo)
 .debug_str     0x000006e9        0x0 d:/programs/xc32/bin/bin/../../lib/gcc/pic32mx/4.8.3/../../../../pic32mx/lib\libc.a(sprintf_fF.eo)
 .debug_str     0x000006e9        0x0 d:/programs/xc32/bin/bin/../../lib/gcc/pic32mx/4.8.3/../../../../pic32mx/lib\libc.a(_iob.o)
 .debug_str     0x000006e9        0x0 d:/programs/xc32/bin/bin/../../lib/gcc/pic32mx/4.8.3/../../../../pic32mx/lib\libc.a(_fputc_simple.o)
 .debug_str     0x000006e9        0x0 d:/programs/xc32/bin/bin/../../lib/gcc/pic32mx/4.8.3/../../../../pic32mx/lib\libc.a(ctype.o)
 .debug_str     0x000006e9        0x0 d:/programs/xc32/bin/bin/../../lib/gcc/pic32mx/4.8.3/../../../../pic32mx/lib\libc.a(ldpowers.o)
 .debug_str     0x000006e9        0x0 d:/programs/xc32/bin/bin/../../lib/gcc/pic32mx/4.8.3/../../../../pic32mx/lib\libc.a(_flsbuf_simple.o)
 .debug_str     0x000006e9        0x0 d:/programs/xc32/bin/bin/../../lib/gcc/pic32mx/4.8.3/../../../../pic32mx/lib\libc.a(doprnt_cdfFnopsuxX.eo)
 .debug_str     0x000006e9        0x0 d:/programs/xc32/bin/bin/../../lib/gcc/pic32mx/4.8.3/../../../../pic32mx/lib\libe.a(_fixunsdfdi.o)
 .debug_str     0x000006e9        0x0 d:/programs/xc32/bin/bin/../../lib/gcc/pic32mx/4.8.3/../../../../pic32mx/lib\libe.a(_orderdf2.o)
 .debug_str     0x000006e9        0x0 d:/programs/xc32/bin/bin/../../lib/gcc/pic32mx/4.8.3/../../../../pic32mx/lib\libe.a(_fixdfdi.o)
 .debug_str     0x000006e9        0x0 d:/programs/xc32/bin/bin/../../lib/gcc/pic32mx/4.8.3\libgcc.a(_floatundidf.o)
 .debug_str     0x000006e9        0x0 d:/programs/xc32/bin/bin/../../lib/gcc/pic32mx/4.8.3\libgcc.a(_umoddi3.o)